[1.224s] Invoking command in '/home/praful_pawar/arduinobot_ws/src/arduino_py_examples': PYTHONPATH=/home/praful_pawar/arduinobot_ws/build/arduino_py_examples/prefix_override:/usr/lib/python3/dist-packages/colcon_core/task/python/colcon_distutils_commands:/home/praful_pawar/arduinobot_ws/install/arduino_py_examples/lib/python3.12/site-packages:${PYTHONPATH} /usr/bin/python3 -W ignore:setup.py install is deprecated -W ignore:easy_install command is deprecated setup.py egg_info --egg-base ../../build/arduino_py_examples build --build-base /home/praful_pawar/arduinobot_ws/build/arduino_py_examples/build install --record /home/praful_pawar/arduinobot_ws/build/arduino_py_examples/install.log --single-version-externally-managed install_data
[1.559s] running egg_info
[1.581s] writing ../../build/arduino_py_examples/arduino_py_examples.egg-info/PKG-INFO
[1.582s] writing dependency_links to ../../build/arduino_py_examples/arduino_py_examples.egg-info/dependency_links.txt
[1.582s] writing entry points to ../../build/arduino_py_examples/arduino_py_examples.egg-info/entry_points.txt
[1.582s] writing requirements to ../../build/arduino_py_examples/arduino_py_examples.egg-info/requires.txt
[1.582s] writing top-level names to ../../build/arduino_py_examples/arduino_py_examples.egg-info/top_level.txt
[1.631s] reading manifest file '../../build/arduino_py_examples/arduino_py_examples.egg-info/SOURCES.txt'
[1.631s] writing manifest file '../../build/arduino_py_examples/arduino_py_examples.egg-info/SOURCES.txt'
[1.632s] running build
[1.633s] running build_py
[1.633s] running install
[1.642s] running install_lib
[1.673s] running install_data
[1.673s] running install_egg_info
[1.696s] removing '/home/praful_pawar/arduinobot_ws/install/arduino_py_examples/lib/python3.12/site-packages/arduino_py_examples-0.0.0-py3.12.egg-info' (and everything under it)
[1.696s] Copying ../../build/arduino_py_examples/arduino_py_examples.egg-info to /home/praful_pawar/arduinobot_ws/install/arduino_py_examples/lib/python3.12/site-packages/arduino_py_examples-0.0.0-py3.12.egg-info
[1.697s] running install_scripts
[1.845s] Installing simple_parameter script to /home/praful_pawar/arduinobot_ws/install/arduino_py_examples/lib/arduino_py_examples
[1.845s] Installing simple_publisher script to /home/praful_pawar/arduinobot_ws/install/arduino_py_examples/lib/arduino_py_examples
[1.845s] Installing simple_subscriber script to /home/praful_pawar/arduinobot_ws/install/arduino_py_examples/lib/arduino_py_examples
[1.846s] writing list of installed files to '/home/praful_pawar/arduinobot_ws/build/arduino_py_examples/install.log'
[1.887s] Invoked command in '/home/praful_pawar/arduinobot_ws/src/arduino_py_examples' returned '0': PYTHONPATH=/home/praful_pawar/arduinobot_ws/build/arduino_py_examples/prefix_override:/usr/lib/python3/dist-packages/colcon_core/task/python/colcon_distutils_commands:/home/praful_pawar/arduinobot_ws/install/arduino_py_examples/lib/python3.12/site-packages:${PYTHONPATH} /usr/bin/python3 -W ignore:setup.py install is deprecated -W ignore:easy_install command is deprecated setup.py egg_info --egg-base ../../build/arduino_py_examples build --build-base /home/praful_pawar/arduinobot_ws/build/arduino_py_examples/build install --record /home/praful_pawar/arduinobot_ws/build/arduino_py_examples/install.log --single-version-externally-managed install_data
