[0.555s] Invoking command in '/home/praful_pawar/arduinobot_ws/build/arduinobot_description': CMAKE_PREFIX_PATH=${CMAKE_PREFIX_PATH}:/home/praful_pawar/arduinobot_ws/install/arduino_py_examples:/opt/ros/jazzy /usr/bin/cmake --build /home/praful_pawar/arduinobot_ws/build/arduinobot_description -- -j8 -l8
[0.634s] Invoked command in '/home/praful_pawar/arduinobot_ws/build/arduinobot_description' returned '0': CMAKE_PREFIX_PATH=${CMAKE_PREFIX_PATH}:/home/praful_pawar/arduinobot_ws/install/arduino_py_examples:/opt/ros/jazzy /usr/bin/cmake --build /home/praful_pawar/arduinobot_ws/build/arduinobot_description -- -j8 -l8
[0.656s] Invoking command in '/home/praful_pawar/arduinobot_ws/build/arduinobot_description': CMAKE_PREFIX_PATH=${CMAKE_PREFIX_PATH}:/home/praful_pawar/arduinobot_ws/install/arduino_py_examples:/opt/ros/jazzy /usr/bin/cmake --install /home/praful_pawar/arduinobot_ws/build/arduinobot_description
[0.672s] -- Install configuration: ""
[0.672s] -- Up-to-date: /home/praful_pawar/arduinobot_ws/install/arduinobot_description/share/arduinobot_description/meshes
[0.673s] -- Up-to-date: /home/praful_pawar/arduinobot_ws/install/arduinobot_description/share/arduinobot_description/meshes/plate.STL
[0.673s] -- Up-to-date: /home/praful_pawar/arduinobot_ws/install/arduinobot_description/share/arduinobot_description/meshes/basse_link.STL
[0.674s] -- Up-to-date: /home/praful_pawar/arduinobot_ws/install/arduinobot_description/share/arduinobot_description/meshes/basse_link.STL:Zone.Identifier
[0.674s] -- Up-to-date: /home/praful_pawar/arduinobot_ws/install/arduinobot_description/share/arduinobot_description/meshes/basement.STL
[0.677s] -- Up-to-date: /home/praful_pawar/arduinobot_ws/install/arduinobot_description/share/arduinobot_description/meshes/forward_drive_arm.STL
[0.677s] -- Up-to-date: /home/praful_pawar/arduinobot_ws/install/arduinobot_description/share/arduinobot_description/meshes/links.STL:Zone.Identifier
[0.677s] -- Up-to-date: /home/praful_pawar/arduinobot_ws/install/arduinobot_description/share/arduinobot_description/meshes/link.STL
[0.678s] -- Up-to-date: /home/praful_pawar/arduinobot_ws/install/arduinobot_description/share/arduinobot_description/meshes/left_finger.STL
[0.678s] -- Up-to-date: /home/praful_pawar/arduinobot_ws/install/arduinobot_description/share/arduinobot_description/meshes/claw_support.STL
[0.678s] -- Up-to-date: /home/praful_pawar/arduinobot_ws/install/arduinobot_description/share/arduinobot_description/meshes/base.STL
[0.678s] -- Up-to-date: /home/praful_pawar/arduinobot_ws/install/arduinobot_description/share/arduinobot_description/meshes/vertical_drive_arm.STL
[0.679s] -- Up-to-date: /home/praful_pawar/arduinobot_ws/install/arduinobot_description/share/arduinobot_description/meshes/servo_plate.STL
[0.679s] -- Up-to-date: /home/praful_pawar/arduinobot_ws/install/arduinobot_description/share/arduinobot_description/meshes/round_plate.STL
[0.680s] -- Up-to-date: /home/praful_pawar/arduinobot_ws/install/arduinobot_description/share/arduinobot_description/meshes/base_plate.STL
[0.682s] -- Up-to-date: /home/praful_pawar/arduinobot_ws/install/arduinobot_description/share/arduinobot_description/meshes/links.STL
[0.682s] -- Up-to-date: /home/praful_pawar/arduinobot_ws/install/arduinobot_description/share/arduinobot_description/meshes/triangular_link.STL
[0.683s] -- Up-to-date: /home/praful_pawar/arduinobot_ws/install/arduinobot_description/share/arduinobot_description/meshes/right_finger.STL
[0.689s] -- Up-to-date: /home/praful_pawar/arduinobot_ws/install/arduinobot_description/share/arduinobot_description/meshes/horizontal_arm.STL
[0.691s] -- Up-to-date: /home/praful_pawar/arduinobot_ws/install/arduinobot_description/share/arduinobot_description/urdf
[0.691s] -- Up-to-date: /home/praful_pawar/arduinobot_ws/install/arduinobot_description/share/arduinobot_description/urdf/arduinobot.urdf.xacro
[0.692s] -- Up-to-date: /home/praful_pawar/arduinobot_ws/install/arduinobot_description/share/ament_index/resource_index/package_run_dependencies/arduinobot_description
[0.692s] -- Up-to-date: /home/praful_pawar/arduinobot_ws/install/arduinobot_description/share/ament_index/resource_index/parent_prefix_path/arduinobot_description
[0.693s] -- Up-to-date: /home/praful_pawar/arduinobot_ws/install/arduinobot_description/share/arduinobot_description/environment/ament_prefix_path.sh
[0.694s] -- Up-to-date: /home/praful_pawar/arduinobot_ws/install/arduinobot_description/share/arduinobot_description/environment/ament_prefix_path.dsv
[0.694s] -- Up-to-date: /home/praful_pawar/arduinobot_ws/install/arduinobot_description/share/arduinobot_description/environment/path.sh
[0.694s] -- Up-to-date: /home/praful_pawar/arduinobot_ws/install/arduinobot_description/share/arduinobot_description/environment/path.dsv
[0.695s] -- Up-to-date: /home/praful_pawar/arduinobot_ws/install/arduinobot_description/share/arduinobot_description/local_setup.bash
[0.695s] -- Up-to-date: /home/praful_pawar/arduinobot_ws/install/arduinobot_description/share/arduinobot_description/local_setup.sh
[0.695s] -- Up-to-date: /home/praful_pawar/arduinobot_ws/install/arduinobot_description/share/arduinobot_description/local_setup.zsh
[0.695s] -- Up-to-date: /home/praful_pawar/arduinobot_ws/install/arduinobot_description/share/arduinobot_description/local_setup.dsv
[0.696s] -- Installing: /home/praful_pawar/arduinobot_ws/install/arduinobot_description/share/arduinobot_description/package.dsv
[0.696s] -- Up-to-date: /home/praful_pawar/arduinobot_ws/install/arduinobot_description/share/ament_index/resource_index/packages/arduinobot_description
[0.696s] -- Up-to-date: /home/praful_pawar/arduinobot_ws/install/arduinobot_description/share/arduinobot_description/cmake/arduinobot_descriptionConfig.cmake
[0.696s] -- Up-to-date: /home/praful_pawar/arduinobot_ws/install/arduinobot_description/share/arduinobot_description/cmake/arduinobot_descriptionConfig-version.cmake
[0.696s] -- Up-to-date: /home/praful_pawar/arduinobot_ws/install/arduinobot_description/share/arduinobot_description/package.xml
[0.697s] Invoked command in '/home/praful_pawar/arduinobot_ws/build/arduinobot_description' returned '0': CMAKE_PREFIX_PATH=${CMAKE_PREFIX_PATH}:/home/praful_pawar/arduinobot_ws/install/arduino_py_examples:/opt/ros/jazzy /usr/bin/cmake --install /home/praful_pawar/arduinobot_ws/build/arduinobot_description
