[2.383s] Invoking command in '/home/praful_pawar/arduinobot_ws/src/arduino_py_examples': PYTHONPATH=/home/praful_pawar/arduinobot_ws/build/arduino_py_examples/prefix_override:/usr/lib/python3/dist-packages/colcon_core/task/python/colcon_distutils_commands:/home/praful_pawar/arduinobot_ws/install/arduino_py_examples/lib/python3.12/site-packages:${PYTHONPATH} /usr/bin/python3 -W ignore:setup.py install is deprecated -W ignore:easy_install command is deprecated setup.py egg_info --egg-base ../../build/arduino_py_examples build --build-base /home/praful_pawar/arduinobot_ws/build/arduino_py_examples/build install --record /home/praful_pawar/arduinobot_ws/build/arduino_py_examples/install.log --single-version-externally-managed install_data
[2.979s] running egg_info
[3.044s] writing ../../build/arduino_py_examples/arduino_py_examples.egg-info/PKG-INFO
[3.045s] writing dependency_links to ../../build/arduino_py_examples/arduino_py_examples.egg-info/dependency_links.txt
[3.046s] writing entry points to ../../build/arduino_py_examples/arduino_py_examples.egg-info/entry_points.txt
[3.047s] writing requirements to ../../build/arduino_py_examples/arduino_py_examples.egg-info/requires.txt
[3.047s] writing top-level names to ../../build/arduino_py_examples/arduino_py_examples.egg-info/top_level.txt
[3.154s] reading manifest file '../../build/arduino_py_examples/arduino_py_examples.egg-info/SOURCES.txt'
[3.157s] writing manifest file '../../build/arduino_py_examples/arduino_py_examples.egg-info/SOURCES.txt'
[3.158s] running build
[3.158s] running build_py
[3.160s] running install
[3.174s] running install_lib
[3.226s] running install_data
[3.226s] running install_egg_info
[3.276s] removing '/home/praful_pawar/arduinobot_ws/install/arduino_py_examples/lib/python3.12/site-packages/arduino_py_examples-0.0.0-py3.12.egg-info' (and everything under it)
[3.278s] Copying ../../build/arduino_py_examples/arduino_py_examples.egg-info to /home/praful_pawar/arduinobot_ws/install/arduino_py_examples/lib/python3.12/site-packages/arduino_py_examples-0.0.0-py3.12.egg-info
[3.282s] running install_scripts
[3.636s] Installing simple_parameter script to /home/praful_pawar/arduinobot_ws/install/arduino_py_examples/lib/arduino_py_examples
[3.637s] Installing simple_publisher script to /home/praful_pawar/arduinobot_ws/install/arduino_py_examples/lib/arduino_py_examples
[3.637s] Installing simple_subscriber script to /home/praful_pawar/arduinobot_ws/install/arduino_py_examples/lib/arduino_py_examples
[3.638s] writing list of installed files to '/home/praful_pawar/arduinobot_ws/build/arduino_py_examples/install.log'
[3.713s] Invoked command in '/home/praful_pawar/arduinobot_ws/src/arduino_py_examples' returned '0': PYTHONPATH=/home/praful_pawar/arduinobot_ws/build/arduino_py_examples/prefix_override:/usr/lib/python3/dist-packages/colcon_core/task/python/colcon_distutils_commands:/home/praful_pawar/arduinobot_ws/install/arduino_py_examples/lib/python3.12/site-packages:${PYTHONPATH} /usr/bin/python3 -W ignore:setup.py install is deprecated -W ignore:easy_install command is deprecated setup.py egg_info --egg-base ../../build/arduino_py_examples build --build-base /home/praful_pawar/arduinobot_ws/build/arduino_py_examples/build install --record /home/praful_pawar/arduinobot_ws/build/arduino_py_examples/install.log --single-version-externally-managed install_data
