[0.298s] Invoking command in '/home/praful_pawar/arduinobot_ws/build/arduinobot_description': CMAKE_PREFIX_PATH=${CMAKE_PREFIX_PATH}:/opt/ros/jazzy /usr/bin/cmake --build /home/praful_pawar/arduinobot_ws/build/arduinobot_description -- -j8 -l8
[0.326s] -- Found ament_cmake: 2.5.3 (/opt/ros/jazzy/share/ament_cmake/cmake)
[0.706s] -- Found ament_lint_auto: 0.17.1 (/opt/ros/jazzy/share/ament_lint_auto/cmake)
[0.868s] -- Added test 'flake8' to check Python code syntax and style conventions
[0.869s] -- Configured 'flake8' exclude dirs and/or files: 
[0.871s] -- Added test 'lint_cmake' to check CMake code style
[0.872s] -- Added test 'pep257' to check Python code against some of the docstring style conventions in PEP 257
[0.876s] -- Added test 'xmllint' to check XML markup files
[0.879s] -- Configuring done (0.6s)
[0.899s] -- Generating done (0.0s)
[0.902s] -- Build files have been written to: /home/praful_pawar/arduinobot_ws/build/arduinobot_description
[0.927s] Invoked command in '/home/praful_pawar/arduinobot_ws/build/arduinobot_description' returned '0': CMAKE_PREFIX_PATH=${CMAKE_PREFIX_PATH}:/opt/ros/jazzy /usr/bin/cmake --build /home/praful_pawar/arduinobot_ws/build/arduinobot_description -- -j8 -l8
[0.929s] Invoking command in '/home/praful_pawar/arduinobot_ws/build/arduinobot_description': CMAKE_PREFIX_PATH=${CMAKE_PREFIX_PATH}:/opt/ros/jazzy /usr/bin/cmake --install /home/praful_pawar/arduinobot_ws/build/arduinobot_description
[0.936s] -- Install configuration: ""
[0.936s] -- Up-to-date: /home/praful_pawar/arduinobot_ws/install/arduinobot_description/share/arduinobot_description/meshes
[0.937s] -- Up-to-date: /home/praful_pawar/arduinobot_ws/install/arduinobot_description/share/arduinobot_description/meshes/link.stl
[0.937s] -- Up-to-date: /home/praful_pawar/arduinobot_ws/install/arduinobot_description/share/arduinobot_description/meshes/left_finger.stl
[0.937s] -- Up-to-date: /home/praful_pawar/arduinobot_ws/install/arduinobot_description/share/arduinobot_description/meshes/forward_drive_arm.STL
[0.938s] -- Up-to-date: /home/praful_pawar/arduinobot_ws/install/arduinobot_description/share/arduinobot_description/meshes/right_finger.stl
[0.938s] -- Up-to-date: /home/praful_pawar/arduinobot_ws/install/arduinobot_description/share/arduinobot_description/meshes/servo_plate.stl
[0.938s] -- Up-to-date: /home/praful_pawar/arduinobot_ws/install/arduinobot_description/share/arduinobot_description/meshes/vertical_drive_arm.stl
[0.939s] -- Up-to-date: /home/praful_pawar/arduinobot_ws/install/arduinobot_description/share/arduinobot_description/meshes/forward_drive.stl
[0.939s] -- Up-to-date: /home/praful_pawar/arduinobot_ws/install/arduinobot_description/share/arduinobot_description/meshes/horizontal_arm3.stl
[0.939s] -- Up-to-date: /home/praful_pawar/arduinobot_ws/install/arduinobot_description/share/arduinobot_description/meshes/basement3.stl
[0.939s] -- Up-to-date: /home/praful_pawar/arduinobot_ws/install/arduinobot_description/share/arduinobot_description/meshes/horizontal_arm.stl
[0.939s] -- Up-to-date: /home/praful_pawar/arduinobot_ws/install/arduinobot_description/share/arduinobot_description/meshes/base_plate1.stl
[0.939s] -- Up-to-date: /home/praful_pawar/arduinobot_ws/install/arduinobot_description/share/arduinobot_description/meshes/round_plate.stl
[0.940s] -- Up-to-date: /home/praful_pawar/arduinobot_ws/install/arduinobot_description/share/arduinobot_description/meshes/triangular_link.stl
[0.940s] -- Up-to-date: /home/praful_pawar/arduinobot_ws/install/arduinobot_description/share/arduinobot_description/meshes/claw_support.stl
[0.940s] -- Up-to-date: /home/praful_pawar/arduinobot_ws/install/arduinobot_description/share/arduinobot_description/meshes/horizontal_arm.STL
[0.940s] -- Up-to-date: /home/praful_pawar/arduinobot_ws/install/arduinobot_description/share/arduinobot_description/meshes/horizontal_arm2.stl
[0.940s] -- Up-to-date: /home/praful_pawar/arduinobot_ws/install/arduinobot_description/share/arduinobot_description/meshes/plate.stl
[0.941s] -- Up-to-date: /home/praful_pawar/arduinobot_ws/install/arduinobot_description/share/arduinobot_description/urdf
[0.941s] -- Installing: /home/praful_pawar/arduinobot_ws/install/arduinobot_description/share/arduinobot_description/urdf/arduinobot.urdf.xacro
[0.941s] -- Installing: /home/praful_pawar/arduinobot_ws/install/arduinobot_description/share/arduinobot_description/urdf/display.launch.py
[0.941s] -- Up-to-date: /home/praful_pawar/arduinobot_ws/install/arduinobot_description/share/ament_index/resource_index/package_run_dependencies/arduinobot_description
[0.942s] -- Up-to-date: /home/praful_pawar/arduinobot_ws/install/arduinobot_description/share/ament_index/resource_index/parent_prefix_path/arduinobot_description
[0.942s] -- Up-to-date: /home/praful_pawar/arduinobot_ws/install/arduinobot_description/share/arduinobot_description/environment/ament_prefix_path.sh
[0.942s] -- Up-to-date: /home/praful_pawar/arduinobot_ws/install/arduinobot_description/share/arduinobot_description/environment/ament_prefix_path.dsv
[0.942s] -- Up-to-date: /home/praful_pawar/arduinobot_ws/install/arduinobot_description/share/arduinobot_description/environment/path.sh
[0.943s] -- Up-to-date: /home/praful_pawar/arduinobot_ws/install/arduinobot_description/share/arduinobot_description/environment/path.dsv
[0.943s] -- Up-to-date: /home/praful_pawar/arduinobot_ws/install/arduinobot_description/share/arduinobot_description/local_setup.bash
[0.944s] -- Up-to-date: /home/praful_pawar/arduinobot_ws/install/arduinobot_description/share/arduinobot_description/local_setup.sh
[0.944s] -- Up-to-date: /home/praful_pawar/arduinobot_ws/install/arduinobot_description/share/arduinobot_description/local_setup.zsh
[0.944s] -- Up-to-date: /home/praful_pawar/arduinobot_ws/install/arduinobot_description/share/arduinobot_description/local_setup.dsv
[0.945s] -- Installing: /home/praful_pawar/arduinobot_ws/install/arduinobot_description/share/arduinobot_description/package.dsv
[0.945s] -- Up-to-date: /home/praful_pawar/arduinobot_ws/install/arduinobot_description/share/ament_index/resource_index/packages/arduinobot_description
[0.946s] -- Up-to-date: /home/praful_pawar/arduinobot_ws/install/arduinobot_description/share/arduinobot_description/cmake/arduinobot_descriptionConfig.cmake
[0.946s] -- Up-to-date: /home/praful_pawar/arduinobot_ws/install/arduinobot_description/share/arduinobot_description/cmake/arduinobot_descriptionConfig-version.cmake
[0.946s] -- Installing: /home/praful_pawar/arduinobot_ws/install/arduinobot_description/share/arduinobot_description/package.xml
[0.947s] Invoked command in '/home/praful_pawar/arduinobot_ws/build/arduinobot_description' returned '0': CMAKE_PREFIX_PATH=${CMAKE_PREFIX_PATH}:/opt/ros/jazzy /usr/bin/cmake --install /home/praful_pawar/arduinobot_ws/build/arduinobot_description
