running egg_info
writing ../../build/arduino_py_examples/arduino_py_examples.egg-info/PKG-INFO
writing dependency_links to ../../build/arduino_py_examples/arduino_py_examples.egg-info/dependency_links.txt
writing entry points to ../../build/arduino_py_examples/arduino_py_examples.egg-info/entry_points.txt
writing requirements to ../../build/arduino_py_examples/arduino_py_examples.egg-info/requires.txt
writing top-level names to ../../build/arduino_py_examples/arduino_py_examples.egg-info/top_level.txt
reading manifest file '../../build/arduino_py_examples/arduino_py_examples.egg-info/SOURCES.txt'
writing manifest file '../../build/arduino_py_examples/arduino_py_examples.egg-info/SOURCES.txt'
running build
running build_py
running install
running install_lib
running install_data
running install_egg_info
removing '/home/praful_pawar/arduinobot_ws/install/arduino_py_examples/lib/python3.12/site-packages/arduino_py_examples-0.0.0-py3.12.egg-info' (and everything under it)
Copying ../../build/arduino_py_examples/arduino_py_examples.egg-info to /home/praful_pawar/arduinobot_ws/install/arduino_py_examples/lib/python3.12/site-packages/arduino_py_examples-0.0.0-py3.12.egg-info
running install_scripts
Installing simple_publisher script to /home/praful_pawar/arduinobot_ws/install/arduino_py_examples/lib/arduino_py_examples
Installing simple_subscriber script to /home/praful_pawar/arduinobot_ws/install/arduino_py_examples/lib/arduino_py_examples
writing list of installed files to '/home/praful_pawar/arduinobot_ws/build/arduino_py_examples/install.log'
