[0.946s] Invoking command in '/home/praful_pawar/arduinobot_ws/build/arduinobot_description': CMAKE_PREFIX_PATH=${CMAKE_PREFIX_PATH}:/opt/ros/jazzy /usr/bin/cmake --build /home/praful_pawar/arduinobot_ws/build/arduinobot_description -- -j8 -l8
[1.322s] Invoked command in '/home/praful_pawar/arduinobot_ws/build/arduinobot_description' returned '0': CMAKE_PREFIX_PATH=${CMAKE_PREFIX_PATH}:/opt/ros/jazzy /usr/bin/cmake --build /home/praful_pawar/arduinobot_ws/build/arduinobot_description -- -j8 -l8
[1.355s] Invoking command in '/home/praful_pawar/arduinobot_ws/build/arduinobot_description': CMAKE_PREFIX_PATH=${CMAKE_PREFIX_PATH}:/opt/ros/jazzy /usr/bin/cmake --install /home/praful_pawar/arduinobot_ws/build/arduinobot_description
[1.393s] -- Install configuration: ""
[1.405s] -- Up-to-date: /home/praful_pawar/arduinobot_ws/install/arduinobot_description/share/ament_index/resource_index/package_run_dependencies/arduinobot_description
[1.407s] -- Up-to-date: /home/praful_pawar/arduinobot_ws/install/arduinobot_description/share/ament_index/resource_index/parent_prefix_path/arduinobot_description
[1.409s] -- Up-to-date: /home/praful_pawar/arduinobot_ws/install/arduinobot_description/share/arduinobot_description/environment/ament_prefix_path.sh
[1.412s] -- Up-to-date: /home/praful_pawar/arduinobot_ws/install/arduinobot_description/share/arduinobot_description/environment/ament_prefix_path.dsv
[1.413s] -- Up-to-date: /home/praful_pawar/arduinobot_ws/install/arduinobot_description/share/arduinobot_description/environment/path.sh
[1.414s] -- Up-to-date: /home/praful_pawar/arduinobot_ws/install/arduinobot_description/share/arduinobot_description/environment/path.dsv
[1.414s] -- Up-to-date: /home/praful_pawar/arduinobot_ws/install/arduinobot_description/share/arduinobot_description/local_setup.bash
[1.415s] -- Up-to-date: /home/praful_pawar/arduinobot_ws/install/arduinobot_description/share/arduinobot_description/local_setup.sh
[1.415s] -- Up-to-date: /home/praful_pawar/arduinobot_ws/install/arduinobot_description/share/arduinobot_description/local_setup.zsh
[1.416s] -- Up-to-date: /home/praful_pawar/arduinobot_ws/install/arduinobot_description/share/arduinobot_description/local_setup.dsv
[1.417s] -- Up-to-date: /home/praful_pawar/arduinobot_ws/install/arduinobot_description/share/arduinobot_description/package.dsv
[1.419s] -- Up-to-date: /home/praful_pawar/arduinobot_ws/install/arduinobot_description/share/ament_index/resource_index/packages/arduinobot_description
[1.420s] -- Up-to-date: /home/praful_pawar/arduinobot_ws/install/arduinobot_description/share/arduinobot_description/cmake/arduinobot_descriptionConfig.cmake
[1.421s] -- Up-to-date: /home/praful_pawar/arduinobot_ws/install/arduinobot_description/share/arduinobot_description/cmake/arduinobot_descriptionConfig-version.cmake
[1.423s] -- Up-to-date: /home/praful_pawar/arduinobot_ws/install/arduinobot_description/share/arduinobot_description/package.xml
[1.430s] Invoked command in '/home/praful_pawar/arduinobot_ws/build/arduinobot_description' returned '0': CMAKE_PREFIX_PATH=${CMAKE_PREFIX_PATH}:/opt/ros/jazzy /usr/bin/cmake --install /home/praful_pawar/arduinobot_ws/build/arduinobot_description
