[1.026s] Invoking command in '/home/praful_pawar/arduinobot_ws/build/arduinobot_description': CMAKE_PREFIX_PATH=${CMAKE_PREFIX_PATH}:/opt/ros/jazzy /usr/bin/cmake --build /home/praful_pawar/arduinobot_ws/build/arduinobot_description -- -j8 -l8
[1.354s] Invoked command in '/home/praful_pawar/arduinobot_ws/build/arduinobot_description' returned '0': CMAKE_PREFIX_PATH=${CMAKE_PREFIX_PATH}:/opt/ros/jazzy /usr/bin/cmake --build /home/praful_pawar/arduinobot_ws/build/arduinobot_description -- -j8 -l8
[1.419s] Invoking command in '/home/praful_pawar/arduinobot_ws/build/arduinobot_description': CMAKE_PREFIX_PATH=${CMAKE_PREFIX_PATH}:/opt/ros/jazzy /usr/bin/cmake --install /home/praful_pawar/arduinobot_ws/build/arduinobot_description
[1.471s] -- Install configuration: ""
[1.482s] -- Up-to-date: /home/praful_pawar/arduinobot_ws/install/arduinobot_description/share/arduinobot_description/meshes
[1.483s] -- Up-to-date: /home/praful_pawar/arduinobot_ws/install/arduinobot_description/share/arduinobot_description/meshes/link.stl
[1.484s] -- Up-to-date: /home/praful_pawar/arduinobot_ws/install/arduinobot_description/share/arduinobot_description/meshes/left_finger.stl
[1.484s] -- Up-to-date: /home/praful_pawar/arduinobot_ws/install/arduinobot_description/share/arduinobot_description/meshes/forward_drive_arm.STL
[1.485s] -- Up-to-date: /home/praful_pawar/arduinobot_ws/install/arduinobot_description/share/arduinobot_description/meshes/right_finger.stl
[1.485s] -- Up-to-date: /home/praful_pawar/arduinobot_ws/install/arduinobot_description/share/arduinobot_description/meshes/servo_plate.stl
[1.485s] -- Up-to-date: /home/praful_pawar/arduinobot_ws/install/arduinobot_description/share/arduinobot_description/meshes/vertical_drive_arm.stl
[1.486s] -- Up-to-date: /home/praful_pawar/arduinobot_ws/install/arduinobot_description/share/arduinobot_description/meshes/forward_drive.stl
[1.486s] -- Up-to-date: /home/praful_pawar/arduinobot_ws/install/arduinobot_description/share/arduinobot_description/meshes/horizontal_arm3.stl
[1.486s] -- Up-to-date: /home/praful_pawar/arduinobot_ws/install/arduinobot_description/share/arduinobot_description/meshes/basement3.stl
[1.487s] -- Up-to-date: /home/praful_pawar/arduinobot_ws/install/arduinobot_description/share/arduinobot_description/meshes/horizontal_arm.stl
[1.487s] -- Up-to-date: /home/praful_pawar/arduinobot_ws/install/arduinobot_description/share/arduinobot_description/meshes/base_plate1.stl
[1.488s] -- Up-to-date: /home/praful_pawar/arduinobot_ws/install/arduinobot_description/share/arduinobot_description/meshes/round_plate.stl
[1.490s] -- Up-to-date: /home/praful_pawar/arduinobot_ws/install/arduinobot_description/share/arduinobot_description/meshes/triangular_link.stl
[1.496s] -- Up-to-date: /home/praful_pawar/arduinobot_ws/install/arduinobot_description/share/arduinobot_description/meshes/claw_support.stl
[1.498s] -- Up-to-date: /home/praful_pawar/arduinobot_ws/install/arduinobot_description/share/arduinobot_description/meshes/horizontal_arm.STL
[1.498s] -- Up-to-date: /home/praful_pawar/arduinobot_ws/install/arduinobot_description/share/arduinobot_description/meshes/horizontal_arm2.stl
[1.499s] -- Up-to-date: /home/praful_pawar/arduinobot_ws/install/arduinobot_description/share/arduinobot_description/meshes/plate.stl
[1.499s] -- Up-to-date: /home/praful_pawar/arduinobot_ws/install/arduinobot_description/share/arduinobot_description/urdf
[1.499s] -- Installing: /home/praful_pawar/arduinobot_ws/install/arduinobot_description/share/arduinobot_description/urdf/arduinobot.urdf.xacro
[1.500s] -- Up-to-date: /home/praful_pawar/arduinobot_ws/install/arduinobot_description/share/ament_index/resource_index/package_run_dependencies/arduinobot_description
[1.500s] -- Up-to-date: /home/praful_pawar/arduinobot_ws/install/arduinobot_description/share/ament_index/resource_index/parent_prefix_path/arduinobot_description
[1.500s] -- Up-to-date: /home/praful_pawar/arduinobot_ws/install/arduinobot_description/share/arduinobot_description/environment/ament_prefix_path.sh
[1.501s] -- Up-to-date: /home/praful_pawar/arduinobot_ws/install/arduinobot_description/share/arduinobot_description/environment/ament_prefix_path.dsv
[1.501s] -- Up-to-date: /home/praful_pawar/arduinobot_ws/install/arduinobot_description/share/arduinobot_description/environment/path.sh
[1.501s] -- Up-to-date: /home/praful_pawar/arduinobot_ws/install/arduinobot_description/share/arduinobot_description/environment/path.dsv
[1.502s] -- Up-to-date: /home/praful_pawar/arduinobot_ws/install/arduinobot_description/share/arduinobot_description/local_setup.bash
[1.502s] -- Up-to-date: /home/praful_pawar/arduinobot_ws/install/arduinobot_description/share/arduinobot_description/local_setup.sh
[1.502s] -- Up-to-date: /home/praful_pawar/arduinobot_ws/install/arduinobot_description/share/arduinobot_description/local_setup.zsh
[1.502s] -- Up-to-date: /home/praful_pawar/arduinobot_ws/install/arduinobot_description/share/arduinobot_description/local_setup.dsv
[1.530s] -- Installing: /home/praful_pawar/arduinobot_ws/install/arduinobot_description/share/arduinobot_description/package.dsv
[1.531s] -- Up-to-date: /home/praful_pawar/arduinobot_ws/install/arduinobot_description/share/ament_index/resource_index/packages/arduinobot_description
[1.532s] -- Up-to-date: /home/praful_pawar/arduinobot_ws/install/arduinobot_description/share/arduinobot_description/cmake/arduinobot_descriptionConfig.cmake
[1.532s] -- Up-to-date: /home/praful_pawar/arduinobot_ws/install/arduinobot_description/share/arduinobot_description/cmake/arduinobot_descriptionConfig-version.cmake
[1.534s] -- Up-to-date: /home/praful_pawar/arduinobot_ws/install/arduinobot_description/share/arduinobot_description/package.xml
[1.535s] Invoked command in '/home/praful_pawar/arduinobot_ws/build/arduinobot_description' returned '0': CMAKE_PREFIX_PATH=${CMAKE_PREFIX_PATH}:/opt/ros/jazzy /usr/bin/cmake --install /home/praful_pawar/arduinobot_ws/build/arduinobot_description
