[0.553s] DEBUG:colcon:Command line arguments: ['/usr/bin/colcon', 'build']
[0.553s] DEBUG:colcon:Parsed command line arguments: Namespace(log_base=None, log_level=None, verb_name='build', build_base='build', install_base='install', merge_install=False, symlink_install=False, test_result_base=None, continue_on_error=False, executor='parallel', parallel_workers=8, event_handlers=None, ignore_user_meta=False, metas=['./colcon.meta'], base_paths=['.'], packages_ignore=None, packages_ignore_regex=None, paths=None, packages_up_to=None, packages_up_to_regex=None, packages_above=None, packages_above_and_dependencies=None, packages_above_depth=None, packages_select_by_dep=None, packages_skip_by_dep=None, packages_skip_up_to=None, packages_select_build_failed=False, packages_skip_build_finished=False, packages_select_test_failures=False, packages_skip_test_passed=False, packages_select=None, packages_skip=None, packages_select_regex=None, packages_skip_regex=None, packages_start=None, packages_end=None, allow_overriding=[], cmake_args=None, cmake_target=None, cmake_target_skip_unavailable=False, cmake_clean_cache=False, cmake_clean_first=False, cmake_force_configure=False, ament_cmake_args=None, catkin_cmake_args=None, catkin_skip_building_tests=False, mixin_files=None, mixin=None, verb_parser=<colcon_mixin.mixin.mixin_argument.MixinArgumentDecorator object at 0x7f00e47f3c50>, verb_extension=<colcon_core.verb.build.BuildVerb object at 0x7f00e47f3980>, main=<bound method BuildVerb.main of <colcon_core.verb.build.BuildVerb object at 0x7f00e47f3980>>, mixin_verb=('build',))
[0.608s] Level 1:colcon.colcon_core.package_discovery:discover_packages(colcon_meta) check parameters
[0.609s] Level 1:colcon.colcon_core.package_discovery:discover_packages(recursive) check parameters
[0.609s] Level 1:colcon.colcon_core.package_discovery:discover_packages(ignore) check parameters
[0.609s] Level 1:colcon.colcon_core.package_discovery:discover_packages(path) check parameters
[0.609s] Level 1:colcon.colcon_core.package_discovery:discover_packages(colcon_meta) discover
[0.609s] Level 1:colcon.colcon_core.package_discovery:discover_packages(recursive) discover
[0.609s] INFO:colcon.colcon_core.package_discovery:Crawling recursively for packages in '/home/praful_pawar/arduinobot_ws'
[0.609s] Level 1:colcon.colcon_core.package_identification:_identify(.) by extensions ['ignore', 'ignore_ament_install']
[0.609s] Level 1:colcon.colcon_core.package_identification:_identify(.) by extension 'ignore'
[0.609s] Level 1:colcon.colcon_core.package_identification:_identify(.) by extension 'ignore_ament_install'
[0.610s] Level 1:colcon.colcon_core.package_identification:_identify(.) by extensions ['colcon_pkg']
[0.610s] Level 1:colcon.colcon_core.package_identification:_identify(.) by extension 'colcon_pkg'
[0.610s] Level 1:colcon.colcon_core.package_identification:_identify(.) by extensions ['colcon_meta']
[0.610s] Level 1:colcon.colcon_core.package_identification:_identify(.) by extension 'colcon_meta'
[0.610s] Level 1:colcon.colcon_core.package_identification:_identify(.) by extensions ['ros']
[0.610s] Level 1:colcon.colcon_core.package_identification:_identify(.) by extension 'ros'
[0.670s] Level 1:colcon.colcon_core.package_identification:_identify(.) by extensions ['cmake', 'python']
[0.670s] Level 1:colcon.colcon_core.package_identification:_identify(.) by extension 'cmake'
[0.670s] Level 1:colcon.colcon_core.package_identification:_identify(.) by extension 'python'
[0.670s] Level 1:colcon.colcon_core.package_identification:_identify(.) by extensions ['python_setup_py']
[0.670s] Level 1:colcon.colcon_core.package_identification:_identify(.) by extension 'python_setup_py'
[0.671s] Level 1:colcon.colcon_core.package_identification:_identify(build) by extensions ['ignore', 'ignore_ament_install']
[0.671s] Level 1:colcon.colcon_core.package_identification:_identify(build) by extension 'ignore'
[0.671s] Level 1:colcon.colcon_core.package_identification:_identify(build) ignored
[0.672s] Level 1:colcon.colcon_core.package_identification:_identify(install) by extensions ['ignore', 'ignore_ament_install']
[0.672s] Level 1:colcon.colcon_core.package_identification:_identify(install) by extension 'ignore'
[0.672s] Level 1:colcon.colcon_core.package_identification:_identify(install) ignored
[0.672s] Level 1:colcon.colcon_core.package_identification:_identify(log) by extensions ['ignore', 'ignore_ament_install']
[0.673s] Level 1:colcon.colcon_core.package_identification:_identify(log) by extension 'ignore'
[0.673s] Level 1:colcon.colcon_core.package_identification:_identify(log) ignored
[0.673s] Level 1:colcon.colcon_core.package_identification:_identify(src) by extensions ['ignore', 'ignore_ament_install']
[0.673s] Level 1:colcon.colcon_core.package_identification:_identify(src) by extension 'ignore'
[0.674s] Level 1:colcon.colcon_core.package_identification:_identify(src) by extension 'ignore_ament_install'
[0.674s] Level 1:colcon.colcon_core.package_identification:_identify(src) by extensions ['colcon_pkg']
[0.674s] Level 1:colcon.colcon_core.package_identification:_identify(src) by extension 'colcon_pkg'
[0.674s] Level 1:colcon.colcon_core.package_identification:_identify(src) by extensions ['colcon_meta']
[0.674s] Level 1:colcon.colcon_core.package_identification:_identify(src) by extension 'colcon_meta'
[0.674s] Level 1:colcon.colcon_core.package_identification:_identify(src) by extensions ['ros']
[0.674s] Level 1:colcon.colcon_core.package_identification:_identify(src) by extension 'ros'
[0.675s] Level 1:colcon.colcon_core.package_identification:_identify(src) by extensions ['cmake', 'python']
[0.675s] Level 1:colcon.colcon_core.package_identification:_identify(src) by extension 'cmake'
[0.675s] Level 1:colcon.colcon_core.package_identification:_identify(src) by extension 'python'
[0.675s] Level 1:colcon.colcon_core.package_identification:_identify(src) by extensions ['python_setup_py']
[0.675s] Level 1:colcon.colcon_core.package_identification:_identify(src) by extension 'python_setup_py'
[0.675s] Level 1:colcon.colcon_core.package_identification:_identify(src/arduino_py_examples) by extensions ['ignore', 'ignore_ament_install']
[0.676s] Level 1:colcon.colcon_core.package_identification:_identify(src/arduino_py_examples) by extension 'ignore'
[0.676s] Level 1:colcon.colcon_core.package_identification:_identify(src/arduino_py_examples) by extension 'ignore_ament_install'
[0.676s] Level 1:colcon.colcon_core.package_identification:_identify(src/arduino_py_examples) by extensions ['colcon_pkg']
[0.676s] Level 1:colcon.colcon_core.package_identification:_identify(src/arduino_py_examples) by extension 'colcon_pkg'
[0.676s] Level 1:colcon.colcon_core.package_identification:_identify(src/arduino_py_examples) by extensions ['colcon_meta']
[0.676s] Level 1:colcon.colcon_core.package_identification:_identify(src/arduino_py_examples) by extension 'colcon_meta'
[0.676s] Level 1:colcon.colcon_core.package_identification:_identify(src/arduino_py_examples) by extensions ['ros']
[0.676s] Level 1:colcon.colcon_core.package_identification:_identify(src/arduino_py_examples) by extension 'ros'
[0.681s] DEBUG:colcon.colcon_core.package_identification:Package 'src/arduino_py_examples' with type 'ros.ament_python' and name 'arduino_py_examples'
[0.681s] Level 1:colcon.colcon_core.package_identification:_identify(src/arduinobot_cpp_examples) by extensions ['ignore', 'ignore_ament_install']
[0.681s] Level 1:colcon.colcon_core.package_identification:_identify(src/arduinobot_cpp_examples) by extension 'ignore'
[0.682s] Level 1:colcon.colcon_core.package_identification:_identify(src/arduinobot_cpp_examples) by extension 'ignore_ament_install'
[0.682s] Level 1:colcon.colcon_core.package_identification:_identify(src/arduinobot_cpp_examples) by extensions ['colcon_pkg']
[0.682s] Level 1:colcon.colcon_core.package_identification:_identify(src/arduinobot_cpp_examples) by extension 'colcon_pkg'
[0.682s] Level 1:colcon.colcon_core.package_identification:_identify(src/arduinobot_cpp_examples) by extensions ['colcon_meta']
[0.682s] Level 1:colcon.colcon_core.package_identification:_identify(src/arduinobot_cpp_examples) by extension 'colcon_meta'
[0.682s] Level 1:colcon.colcon_core.package_identification:_identify(src/arduinobot_cpp_examples) by extensions ['ros']
[0.682s] Level 1:colcon.colcon_core.package_identification:_identify(src/arduinobot_cpp_examples) by extension 'ros'
[0.683s] DEBUG:colcon.colcon_core.package_identification:Package 'src/arduinobot_cpp_examples' with type 'ros.ament_cmake' and name 'arduinobot_cpp_examples'
[0.683s] Level 1:colcon.colcon_core.package_identification:_identify(src/arduinobot_description) by extensions ['ignore', 'ignore_ament_install']
[0.683s] Level 1:colcon.colcon_core.package_identification:_identify(src/arduinobot_description) by extension 'ignore'
[0.683s] Level 1:colcon.colcon_core.package_identification:_identify(src/arduinobot_description) by extension 'ignore_ament_install'
[0.684s] Level 1:colcon.colcon_core.package_identification:_identify(src/arduinobot_description) by extensions ['colcon_pkg']
[0.684s] Level 1:colcon.colcon_core.package_identification:_identify(src/arduinobot_description) by extension 'colcon_pkg'
[0.684s] Level 1:colcon.colcon_core.package_identification:_identify(src/arduinobot_description) by extensions ['colcon_meta']
[0.684s] Level 1:colcon.colcon_core.package_identification:_identify(src/arduinobot_description) by extension 'colcon_meta'
[0.684s] Level 1:colcon.colcon_core.package_identification:_identify(src/arduinobot_description) by extensions ['ros']
[0.684s] Level 1:colcon.colcon_core.package_identification:_identify(src/arduinobot_description) by extension 'ros'
[0.684s] DEBUG:colcon.colcon_core.package_identification:Package 'src/arduinobot_description' with type 'ros.ament_cmake' and name 'arduinobot_description'
[0.684s] Level 1:colcon.colcon_core.package_discovery:discover_packages(recursive) using defaults
[0.685s] Level 1:colcon.colcon_core.package_discovery:discover_packages(ignore) discover
[0.685s] Level 1:colcon.colcon_core.package_discovery:discover_packages(ignore) using defaults
[0.685s] Level 1:colcon.colcon_core.package_discovery:discover_packages(path) discover
[0.685s] Level 1:colcon.colcon_core.package_discovery:discover_packages(path) using defaults
[0.708s] Level 1:colcon.colcon_core.package_discovery:discover_packages(prefix_path) check parameters
[0.708s] Level 1:colcon.colcon_core.package_discovery:discover_packages(prefix_path) discover
[0.711s] DEBUG:colcon.colcon_installed_package_information.package_discovery:Found 4 installed packages in /home/praful_pawar/arduinobot_ws/install
[0.714s] DEBUG:colcon.colcon_installed_package_information.package_discovery:Found 445 installed packages in /opt/ros/jazzy
[0.717s] Level 1:colcon.colcon_core.package_discovery:discover_packages(prefix_path) using defaults
[0.804s] Level 5:colcon.colcon_core.verb:set package 'arduino_py_examples' build argument 'cmake_args' from command line to 'None'
[0.804s] Level 5:colcon.colcon_core.verb:set package 'arduino_py_examples' build argument 'cmake_target' from command line to 'None'
[0.804s] Level 5:colcon.colcon_core.verb:set package 'arduino_py_examples' build argument 'cmake_target_skip_unavailable' from command line to 'False'
[0.804s] Level 5:colcon.colcon_core.verb:set package 'arduino_py_examples' build argument 'cmake_clean_cache' from command line to 'False'
[0.804s] Level 5:colcon.colcon_core.verb:set package 'arduino_py_examples' build argument 'cmake_clean_first' from command line to 'False'
[0.804s] Level 5:colcon.colcon_core.verb:set package 'arduino_py_examples' build argument 'cmake_force_configure' from command line to 'False'
[0.804s] Level 5:colcon.colcon_core.verb:set package 'arduino_py_examples' build argument 'ament_cmake_args' from command line to 'None'
[0.804s] Level 5:colcon.colcon_core.verb:set package 'arduino_py_examples' build argument 'catkin_cmake_args' from command line to 'None'
[0.804s] Level 5:colcon.colcon_core.verb:set package 'arduino_py_examples' build argument 'catkin_skip_building_tests' from command line to 'False'
[0.804s] DEBUG:colcon.colcon_core.verb:Building package 'arduino_py_examples' with the following arguments: {'ament_cmake_args': None, 'build_base': '/home/praful_pawar/arduinobot_ws/build/arduino_py_examples', 'catkin_cmake_args': None, 'catkin_skip_building_tests': False, 'cmake_args': None, 'cmake_clean_cache': False, 'cmake_clean_first': False, 'cmake_force_configure': False, 'cmake_target': None, 'cmake_target_skip_unavailable': False, 'install_base': '/home/praful_pawar/arduinobot_ws/install/arduino_py_examples', 'merge_install': False, 'path': '/home/praful_pawar/arduinobot_ws/src/arduino_py_examples', 'symlink_install': False, 'test_result_base': None}
[0.804s] Level 5:colcon.colcon_core.verb:set package 'arduinobot_cpp_examples' build argument 'cmake_args' from command line to 'None'
[0.805s] Level 5:colcon.colcon_core.verb:set package 'arduinobot_cpp_examples' build argument 'cmake_target' from command line to 'None'
[0.805s] Level 5:colcon.colcon_core.verb:set package 'arduinobot_cpp_examples' build argument 'cmake_target_skip_unavailable' from command line to 'False'
[0.805s] Level 5:colcon.colcon_core.verb:set package 'arduinobot_cpp_examples' build argument 'cmake_clean_cache' from command line to 'False'
[0.805s] Level 5:colcon.colcon_core.verb:set package 'arduinobot_cpp_examples' build argument 'cmake_clean_first' from command line to 'False'
[0.805s] Level 5:colcon.colcon_core.verb:set package 'arduinobot_cpp_examples' build argument 'cmake_force_configure' from command line to 'False'
[0.805s] Level 5:colcon.colcon_core.verb:set package 'arduinobot_cpp_examples' build argument 'ament_cmake_args' from command line to 'None'
[0.805s] Level 5:colcon.colcon_core.verb:set package 'arduinobot_cpp_examples' build argument 'catkin_cmake_args' from command line to 'None'
[0.805s] Level 5:colcon.colcon_core.verb:set package 'arduinobot_cpp_examples' build argument 'catkin_skip_building_tests' from command line to 'False'
[0.805s] DEBUG:colcon.colcon_core.verb:Building package 'arduinobot_cpp_examples' with the following arguments: {'ament_cmake_args': None, 'build_base': '/home/praful_pawar/arduinobot_ws/build/arduinobot_cpp_examples', 'catkin_cmake_args': None, 'catkin_skip_building_tests': False, 'cmake_args': None, 'cmake_clean_cache': False, 'cmake_clean_first': False, 'cmake_force_configure': False, 'cmake_target': None, 'cmake_target_skip_unavailable': False, 'install_base': '/home/praful_pawar/arduinobot_ws/install/arduinobot_cpp_examples', 'merge_install': False, 'path': '/home/praful_pawar/arduinobot_ws/src/arduinobot_cpp_examples', 'symlink_install': False, 'test_result_base': None}
[0.805s] Level 5:colcon.colcon_core.verb:set package 'arduinobot_description' build argument 'cmake_args' from command line to 'None'
[0.805s] Level 5:colcon.colcon_core.verb:set package 'arduinobot_description' build argument 'cmake_target' from command line to 'None'
[0.805s] Level 5:colcon.colcon_core.verb:set package 'arduinobot_description' build argument 'cmake_target_skip_unavailable' from command line to 'False'
[0.805s] Level 5:colcon.colcon_core.verb:set package 'arduinobot_description' build argument 'cmake_clean_cache' from command line to 'False'
[0.805s] Level 5:colcon.colcon_core.verb:set package 'arduinobot_description' build argument 'cmake_clean_first' from command line to 'False'
[0.805s] Level 5:colcon.colcon_core.verb:set package 'arduinobot_description' build argument 'cmake_force_configure' from command line to 'False'
[0.805s] Level 5:colcon.colcon_core.verb:set package 'arduinobot_description' build argument 'ament_cmake_args' from command line to 'None'
[0.805s] Level 5:colcon.colcon_core.verb:set package 'arduinobot_description' build argument 'catkin_cmake_args' from command line to 'None'
[0.805s] Level 5:colcon.colcon_core.verb:set package 'arduinobot_description' build argument 'catkin_skip_building_tests' from command line to 'False'
[0.805s] DEBUG:colcon.colcon_core.verb:Building package 'arduinobot_description' with the following arguments: {'ament_cmake_args': None, 'build_base': '/home/praful_pawar/arduinobot_ws/build/arduinobot_description', 'catkin_cmake_args': None, 'catkin_skip_building_tests': False, 'cmake_args': None, 'cmake_clean_cache': False, 'cmake_clean_first': False, 'cmake_force_configure': False, 'cmake_target': None, 'cmake_target_skip_unavailable': False, 'install_base': '/home/praful_pawar/arduinobot_ws/install/arduinobot_description', 'merge_install': False, 'path': '/home/praful_pawar/arduinobot_ws/src/arduinobot_description', 'symlink_install': False, 'test_result_base': None}
[0.805s] INFO:colcon.colcon_core.executor:Executing jobs using 'parallel' executor
[0.807s] DEBUG:colcon.colcon_parallel_executor.executor.parallel:run_until_complete
[0.808s] INFO:colcon.colcon_ros.task.ament_python.build:Building ROS package in '/home/praful_pawar/arduinobot_ws/src/arduino_py_examples' with build type 'ament_python'
[0.808s] Level 1:colcon.colcon_core.shell:create_environment_hook('arduino_py_examples', 'ament_prefix_path')
[0.812s] INFO:colcon.colcon_core.plugin_system:Skipping extension 'colcon_core.shell.bat': Not used on non-Windows systems
[0.812s] INFO:colcon.colcon_core.shell:Creating environment hook '/home/praful_pawar/arduinobot_ws/install/arduino_py_examples/share/arduino_py_examples/hook/ament_prefix_path.ps1'
[0.814s] INFO:colcon.colcon_core.shell:Creating environment descriptor '/home/praful_pawar/arduinobot_ws/install/arduino_py_examples/share/arduino_py_examples/hook/ament_prefix_path.dsv'
[0.815s] INFO:colcon.colcon_core.shell:Creating environment hook '/home/praful_pawar/arduinobot_ws/install/arduino_py_examples/share/arduino_py_examples/hook/ament_prefix_path.sh'
[0.819s] INFO:colcon.colcon_core.shell:Skip shell extension 'powershell' for command environment: Not usable outside of PowerShell
[0.819s] DEBUG:colcon.colcon_core.shell:Skip shell extension 'dsv' for command environment
[0.827s] INFO:colcon.colcon_ros.task.ament_cmake.build:Building ROS package in '/home/praful_pawar/arduinobot_ws/src/arduinobot_cpp_examples' with build type 'ament_cmake'
[0.827s] INFO:colcon.colcon_cmake.task.cmake.build:Building CMake package in '/home/praful_pawar/arduinobot_ws/src/arduinobot_cpp_examples'
[0.828s] INFO:colcon.colcon_core.shell:Skip shell extension 'powershell' for command environment: Not usable outside of PowerShell
[0.828s] DEBUG:colcon.colcon_core.shell:Skip shell extension 'dsv' for command environment
[0.838s] INFO:colcon.colcon_ros.task.ament_cmake.build:Building ROS package in '/home/praful_pawar/arduinobot_ws/src/arduinobot_description' with build type 'ament_cmake'
[0.838s] INFO:colcon.colcon_cmake.task.cmake.build:Building CMake package in '/home/praful_pawar/arduinobot_ws/src/arduinobot_description'
[0.839s] INFO:colcon.colcon_core.shell:Skip shell extension 'powershell' for command environment: Not usable outside of PowerShell
[0.839s] DEBUG:colcon.colcon_core.shell:Skip shell extension 'dsv' for command environment
[1.396s] INFO:colcon.colcon_core.task.python.build:Building Python package in '/home/praful_pawar/arduinobot_ws/src/arduino_py_examples'
[1.397s] INFO:colcon.colcon_core.shell:Skip shell extension 'powershell' for command environment: Not usable outside of PowerShell
[1.397s] DEBUG:colcon.colcon_core.shell:Skip shell extension 'dsv' for command environment
[1.413s] DEBUG:colcon.colcon_core.event_handler.log_command:Invoking command in '/home/praful_pawar/arduinobot_ws/build/arduinobot_cpp_examples': CMAKE_PREFIX_PATH=${CMAKE_PREFIX_PATH}:/home/praful_pawar/arduinobot_ws/install/arduino_py_examples:/opt/ros/jazzy /usr/bin/cmake --build /home/praful_pawar/arduinobot_ws/build/arduinobot_cpp_examples -- -j8 -l8
[1.425s] DEBUG:colcon.colcon_core.event_handler.log_command:Invoking command in '/home/praful_pawar/arduinobot_ws/build/arduinobot_description': CMAKE_PREFIX_PATH=${CMAKE_PREFIX_PATH}:/home/praful_pawar/arduinobot_ws/install/arduino_py_examples:/opt/ros/jazzy /usr/bin/cmake --build /home/praful_pawar/arduinobot_ws/build/arduinobot_description -- -j8 -l8
[1.514s] DEBUG:colcon.colcon_core.event_handler.log_command:Invoked command in '/home/praful_pawar/arduinobot_ws/build/arduinobot_description' returned '0': CMAKE_PREFIX_PATH=${CMAKE_PREFIX_PATH}:/home/praful_pawar/arduinobot_ws/install/arduino_py_examples:/opt/ros/jazzy /usr/bin/cmake --build /home/praful_pawar/arduinobot_ws/build/arduinobot_description -- -j8 -l8
[1.538s] DEBUG:colcon.colcon_core.event_handler.log_command:Invoking command in '/home/praful_pawar/arduinobot_ws/build/arduinobot_description': CMAKE_PREFIX_PATH=${CMAKE_PREFIX_PATH}:/home/praful_pawar/arduinobot_ws/install/arduino_py_examples:/opt/ros/jazzy /usr/bin/cmake --install /home/praful_pawar/arduinobot_ws/build/arduinobot_description
[1.582s] Level 1:colcon.colcon_core.environment:create_environment_scripts_only(arduinobot_description)
[1.591s] DEBUG:colcon.colcon_core.event_handler.log_command:Invoked command in '/home/praful_pawar/arduinobot_ws/build/arduinobot_description' returned '0': CMAKE_PREFIX_PATH=${CMAKE_PREFIX_PATH}:/home/praful_pawar/arduinobot_ws/install/arduino_py_examples:/opt/ros/jazzy /usr/bin/cmake --install /home/praful_pawar/arduinobot_ws/build/arduinobot_description
[1.597s] Level 1:colcon.colcon_core.environment:checking '/home/praful_pawar/arduinobot_ws/install/arduinobot_description' for CMake module files
[1.599s] Level 1:colcon.colcon_core.environment:checking '/home/praful_pawar/arduinobot_ws/install/arduinobot_description' for CMake config files
[1.600s] Level 1:colcon.colcon_core.shell:create_environment_hook('arduinobot_description', 'cmake_prefix_path')
[1.600s] INFO:colcon.colcon_core.shell:Creating environment hook '/home/praful_pawar/arduinobot_ws/install/arduinobot_description/share/arduinobot_description/hook/cmake_prefix_path.ps1'
[1.601s] INFO:colcon.colcon_core.shell:Creating environment descriptor '/home/praful_pawar/arduinobot_ws/install/arduinobot_description/share/arduinobot_description/hook/cmake_prefix_path.dsv'
[1.602s] INFO:colcon.colcon_core.shell:Creating environment hook '/home/praful_pawar/arduinobot_ws/install/arduinobot_description/share/arduinobot_description/hook/cmake_prefix_path.sh'
[1.604s] Level 1:colcon.colcon_core.environment:checking '/home/praful_pawar/arduinobot_ws/install/arduinobot_description/bin'
[1.604s] Level 1:colcon.colcon_core.environment:checking '/home/praful_pawar/arduinobot_ws/install/arduinobot_description/lib/pkgconfig/arduinobot_description.pc'
[1.605s] Level 1:colcon.colcon_core.environment:checking '/home/praful_pawar/arduinobot_ws/install/arduinobot_description/lib/python3.12/site-packages'
[1.605s] Level 1:colcon.colcon_core.environment:checking '/home/praful_pawar/arduinobot_ws/install/arduinobot_description/bin'
[1.606s] INFO:colcon.colcon_core.shell:Creating package script '/home/praful_pawar/arduinobot_ws/install/arduinobot_description/share/arduinobot_description/package.ps1'
[1.608s] INFO:colcon.colcon_core.shell:Creating package descriptor '/home/praful_pawar/arduinobot_ws/install/arduinobot_description/share/arduinobot_description/package.dsv'
[1.609s] INFO:colcon.colcon_core.shell:Creating package script '/home/praful_pawar/arduinobot_ws/install/arduinobot_description/share/arduinobot_description/package.sh'
[1.611s] INFO:colcon.colcon_core.shell:Creating package script '/home/praful_pawar/arduinobot_ws/install/arduinobot_description/share/arduinobot_description/package.bash'
[1.613s] INFO:colcon.colcon_core.shell:Creating package script '/home/praful_pawar/arduinobot_ws/install/arduinobot_description/share/arduinobot_description/package.zsh'
[1.614s] Level 1:colcon.colcon_core.environment:create_file_with_runtime_dependencies(/home/praful_pawar/arduinobot_ws/install/arduinobot_description/share/colcon-core/packages/arduinobot_description)
[1.616s] Level 1:colcon.colcon_core.environment:create_environment_scripts_only(arduinobot_description)
[1.617s] Level 1:colcon.colcon_core.environment:checking '/home/praful_pawar/arduinobot_ws/install/arduinobot_description' for CMake module files
[1.618s] Level 1:colcon.colcon_core.environment:checking '/home/praful_pawar/arduinobot_ws/install/arduinobot_description' for CMake config files
[1.619s] Level 1:colcon.colcon_core.shell:create_environment_hook('arduinobot_description', 'cmake_prefix_path')
[1.620s] INFO:colcon.colcon_core.shell:Creating environment hook '/home/praful_pawar/arduinobot_ws/install/arduinobot_description/share/arduinobot_description/hook/cmake_prefix_path.ps1'
[1.621s] INFO:colcon.colcon_core.shell:Creating environment descriptor '/home/praful_pawar/arduinobot_ws/install/arduinobot_description/share/arduinobot_description/hook/cmake_prefix_path.dsv'
[1.622s] INFO:colcon.colcon_core.shell:Creating environment hook '/home/praful_pawar/arduinobot_ws/install/arduinobot_description/share/arduinobot_description/hook/cmake_prefix_path.sh'
[1.624s] Level 1:colcon.colcon_core.environment:checking '/home/praful_pawar/arduinobot_ws/install/arduinobot_description/bin'
[1.624s] Level 1:colcon.colcon_core.environment:checking '/home/praful_pawar/arduinobot_ws/install/arduinobot_description/lib/pkgconfig/arduinobot_description.pc'
[1.625s] Level 1:colcon.colcon_core.environment:checking '/home/praful_pawar/arduinobot_ws/install/arduinobot_description/lib/python3.12/site-packages'
[1.625s] Level 1:colcon.colcon_core.environment:checking '/home/praful_pawar/arduinobot_ws/install/arduinobot_description/bin'
[1.626s] INFO:colcon.colcon_core.shell:Creating package script '/home/praful_pawar/arduinobot_ws/install/arduinobot_description/share/arduinobot_description/package.ps1'
[1.627s] INFO:colcon.colcon_core.shell:Creating package descriptor '/home/praful_pawar/arduinobot_ws/install/arduinobot_description/share/arduinobot_description/package.dsv'
[1.630s] INFO:colcon.colcon_core.shell:Creating package script '/home/praful_pawar/arduinobot_ws/install/arduinobot_description/share/arduinobot_description/package.sh'
[1.633s] INFO:colcon.colcon_core.shell:Creating package script '/home/praful_pawar/arduinobot_ws/install/arduinobot_description/share/arduinobot_description/package.bash'
[1.635s] INFO:colcon.colcon_core.shell:Creating package script '/home/praful_pawar/arduinobot_ws/install/arduinobot_description/share/arduinobot_description/package.zsh'
[1.637s] Level 1:colcon.colcon_core.environment:create_file_with_runtime_dependencies(/home/praful_pawar/arduinobot_ws/install/arduinobot_description/share/colcon-core/packages/arduinobot_description)
[1.645s] DEBUG:colcon.colcon_core.event_handler.log_command:Invoked command in '/home/praful_pawar/arduinobot_ws/build/arduinobot_cpp_examples' returned '0': CMAKE_PREFIX_PATH=${CMAKE_PREFIX_PATH}:/home/praful_pawar/arduinobot_ws/install/arduino_py_examples:/opt/ros/jazzy /usr/bin/cmake --build /home/praful_pawar/arduinobot_ws/build/arduinobot_cpp_examples -- -j8 -l8
[1.646s] DEBUG:colcon.colcon_core.event_handler.log_command:Invoking command in '/home/praful_pawar/arduinobot_ws/build/arduinobot_cpp_examples': CMAKE_PREFIX_PATH=${CMAKE_PREFIX_PATH}:/home/praful_pawar/arduinobot_ws/install/arduino_py_examples:/opt/ros/jazzy /usr/bin/cmake --install /home/praful_pawar/arduinobot_ws/build/arduinobot_cpp_examples
[1.678s] Level 1:colcon.colcon_core.environment:create_environment_scripts_only(arduinobot_cpp_examples)
[1.678s] Level 1:colcon.colcon_core.environment:checking '/home/praful_pawar/arduinobot_ws/install/arduinobot_cpp_examples' for CMake module files
[1.681s] DEBUG:colcon.colcon_core.event_handler.log_command:Invoked command in '/home/praful_pawar/arduinobot_ws/build/arduinobot_cpp_examples' returned '0': CMAKE_PREFIX_PATH=${CMAKE_PREFIX_PATH}:/home/praful_pawar/arduinobot_ws/install/arduino_py_examples:/opt/ros/jazzy /usr/bin/cmake --install /home/praful_pawar/arduinobot_ws/build/arduinobot_cpp_examples
[1.682s] Level 1:colcon.colcon_core.environment:checking '/home/praful_pawar/arduinobot_ws/install/arduinobot_cpp_examples' for CMake config files
[1.683s] Level 1:colcon.colcon_core.shell:create_environment_hook('arduinobot_cpp_examples', 'cmake_prefix_path')
[1.683s] INFO:colcon.colcon_core.shell:Creating environment hook '/home/praful_pawar/arduinobot_ws/install/arduinobot_cpp_examples/share/arduinobot_cpp_examples/hook/cmake_prefix_path.ps1'
[1.685s] INFO:colcon.colcon_core.shell:Creating environment descriptor '/home/praful_pawar/arduinobot_ws/install/arduinobot_cpp_examples/share/arduinobot_cpp_examples/hook/cmake_prefix_path.dsv'
[1.686s] INFO:colcon.colcon_core.shell:Creating environment hook '/home/praful_pawar/arduinobot_ws/install/arduinobot_cpp_examples/share/arduinobot_cpp_examples/hook/cmake_prefix_path.sh'
[1.688s] Level 1:colcon.colcon_core.environment:checking '/home/praful_pawar/arduinobot_ws/install/arduinobot_cpp_examples/lib'
[1.688s] Level 1:colcon.colcon_core.environment:checking '/home/praful_pawar/arduinobot_ws/install/arduinobot_cpp_examples/bin'
[1.688s] Level 1:colcon.colcon_core.environment:checking '/home/praful_pawar/arduinobot_ws/install/arduinobot_cpp_examples/lib/pkgconfig/arduinobot_cpp_examples.pc'
[1.689s] Level 1:colcon.colcon_core.environment:checking '/home/praful_pawar/arduinobot_ws/install/arduinobot_cpp_examples/lib/python3.12/site-packages'
[1.690s] Level 1:colcon.colcon_core.environment:checking '/home/praful_pawar/arduinobot_ws/install/arduinobot_cpp_examples/bin'
[1.691s] INFO:colcon.colcon_core.shell:Creating package script '/home/praful_pawar/arduinobot_ws/install/arduinobot_cpp_examples/share/arduinobot_cpp_examples/package.ps1'
[1.693s] INFO:colcon.colcon_core.shell:Creating package descriptor '/home/praful_pawar/arduinobot_ws/install/arduinobot_cpp_examples/share/arduinobot_cpp_examples/package.dsv'
[1.694s] INFO:colcon.colcon_core.shell:Creating package script '/home/praful_pawar/arduinobot_ws/install/arduinobot_cpp_examples/share/arduinobot_cpp_examples/package.sh'
[1.695s] INFO:colcon.colcon_core.shell:Creating package script '/home/praful_pawar/arduinobot_ws/install/arduinobot_cpp_examples/share/arduinobot_cpp_examples/package.bash'
[1.696s] INFO:colcon.colcon_core.shell:Creating package script '/home/praful_pawar/arduinobot_ws/install/arduinobot_cpp_examples/share/arduinobot_cpp_examples/package.zsh'
[1.697s] Level 1:colcon.colcon_core.environment:create_file_with_runtime_dependencies(/home/praful_pawar/arduinobot_ws/install/arduinobot_cpp_examples/share/colcon-core/packages/arduinobot_cpp_examples)
[1.698s] Level 1:colcon.colcon_core.environment:create_environment_scripts_only(arduinobot_cpp_examples)
[1.698s] Level 1:colcon.colcon_core.environment:checking '/home/praful_pawar/arduinobot_ws/install/arduinobot_cpp_examples' for CMake module files
[1.699s] Level 1:colcon.colcon_core.environment:checking '/home/praful_pawar/arduinobot_ws/install/arduinobot_cpp_examples' for CMake config files
[1.700s] Level 1:colcon.colcon_core.shell:create_environment_hook('arduinobot_cpp_examples', 'cmake_prefix_path')
[1.700s] INFO:colcon.colcon_core.shell:Creating environment hook '/home/praful_pawar/arduinobot_ws/install/arduinobot_cpp_examples/share/arduinobot_cpp_examples/hook/cmake_prefix_path.ps1'
[1.701s] INFO:colcon.colcon_core.shell:Creating environment descriptor '/home/praful_pawar/arduinobot_ws/install/arduinobot_cpp_examples/share/arduinobot_cpp_examples/hook/cmake_prefix_path.dsv'
[1.702s] INFO:colcon.colcon_core.shell:Creating environment hook '/home/praful_pawar/arduinobot_ws/install/arduinobot_cpp_examples/share/arduinobot_cpp_examples/hook/cmake_prefix_path.sh'
[1.703s] Level 1:colcon.colcon_core.environment:checking '/home/praful_pawar/arduinobot_ws/install/arduinobot_cpp_examples/lib'
[1.703s] Level 1:colcon.colcon_core.environment:checking '/home/praful_pawar/arduinobot_ws/install/arduinobot_cpp_examples/bin'
[1.704s] Level 1:colcon.colcon_core.environment:checking '/home/praful_pawar/arduinobot_ws/install/arduinobot_cpp_examples/lib/pkgconfig/arduinobot_cpp_examples.pc'
[1.704s] Level 1:colcon.colcon_core.environment:checking '/home/praful_pawar/arduinobot_ws/install/arduinobot_cpp_examples/lib/python3.12/site-packages'
[1.705s] Level 1:colcon.colcon_core.environment:checking '/home/praful_pawar/arduinobot_ws/install/arduinobot_cpp_examples/bin'
[1.705s] INFO:colcon.colcon_core.shell:Creating package script '/home/praful_pawar/arduinobot_ws/install/arduinobot_cpp_examples/share/arduinobot_cpp_examples/package.ps1'
[1.707s] INFO:colcon.colcon_core.shell:Creating package descriptor '/home/praful_pawar/arduinobot_ws/install/arduinobot_cpp_examples/share/arduinobot_cpp_examples/package.dsv'
[1.708s] INFO:colcon.colcon_core.shell:Creating package script '/home/praful_pawar/arduinobot_ws/install/arduinobot_cpp_examples/share/arduinobot_cpp_examples/package.sh'
[1.710s] INFO:colcon.colcon_core.shell:Creating package script '/home/praful_pawar/arduinobot_ws/install/arduinobot_cpp_examples/share/arduinobot_cpp_examples/package.bash'
[1.712s] INFO:colcon.colcon_core.shell:Creating package script '/home/praful_pawar/arduinobot_ws/install/arduinobot_cpp_examples/share/arduinobot_cpp_examples/package.zsh'
[1.713s] Level 1:colcon.colcon_core.environment:create_file_with_runtime_dependencies(/home/praful_pawar/arduinobot_ws/install/arduinobot_cpp_examples/share/colcon-core/packages/arduinobot_cpp_examples)
[2.804s] DEBUG:colcon.colcon_core.event_handler.log_command:Invoking command in '/home/praful_pawar/arduinobot_ws/src/arduino_py_examples': PYTHONPATH=/home/praful_pawar/arduinobot_ws/build/arduino_py_examples/prefix_override:/usr/lib/python3/dist-packages/colcon_core/task/python/colcon_distutils_commands:/home/praful_pawar/arduinobot_ws/install/arduino_py_examples/lib/python3.12/site-packages:${PYTHONPATH} /usr/bin/python3 -W ignore:setup.py install is deprecated -W ignore:easy_install command is deprecated setup.py egg_info --egg-base ../../build/arduino_py_examples build --build-base /home/praful_pawar/arduinobot_ws/build/arduino_py_examples/build install --record /home/praful_pawar/arduinobot_ws/build/arduino_py_examples/install.log --single-version-externally-managed install_data
[4.172s] Level 1:colcon.colcon_core.environment:checking '/home/praful_pawar/arduinobot_ws/install/arduino_py_examples' for CMake module files
[4.174s] DEBUG:colcon.colcon_core.event_handler.log_command:Invoked command in '/home/praful_pawar/arduinobot_ws/src/arduino_py_examples' returned '0': PYTHONPATH=/home/praful_pawar/arduinobot_ws/build/arduino_py_examples/prefix_override:/usr/lib/python3/dist-packages/colcon_core/task/python/colcon_distutils_commands:/home/praful_pawar/arduinobot_ws/install/arduino_py_examples/lib/python3.12/site-packages:${PYTHONPATH} /usr/bin/python3 -W ignore:setup.py install is deprecated -W ignore:easy_install command is deprecated setup.py egg_info --egg-base ../../build/arduino_py_examples build --build-base /home/praful_pawar/arduinobot_ws/build/arduino_py_examples/build install --record /home/praful_pawar/arduinobot_ws/build/arduino_py_examples/install.log --single-version-externally-managed install_data
[4.174s] Level 1:colcon.colcon_core.environment:checking '/home/praful_pawar/arduinobot_ws/install/arduino_py_examples' for CMake config files
[4.175s] Level 1:colcon.colcon_core.environment:checking '/home/praful_pawar/arduinobot_ws/install/arduino_py_examples/lib'
[4.175s] Level 1:colcon.colcon_core.environment:checking '/home/praful_pawar/arduinobot_ws/install/arduino_py_examples/bin'
[4.176s] Level 1:colcon.colcon_core.environment:checking '/home/praful_pawar/arduinobot_ws/install/arduino_py_examples/lib/pkgconfig/arduino_py_examples.pc'
[4.176s] Level 1:colcon.colcon_core.environment:checking '/home/praful_pawar/arduinobot_ws/install/arduino_py_examples/lib/python3.12/site-packages'
[4.176s] Level 1:colcon.colcon_core.shell:create_environment_hook('arduino_py_examples', 'pythonpath')
[4.176s] INFO:colcon.colcon_core.shell:Creating environment hook '/home/praful_pawar/arduinobot_ws/install/arduino_py_examples/share/arduino_py_examples/hook/pythonpath.ps1'
[4.177s] INFO:colcon.colcon_core.shell:Creating environment descriptor '/home/praful_pawar/arduinobot_ws/install/arduino_py_examples/share/arduino_py_examples/hook/pythonpath.dsv'
[4.178s] INFO:colcon.colcon_core.shell:Creating environment hook '/home/praful_pawar/arduinobot_ws/install/arduino_py_examples/share/arduino_py_examples/hook/pythonpath.sh'
[4.182s] Level 1:colcon.colcon_core.environment:checking '/home/praful_pawar/arduinobot_ws/install/arduino_py_examples/bin'
[4.182s] Level 1:colcon.colcon_core.environment:create_environment_scripts_only(arduino_py_examples)
[4.183s] INFO:colcon.colcon_core.shell:Creating package script '/home/praful_pawar/arduinobot_ws/install/arduino_py_examples/share/arduino_py_examples/package.ps1'
[4.185s] INFO:colcon.colcon_core.shell:Creating package descriptor '/home/praful_pawar/arduinobot_ws/install/arduino_py_examples/share/arduino_py_examples/package.dsv'
[4.186s] INFO:colcon.colcon_core.shell:Creating package script '/home/praful_pawar/arduinobot_ws/install/arduino_py_examples/share/arduino_py_examples/package.sh'
[4.188s] INFO:colcon.colcon_core.shell:Creating package script '/home/praful_pawar/arduinobot_ws/install/arduino_py_examples/share/arduino_py_examples/package.bash'
[4.189s] INFO:colcon.colcon_core.shell:Creating package script '/home/praful_pawar/arduinobot_ws/install/arduino_py_examples/share/arduino_py_examples/package.zsh'
[4.190s] Level 1:colcon.colcon_core.environment:create_file_with_runtime_dependencies(/home/praful_pawar/arduinobot_ws/install/arduino_py_examples/share/colcon-core/packages/arduino_py_examples)
[4.191s] DEBUG:colcon.colcon_parallel_executor.executor.parallel:closing loop
[4.192s] DEBUG:colcon.colcon_parallel_executor.executor.parallel:loop closed
[4.192s] DEBUG:colcon.colcon_parallel_executor.executor.parallel:run_until_complete finished with '0'
[4.193s] DEBUG:colcon.colcon_core.event_reactor:joining thread
[4.364s] INFO:colcon.colcon_core.plugin_system:Skipping extension 'colcon_notification.desktop_notification.notify_send': Could not find 'notify-send'
[4.364s] INFO:colcon.colcon_core.plugin_system:Skipping extension 'colcon_notification.desktop_notification.terminal_notifier': Not used on non-Darwin systems
[4.364s] INFO:colcon.colcon_core.plugin_system:Skipping extension 'colcon_notification.desktop_notification.win32': Not used on non-Windows systems
[4.364s] INFO:colcon.colcon_notification.desktop_notification:Sending desktop notification using 'notify2'
[4.369s] DEBUG:colcon.colcon_notification.desktop_notification.notify2:Failed to initialize notify2: org.freedesktop.DBus.Error.ServiceUnknown: The name org.freedesktop.Notifications was not provided by any .service files
[4.369s] DEBUG:colcon.colcon_core.event_reactor:joined thread
[4.370s] INFO:colcon.colcon_core.shell:Creating prefix script '/home/praful_pawar/arduinobot_ws/install/local_setup.ps1'
[4.373s] INFO:colcon.colcon_core.shell:Creating prefix util module '/home/praful_pawar/arduinobot_ws/install/_local_setup_util_ps1.py'
[4.376s] INFO:colcon.colcon_core.shell:Creating prefix chain script '/home/praful_pawar/arduinobot_ws/install/setup.ps1'
[4.378s] INFO:colcon.colcon_core.shell:Creating prefix script '/home/praful_pawar/arduinobot_ws/install/local_setup.sh'
[4.380s] INFO:colcon.colcon_core.shell:Creating prefix util module '/home/praful_pawar/arduinobot_ws/install/_local_setup_util_sh.py'
[4.382s] INFO:colcon.colcon_core.shell:Creating prefix chain script '/home/praful_pawar/arduinobot_ws/install/setup.sh'
[4.383s] INFO:colcon.colcon_core.shell:Creating prefix script '/home/praful_pawar/arduinobot_ws/install/local_setup.bash'
[4.384s] INFO:colcon.colcon_core.shell:Creating prefix chain script '/home/praful_pawar/arduinobot_ws/install/setup.bash'
[4.386s] INFO:colcon.colcon_core.shell:Creating prefix script '/home/praful_pawar/arduinobot_ws/install/local_setup.zsh'
[4.387s] INFO:colcon.colcon_core.shell:Creating prefix chain script '/home/praful_pawar/arduinobot_ws/install/setup.zsh'
