[1.119s] DEBUG:colcon:Command line arguments: ['/usr/bin/colcon', 'build']
[1.119s] DEBUG:colcon:Parsed command line arguments: Namespace(log_base=None, log_level=None, verb_name='build', build_base='build', install_base='install', merge_install=False, symlink_install=False, test_result_base=None, continue_on_error=False, executor='parallel', parallel_workers=8, event_handlers=None, ignore_user_meta=False, metas=['./colcon.meta'], base_paths=['.'], packages_ignore=None, packages_ignore_regex=None, paths=None, packages_up_to=None, packages_up_to_regex=None, packages_above=None, packages_above_and_dependencies=None, packages_above_depth=None, packages_select_by_dep=None, packages_skip_by_dep=None, packages_skip_up_to=None, packages_select_build_failed=False, packages_skip_build_finished=False, packages_select_test_failures=False, packages_skip_test_passed=False, packages_select=None, packages_skip=None, packages_select_regex=None, packages_skip_regex=None, packages_start=None, packages_end=None, allow_overriding=[], cmake_args=None, cmake_target=None, cmake_target_skip_unavailable=False, cmake_clean_cache=False, cmake_clean_first=False, cmake_force_configure=False, ament_cmake_args=None, catkin_cmake_args=None, catkin_skip_building_tests=False, mixin_files=None, mixin=None, verb_parser=<colcon_mixin.mixin.mixin_argument.MixinArgumentDecorator object at 0x7f130aa4b650>, verb_extension=<colcon_core.verb.build.BuildVerb object at 0x7f130aa4b380>, main=<bound method BuildVerb.main of <colcon_core.verb.build.BuildVerb object at 0x7f130aa4b380>>, mixin_verb=('build',))
[1.183s] Level 1:colcon.colcon_core.package_discovery:discover_packages(colcon_meta) check parameters
[1.183s] Level 1:colcon.colcon_core.package_discovery:discover_packages(recursive) check parameters
[1.183s] Level 1:colcon.colcon_core.package_discovery:discover_packages(ignore) check parameters
[1.183s] Level 1:colcon.colcon_core.package_discovery:discover_packages(path) check parameters
[1.183s] Level 1:colcon.colcon_core.package_discovery:discover_packages(colcon_meta) discover
[1.183s] Level 1:colcon.colcon_core.package_discovery:discover_packages(recursive) discover
[1.184s] INFO:colcon.colcon_core.package_discovery:Crawling recursively for packages in '/home/praful_pawar/arduinobot_ws'
[1.184s] Level 1:colcon.colcon_core.package_identification:_identify(.) by extensions ['ignore', 'ignore_ament_install']
[1.184s] Level 1:colcon.colcon_core.package_identification:_identify(.) by extension 'ignore'
[1.184s] Level 1:colcon.colcon_core.package_identification:_identify(.) by extension 'ignore_ament_install'
[1.184s] Level 1:colcon.colcon_core.package_identification:_identify(.) by extensions ['colcon_pkg']
[1.184s] Level 1:colcon.colcon_core.package_identification:_identify(.) by extension 'colcon_pkg'
[1.184s] Level 1:colcon.colcon_core.package_identification:_identify(.) by extensions ['colcon_meta']
[1.184s] Level 1:colcon.colcon_core.package_identification:_identify(.) by extension 'colcon_meta'
[1.184s] Level 1:colcon.colcon_core.package_identification:_identify(.) by extensions ['ros']
[1.184s] Level 1:colcon.colcon_core.package_identification:_identify(.) by extension 'ros'
[1.237s] Level 1:colcon.colcon_core.package_identification:_identify(.) by extensions ['cmake', 'python']
[1.237s] Level 1:colcon.colcon_core.package_identification:_identify(.) by extension 'cmake'
[1.237s] Level 1:colcon.colcon_core.package_identification:_identify(.) by extension 'python'
[1.237s] Level 1:colcon.colcon_core.package_identification:_identify(.) by extensions ['python_setup_py']
[1.237s] Level 1:colcon.colcon_core.package_identification:_identify(.) by extension 'python_setup_py'
[1.237s] Level 1:colcon.colcon_core.package_identification:_identify(build) by extensions ['ignore', 'ignore_ament_install']
[1.238s] Level 1:colcon.colcon_core.package_identification:_identify(build) by extension 'ignore'
[1.238s] Level 1:colcon.colcon_core.package_identification:_identify(build) ignored
[1.238s] Level 1:colcon.colcon_core.package_identification:_identify(install) by extensions ['ignore', 'ignore_ament_install']
[1.238s] Level 1:colcon.colcon_core.package_identification:_identify(install) by extension 'ignore'
[1.238s] Level 1:colcon.colcon_core.package_identification:_identify(install) ignored
[1.239s] Level 1:colcon.colcon_core.package_identification:_identify(log) by extensions ['ignore', 'ignore_ament_install']
[1.240s] Level 1:colcon.colcon_core.package_identification:_identify(log) by extension 'ignore'
[1.240s] Level 1:colcon.colcon_core.package_identification:_identify(log) ignored
[1.241s] Level 1:colcon.colcon_core.package_identification:_identify(src) by extensions ['ignore', 'ignore_ament_install']
[1.241s] Level 1:colcon.colcon_core.package_identification:_identify(src) by extension 'ignore'
[1.241s] Level 1:colcon.colcon_core.package_identification:_identify(src) by extension 'ignore_ament_install'
[1.241s] Level 1:colcon.colcon_core.package_identification:_identify(src) by extensions ['colcon_pkg']
[1.241s] Level 1:colcon.colcon_core.package_identification:_identify(src) by extension 'colcon_pkg'
[1.241s] Level 1:colcon.colcon_core.package_identification:_identify(src) by extensions ['colcon_meta']
[1.241s] Level 1:colcon.colcon_core.package_identification:_identify(src) by extension 'colcon_meta'
[1.241s] Level 1:colcon.colcon_core.package_identification:_identify(src) by extensions ['ros']
[1.241s] Level 1:colcon.colcon_core.package_identification:_identify(src) by extension 'ros'
[1.241s] Level 1:colcon.colcon_core.package_identification:_identify(src) by extensions ['cmake', 'python']
[1.241s] Level 1:colcon.colcon_core.package_identification:_identify(src) by extension 'cmake'
[1.241s] Level 1:colcon.colcon_core.package_identification:_identify(src) by extension 'python'
[1.241s] Level 1:colcon.colcon_core.package_identification:_identify(src) by extensions ['python_setup_py']
[1.242s] Level 1:colcon.colcon_core.package_identification:_identify(src) by extension 'python_setup_py'
[1.242s] Level 1:colcon.colcon_core.package_identification:_identify(src/arduino_py_examples) by extensions ['ignore', 'ignore_ament_install']
[1.242s] Level 1:colcon.colcon_core.package_identification:_identify(src/arduino_py_examples) by extension 'ignore'
[1.242s] Level 1:colcon.colcon_core.package_identification:_identify(src/arduino_py_examples) by extension 'ignore_ament_install'
[1.242s] Level 1:colcon.colcon_core.package_identification:_identify(src/arduino_py_examples) by extensions ['colcon_pkg']
[1.242s] Level 1:colcon.colcon_core.package_identification:_identify(src/arduino_py_examples) by extension 'colcon_pkg'
[1.243s] Level 1:colcon.colcon_core.package_identification:_identify(src/arduino_py_examples) by extensions ['colcon_meta']
[1.243s] Level 1:colcon.colcon_core.package_identification:_identify(src/arduino_py_examples) by extension 'colcon_meta'
[1.243s] Level 1:colcon.colcon_core.package_identification:_identify(src/arduino_py_examples) by extensions ['ros']
[1.243s] Level 1:colcon.colcon_core.package_identification:_identify(src/arduino_py_examples) by extension 'ros'
[1.248s] DEBUG:colcon.colcon_core.package_identification:Package 'src/arduino_py_examples' with type 'ros.ament_python' and name 'arduino_py_examples'
[1.249s] Level 1:colcon.colcon_core.package_identification:_identify(src/arduinobot_cpp_examples) by extensions ['ignore', 'ignore_ament_install']
[1.250s] Level 1:colcon.colcon_core.package_identification:_identify(src/arduinobot_cpp_examples) by extension 'ignore'
[1.250s] Level 1:colcon.colcon_core.package_identification:_identify(src/arduinobot_cpp_examples) by extension 'ignore_ament_install'
[1.250s] Level 1:colcon.colcon_core.package_identification:_identify(src/arduinobot_cpp_examples) by extensions ['colcon_pkg']
[1.250s] Level 1:colcon.colcon_core.package_identification:_identify(src/arduinobot_cpp_examples) by extension 'colcon_pkg'
[1.250s] Level 1:colcon.colcon_core.package_identification:_identify(src/arduinobot_cpp_examples) by extensions ['colcon_meta']
[1.250s] Level 1:colcon.colcon_core.package_identification:_identify(src/arduinobot_cpp_examples) by extension 'colcon_meta'
[1.250s] Level 1:colcon.colcon_core.package_identification:_identify(src/arduinobot_cpp_examples) by extensions ['ros']
[1.250s] Level 1:colcon.colcon_core.package_identification:_identify(src/arduinobot_cpp_examples) by extension 'ros'
[1.252s] DEBUG:colcon.colcon_core.package_identification:Package 'src/arduinobot_cpp_examples' with type 'ros.ament_cmake' and name 'arduinobot_cpp_examples'
[1.254s] Level 1:colcon.colcon_core.package_identification:_identify(src/arduinobot_description) by extensions ['ignore', 'ignore_ament_install']
[1.254s] Level 1:colcon.colcon_core.package_identification:_identify(src/arduinobot_description) by extension 'ignore'
[1.254s] Level 1:colcon.colcon_core.package_identification:_identify(src/arduinobot_description) by extension 'ignore_ament_install'
[1.254s] Level 1:colcon.colcon_core.package_identification:_identify(src/arduinobot_description) by extensions ['colcon_pkg']
[1.254s] Level 1:colcon.colcon_core.package_identification:_identify(src/arduinobot_description) by extension 'colcon_pkg'
[1.254s] Level 1:colcon.colcon_core.package_identification:_identify(src/arduinobot_description) by extensions ['colcon_meta']
[1.254s] Level 1:colcon.colcon_core.package_identification:_identify(src/arduinobot_description) by extension 'colcon_meta'
[1.254s] Level 1:colcon.colcon_core.package_identification:_identify(src/arduinobot_description) by extensions ['ros']
[1.254s] Level 1:colcon.colcon_core.package_identification:_identify(src/arduinobot_description) by extension 'ros'
[1.255s] DEBUG:colcon.colcon_core.package_identification:Package 'src/arduinobot_description' with type 'ros.ament_cmake' and name 'arduinobot_description'
[1.256s] Level 1:colcon.colcon_core.package_discovery:discover_packages(recursive) using defaults
[1.256s] Level 1:colcon.colcon_core.package_discovery:discover_packages(ignore) discover
[1.256s] Level 1:colcon.colcon_core.package_discovery:discover_packages(ignore) using defaults
[1.256s] Level 1:colcon.colcon_core.package_discovery:discover_packages(path) discover
[1.256s] Level 1:colcon.colcon_core.package_discovery:discover_packages(path) using defaults
[1.306s] Level 1:colcon.colcon_core.package_discovery:discover_packages(prefix_path) check parameters
[1.307s] Level 1:colcon.colcon_core.package_discovery:discover_packages(prefix_path) discover
[1.316s] DEBUG:colcon.colcon_installed_package_information.package_discovery:Found 445 installed packages in /opt/ros/jazzy
[1.318s] Level 1:colcon.colcon_core.package_discovery:discover_packages(prefix_path) using defaults
[1.395s] Level 5:colcon.colcon_core.verb:set package 'arduino_py_examples' build argument 'cmake_args' from command line to 'None'
[1.395s] Level 5:colcon.colcon_core.verb:set package 'arduino_py_examples' build argument 'cmake_target' from command line to 'None'
[1.395s] Level 5:colcon.colcon_core.verb:set package 'arduino_py_examples' build argument 'cmake_target_skip_unavailable' from command line to 'False'
[1.395s] Level 5:colcon.colcon_core.verb:set package 'arduino_py_examples' build argument 'cmake_clean_cache' from command line to 'False'
[1.396s] Level 5:colcon.colcon_core.verb:set package 'arduino_py_examples' build argument 'cmake_clean_first' from command line to 'False'
[1.396s] Level 5:colcon.colcon_core.verb:set package 'arduino_py_examples' build argument 'cmake_force_configure' from command line to 'False'
[1.396s] Level 5:colcon.colcon_core.verb:set package 'arduino_py_examples' build argument 'ament_cmake_args' from command line to 'None'
[1.396s] Level 5:colcon.colcon_core.verb:set package 'arduino_py_examples' build argument 'catkin_cmake_args' from command line to 'None'
[1.396s] Level 5:colcon.colcon_core.verb:set package 'arduino_py_examples' build argument 'catkin_skip_building_tests' from command line to 'False'
[1.396s] DEBUG:colcon.colcon_core.verb:Building package 'arduino_py_examples' with the following arguments: {'ament_cmake_args': None, 'build_base': '/home/praful_pawar/arduinobot_ws/build/arduino_py_examples', 'catkin_cmake_args': None, 'catkin_skip_building_tests': False, 'cmake_args': None, 'cmake_clean_cache': False, 'cmake_clean_first': False, 'cmake_force_configure': False, 'cmake_target': None, 'cmake_target_skip_unavailable': False, 'install_base': '/home/praful_pawar/arduinobot_ws/install/arduino_py_examples', 'merge_install': False, 'path': '/home/praful_pawar/arduinobot_ws/src/arduino_py_examples', 'symlink_install': False, 'test_result_base': None}
[1.396s] Level 5:colcon.colcon_core.verb:set package 'arduinobot_cpp_examples' build argument 'cmake_args' from command line to 'None'
[1.396s] Level 5:colcon.colcon_core.verb:set package 'arduinobot_cpp_examples' build argument 'cmake_target' from command line to 'None'
[1.396s] Level 5:colcon.colcon_core.verb:set package 'arduinobot_cpp_examples' build argument 'cmake_target_skip_unavailable' from command line to 'False'
[1.396s] Level 5:colcon.colcon_core.verb:set package 'arduinobot_cpp_examples' build argument 'cmake_clean_cache' from command line to 'False'
[1.396s] Level 5:colcon.colcon_core.verb:set package 'arduinobot_cpp_examples' build argument 'cmake_clean_first' from command line to 'False'
[1.396s] Level 5:colcon.colcon_core.verb:set package 'arduinobot_cpp_examples' build argument 'cmake_force_configure' from command line to 'False'
[1.396s] Level 5:colcon.colcon_core.verb:set package 'arduinobot_cpp_examples' build argument 'ament_cmake_args' from command line to 'None'
[1.396s] Level 5:colcon.colcon_core.verb:set package 'arduinobot_cpp_examples' build argument 'catkin_cmake_args' from command line to 'None'
[1.396s] Level 5:colcon.colcon_core.verb:set package 'arduinobot_cpp_examples' build argument 'catkin_skip_building_tests' from command line to 'False'
[1.396s] DEBUG:colcon.colcon_core.verb:Building package 'arduinobot_cpp_examples' with the following arguments: {'ament_cmake_args': None, 'build_base': '/home/praful_pawar/arduinobot_ws/build/arduinobot_cpp_examples', 'catkin_cmake_args': None, 'catkin_skip_building_tests': False, 'cmake_args': None, 'cmake_clean_cache': False, 'cmake_clean_first': False, 'cmake_force_configure': False, 'cmake_target': None, 'cmake_target_skip_unavailable': False, 'install_base': '/home/praful_pawar/arduinobot_ws/install/arduinobot_cpp_examples', 'merge_install': False, 'path': '/home/praful_pawar/arduinobot_ws/src/arduinobot_cpp_examples', 'symlink_install': False, 'test_result_base': None}
[1.396s] Level 5:colcon.colcon_core.verb:set package 'arduinobot_description' build argument 'cmake_args' from command line to 'None'
[1.396s] Level 5:colcon.colcon_core.verb:set package 'arduinobot_description' build argument 'cmake_target' from command line to 'None'
[1.396s] Level 5:colcon.colcon_core.verb:set package 'arduinobot_description' build argument 'cmake_target_skip_unavailable' from command line to 'False'
[1.396s] Level 5:colcon.colcon_core.verb:set package 'arduinobot_description' build argument 'cmake_clean_cache' from command line to 'False'
[1.396s] Level 5:colcon.colcon_core.verb:set package 'arduinobot_description' build argument 'cmake_clean_first' from command line to 'False'
[1.396s] Level 5:colcon.colcon_core.verb:set package 'arduinobot_description' build argument 'cmake_force_configure' from command line to 'False'
[1.396s] Level 5:colcon.colcon_core.verb:set package 'arduinobot_description' build argument 'ament_cmake_args' from command line to 'None'
[1.396s] Level 5:colcon.colcon_core.verb:set package 'arduinobot_description' build argument 'catkin_cmake_args' from command line to 'None'
[1.396s] Level 5:colcon.colcon_core.verb:set package 'arduinobot_description' build argument 'catkin_skip_building_tests' from command line to 'False'
[1.396s] DEBUG:colcon.colcon_core.verb:Building package 'arduinobot_description' with the following arguments: {'ament_cmake_args': None, 'build_base': '/home/praful_pawar/arduinobot_ws/build/arduinobot_description', 'catkin_cmake_args': None, 'catkin_skip_building_tests': False, 'cmake_args': None, 'cmake_clean_cache': False, 'cmake_clean_first': False, 'cmake_force_configure': False, 'cmake_target': None, 'cmake_target_skip_unavailable': False, 'install_base': '/home/praful_pawar/arduinobot_ws/install/arduinobot_description', 'merge_install': False, 'path': '/home/praful_pawar/arduinobot_ws/src/arduinobot_description', 'symlink_install': False, 'test_result_base': None}
[1.396s] INFO:colcon.colcon_core.executor:Executing jobs using 'parallel' executor
[1.398s] DEBUG:colcon.colcon_parallel_executor.executor.parallel:run_until_complete
[1.398s] INFO:colcon.colcon_ros.task.ament_python.build:Building ROS package in '/home/praful_pawar/arduinobot_ws/src/arduino_py_examples' with build type 'ament_python'
[1.399s] Level 1:colcon.colcon_core.shell:create_environment_hook('arduino_py_examples', 'ament_prefix_path')
[1.413s] INFO:colcon.colcon_core.plugin_system:Skipping extension 'colcon_core.shell.bat': Not used on non-Windows systems
[1.413s] INFO:colcon.colcon_core.shell:Creating environment hook '/home/praful_pawar/arduinobot_ws/install/arduino_py_examples/share/arduino_py_examples/hook/ament_prefix_path.ps1'
[1.418s] INFO:colcon.colcon_core.shell:Creating environment descriptor '/home/praful_pawar/arduinobot_ws/install/arduino_py_examples/share/arduino_py_examples/hook/ament_prefix_path.dsv'
[1.419s] INFO:colcon.colcon_core.shell:Creating environment hook '/home/praful_pawar/arduinobot_ws/install/arduino_py_examples/share/arduino_py_examples/hook/ament_prefix_path.sh'
[1.421s] INFO:colcon.colcon_core.shell:Skip shell extension 'powershell' for command environment: Not usable outside of PowerShell
[1.421s] DEBUG:colcon.colcon_core.shell:Skip shell extension 'dsv' for command environment
[1.429s] INFO:colcon.colcon_ros.task.ament_cmake.build:Building ROS package in '/home/praful_pawar/arduinobot_ws/src/arduinobot_cpp_examples' with build type 'ament_cmake'
[1.429s] INFO:colcon.colcon_cmake.task.cmake.build:Building CMake package in '/home/praful_pawar/arduinobot_ws/src/arduinobot_cpp_examples'
[1.429s] INFO:colcon.colcon_core.shell:Skip shell extension 'powershell' for command environment: Not usable outside of PowerShell
[1.429s] DEBUG:colcon.colcon_core.shell:Skip shell extension 'dsv' for command environment
[1.435s] INFO:colcon.colcon_ros.task.ament_cmake.build:Building ROS package in '/home/praful_pawar/arduinobot_ws/src/arduinobot_description' with build type 'ament_cmake'
[1.435s] INFO:colcon.colcon_cmake.task.cmake.build:Building CMake package in '/home/praful_pawar/arduinobot_ws/src/arduinobot_description'
[1.435s] INFO:colcon.colcon_core.shell:Skip shell extension 'powershell' for command environment: Not usable outside of PowerShell
[1.435s] DEBUG:colcon.colcon_core.shell:Skip shell extension 'dsv' for command environment
[1.748s] INFO:colcon.colcon_core.task.python.build:Building Python package in '/home/praful_pawar/arduinobot_ws/src/arduino_py_examples'
[1.748s] INFO:colcon.colcon_core.shell:Skip shell extension 'powershell' for command environment: Not usable outside of PowerShell
[1.748s] DEBUG:colcon.colcon_core.shell:Skip shell extension 'dsv' for command environment
[1.760s] DEBUG:colcon.colcon_core.event_handler.log_command:Invoking command in '/home/praful_pawar/arduinobot_ws/build/arduinobot_cpp_examples': CMAKE_PREFIX_PATH=${CMAKE_PREFIX_PATH}:/opt/ros/jazzy /usr/bin/cmake --build /home/praful_pawar/arduinobot_ws/build/arduinobot_cpp_examples -- -j8 -l8
[1.774s] DEBUG:colcon.colcon_core.event_handler.log_command:Invoking command in '/home/praful_pawar/arduinobot_ws/build/arduinobot_description': CMAKE_PREFIX_PATH=${CMAKE_PREFIX_PATH}:/opt/ros/jazzy /usr/bin/cmake --build /home/praful_pawar/arduinobot_ws/build/arduinobot_description -- -j8 -l8
[1.928s] DEBUG:colcon.colcon_core.event_handler.log_command:Invoked command in '/home/praful_pawar/arduinobot_ws/build/arduinobot_description' returned '0': CMAKE_PREFIX_PATH=${CMAKE_PREFIX_PATH}:/opt/ros/jazzy /usr/bin/cmake --build /home/praful_pawar/arduinobot_ws/build/arduinobot_description -- -j8 -l8
[1.953s] DEBUG:colcon.colcon_core.event_handler.log_command:Invoking command in '/home/praful_pawar/arduinobot_ws/build/arduinobot_description': CMAKE_PREFIX_PATH=${CMAKE_PREFIX_PATH}:/opt/ros/jazzy /usr/bin/cmake --install /home/praful_pawar/arduinobot_ws/build/arduinobot_description
[1.998s] Level 1:colcon.colcon_core.environment:create_environment_scripts_only(arduinobot_description)
[2.016s] DEBUG:colcon.colcon_core.event_handler.log_command:Invoked command in '/home/praful_pawar/arduinobot_ws/build/arduinobot_description' returned '0': CMAKE_PREFIX_PATH=${CMAKE_PREFIX_PATH}:/opt/ros/jazzy /usr/bin/cmake --install /home/praful_pawar/arduinobot_ws/build/arduinobot_description
[2.038s] Level 1:colcon.colcon_core.environment:checking '/home/praful_pawar/arduinobot_ws/install/arduinobot_description' for CMake module files
[2.039s] Level 1:colcon.colcon_core.environment:checking '/home/praful_pawar/arduinobot_ws/install/arduinobot_description' for CMake config files
[2.042s] Level 1:colcon.colcon_core.shell:create_environment_hook('arduinobot_description', 'cmake_prefix_path')
[2.043s] INFO:colcon.colcon_core.shell:Creating environment hook '/home/praful_pawar/arduinobot_ws/install/arduinobot_description/share/arduinobot_description/hook/cmake_prefix_path.ps1'
[2.044s] INFO:colcon.colcon_core.shell:Creating environment descriptor '/home/praful_pawar/arduinobot_ws/install/arduinobot_description/share/arduinobot_description/hook/cmake_prefix_path.dsv'
[2.046s] INFO:colcon.colcon_core.shell:Creating environment hook '/home/praful_pawar/arduinobot_ws/install/arduinobot_description/share/arduinobot_description/hook/cmake_prefix_path.sh'
[2.052s] Level 1:colcon.colcon_core.environment:checking '/home/praful_pawar/arduinobot_ws/install/arduinobot_description/bin'
[2.053s] Level 1:colcon.colcon_core.environment:checking '/home/praful_pawar/arduinobot_ws/install/arduinobot_description/lib/pkgconfig/arduinobot_description.pc'
[2.054s] Level 1:colcon.colcon_core.environment:checking '/home/praful_pawar/arduinobot_ws/install/arduinobot_description/lib/python3.12/site-packages'
[2.055s] Level 1:colcon.colcon_core.environment:checking '/home/praful_pawar/arduinobot_ws/install/arduinobot_description/bin'
[2.055s] INFO:colcon.colcon_core.shell:Creating package script '/home/praful_pawar/arduinobot_ws/install/arduinobot_description/share/arduinobot_description/package.ps1'
[2.058s] INFO:colcon.colcon_core.shell:Creating package descriptor '/home/praful_pawar/arduinobot_ws/install/arduinobot_description/share/arduinobot_description/package.dsv'
[2.060s] INFO:colcon.colcon_core.shell:Creating package script '/home/praful_pawar/arduinobot_ws/install/arduinobot_description/share/arduinobot_description/package.sh'
[2.062s] INFO:colcon.colcon_core.shell:Creating package script '/home/praful_pawar/arduinobot_ws/install/arduinobot_description/share/arduinobot_description/package.bash'
[2.065s] INFO:colcon.colcon_core.shell:Creating package script '/home/praful_pawar/arduinobot_ws/install/arduinobot_description/share/arduinobot_description/package.zsh'
[2.068s] Level 1:colcon.colcon_core.environment:create_file_with_runtime_dependencies(/home/praful_pawar/arduinobot_ws/install/arduinobot_description/share/colcon-core/packages/arduinobot_description)
[2.069s] Level 1:colcon.colcon_core.environment:create_environment_scripts_only(arduinobot_description)
[2.069s] Level 1:colcon.colcon_core.environment:checking '/home/praful_pawar/arduinobot_ws/install/arduinobot_description' for CMake module files
[2.070s] Level 1:colcon.colcon_core.environment:checking '/home/praful_pawar/arduinobot_ws/install/arduinobot_description' for CMake config files
[2.071s] Level 1:colcon.colcon_core.shell:create_environment_hook('arduinobot_description', 'cmake_prefix_path')
[2.071s] INFO:colcon.colcon_core.shell:Creating environment hook '/home/praful_pawar/arduinobot_ws/install/arduinobot_description/share/arduinobot_description/hook/cmake_prefix_path.ps1'
[2.071s] INFO:colcon.colcon_core.shell:Creating environment descriptor '/home/praful_pawar/arduinobot_ws/install/arduinobot_description/share/arduinobot_description/hook/cmake_prefix_path.dsv'
[2.072s] INFO:colcon.colcon_core.shell:Creating environment hook '/home/praful_pawar/arduinobot_ws/install/arduinobot_description/share/arduinobot_description/hook/cmake_prefix_path.sh'
[2.073s] Level 1:colcon.colcon_core.environment:checking '/home/praful_pawar/arduinobot_ws/install/arduinobot_description/bin'
[2.073s] Level 1:colcon.colcon_core.environment:checking '/home/praful_pawar/arduinobot_ws/install/arduinobot_description/lib/pkgconfig/arduinobot_description.pc'
[2.074s] Level 1:colcon.colcon_core.environment:checking '/home/praful_pawar/arduinobot_ws/install/arduinobot_description/lib/python3.12/site-packages'
[2.074s] Level 1:colcon.colcon_core.environment:checking '/home/praful_pawar/arduinobot_ws/install/arduinobot_description/bin'
[2.074s] INFO:colcon.colcon_core.shell:Creating package script '/home/praful_pawar/arduinobot_ws/install/arduinobot_description/share/arduinobot_description/package.ps1'
[2.076s] INFO:colcon.colcon_core.shell:Creating package descriptor '/home/praful_pawar/arduinobot_ws/install/arduinobot_description/share/arduinobot_description/package.dsv'
[2.077s] INFO:colcon.colcon_core.shell:Creating package script '/home/praful_pawar/arduinobot_ws/install/arduinobot_description/share/arduinobot_description/package.sh'
[2.078s] INFO:colcon.colcon_core.shell:Creating package script '/home/praful_pawar/arduinobot_ws/install/arduinobot_description/share/arduinobot_description/package.bash'
[2.078s] INFO:colcon.colcon_core.shell:Creating package script '/home/praful_pawar/arduinobot_ws/install/arduinobot_description/share/arduinobot_description/package.zsh'
[2.079s] Level 1:colcon.colcon_core.environment:create_file_with_runtime_dependencies(/home/praful_pawar/arduinobot_ws/install/arduinobot_description/share/colcon-core/packages/arduinobot_description)
[2.114s] DEBUG:colcon.colcon_core.event_handler.log_command:Invoked command in '/home/praful_pawar/arduinobot_ws/build/arduinobot_cpp_examples' returned '0': CMAKE_PREFIX_PATH=${CMAKE_PREFIX_PATH}:/opt/ros/jazzy /usr/bin/cmake --build /home/praful_pawar/arduinobot_ws/build/arduinobot_cpp_examples -- -j8 -l8
[2.118s] DEBUG:colcon.colcon_core.event_handler.log_command:Invoking command in '/home/praful_pawar/arduinobot_ws/build/arduinobot_cpp_examples': CMAKE_PREFIX_PATH=${CMAKE_PREFIX_PATH}:/opt/ros/jazzy /usr/bin/cmake --install /home/praful_pawar/arduinobot_ws/build/arduinobot_cpp_examples
[2.150s] Level 1:colcon.colcon_core.environment:create_environment_scripts_only(arduinobot_cpp_examples)
[2.151s] Level 1:colcon.colcon_core.environment:checking '/home/praful_pawar/arduinobot_ws/install/arduinobot_cpp_examples' for CMake module files
[2.151s] DEBUG:colcon.colcon_core.event_handler.log_command:Invoked command in '/home/praful_pawar/arduinobot_ws/build/arduinobot_cpp_examples' returned '0': CMAKE_PREFIX_PATH=${CMAKE_PREFIX_PATH}:/opt/ros/jazzy /usr/bin/cmake --install /home/praful_pawar/arduinobot_ws/build/arduinobot_cpp_examples
[2.152s] Level 1:colcon.colcon_core.environment:checking '/home/praful_pawar/arduinobot_ws/install/arduinobot_cpp_examples' for CMake config files
[2.153s] Level 1:colcon.colcon_core.shell:create_environment_hook('arduinobot_cpp_examples', 'cmake_prefix_path')
[2.153s] INFO:colcon.colcon_core.shell:Creating environment hook '/home/praful_pawar/arduinobot_ws/install/arduinobot_cpp_examples/share/arduinobot_cpp_examples/hook/cmake_prefix_path.ps1'
[2.153s] INFO:colcon.colcon_core.shell:Creating environment descriptor '/home/praful_pawar/arduinobot_ws/install/arduinobot_cpp_examples/share/arduinobot_cpp_examples/hook/cmake_prefix_path.dsv'
[2.154s] INFO:colcon.colcon_core.shell:Creating environment hook '/home/praful_pawar/arduinobot_ws/install/arduinobot_cpp_examples/share/arduinobot_cpp_examples/hook/cmake_prefix_path.sh'
[2.155s] Level 1:colcon.colcon_core.environment:checking '/home/praful_pawar/arduinobot_ws/install/arduinobot_cpp_examples/lib'
[2.155s] Level 1:colcon.colcon_core.environment:checking '/home/praful_pawar/arduinobot_ws/install/arduinobot_cpp_examples/bin'
[2.155s] Level 1:colcon.colcon_core.environment:checking '/home/praful_pawar/arduinobot_ws/install/arduinobot_cpp_examples/lib/pkgconfig/arduinobot_cpp_examples.pc'
[2.155s] Level 1:colcon.colcon_core.environment:checking '/home/praful_pawar/arduinobot_ws/install/arduinobot_cpp_examples/lib/python3.12/site-packages'
[2.156s] Level 1:colcon.colcon_core.environment:checking '/home/praful_pawar/arduinobot_ws/install/arduinobot_cpp_examples/bin'
[2.156s] INFO:colcon.colcon_core.shell:Creating package script '/home/praful_pawar/arduinobot_ws/install/arduinobot_cpp_examples/share/arduinobot_cpp_examples/package.ps1'
[2.156s] INFO:colcon.colcon_core.shell:Creating package descriptor '/home/praful_pawar/arduinobot_ws/install/arduinobot_cpp_examples/share/arduinobot_cpp_examples/package.dsv'
[2.157s] INFO:colcon.colcon_core.shell:Creating package script '/home/praful_pawar/arduinobot_ws/install/arduinobot_cpp_examples/share/arduinobot_cpp_examples/package.sh'
[2.158s] INFO:colcon.colcon_core.shell:Creating package script '/home/praful_pawar/arduinobot_ws/install/arduinobot_cpp_examples/share/arduinobot_cpp_examples/package.bash'
[2.158s] INFO:colcon.colcon_core.shell:Creating package script '/home/praful_pawar/arduinobot_ws/install/arduinobot_cpp_examples/share/arduinobot_cpp_examples/package.zsh'
[2.159s] Level 1:colcon.colcon_core.environment:create_file_with_runtime_dependencies(/home/praful_pawar/arduinobot_ws/install/arduinobot_cpp_examples/share/colcon-core/packages/arduinobot_cpp_examples)
[2.164s] Level 1:colcon.colcon_core.environment:create_environment_scripts_only(arduinobot_cpp_examples)
[2.165s] Level 1:colcon.colcon_core.environment:checking '/home/praful_pawar/arduinobot_ws/install/arduinobot_cpp_examples' for CMake module files
[2.165s] Level 1:colcon.colcon_core.environment:checking '/home/praful_pawar/arduinobot_ws/install/arduinobot_cpp_examples' for CMake config files
[2.166s] Level 1:colcon.colcon_core.shell:create_environment_hook('arduinobot_cpp_examples', 'cmake_prefix_path')
[2.166s] INFO:colcon.colcon_core.shell:Creating environment hook '/home/praful_pawar/arduinobot_ws/install/arduinobot_cpp_examples/share/arduinobot_cpp_examples/hook/cmake_prefix_path.ps1'
[2.167s] INFO:colcon.colcon_core.shell:Creating environment descriptor '/home/praful_pawar/arduinobot_ws/install/arduinobot_cpp_examples/share/arduinobot_cpp_examples/hook/cmake_prefix_path.dsv'
[2.168s] INFO:colcon.colcon_core.shell:Creating environment hook '/home/praful_pawar/arduinobot_ws/install/arduinobot_cpp_examples/share/arduinobot_cpp_examples/hook/cmake_prefix_path.sh'
[2.169s] Level 1:colcon.colcon_core.environment:checking '/home/praful_pawar/arduinobot_ws/install/arduinobot_cpp_examples/lib'
[2.169s] Level 1:colcon.colcon_core.environment:checking '/home/praful_pawar/arduinobot_ws/install/arduinobot_cpp_examples/bin'
[2.169s] Level 1:colcon.colcon_core.environment:checking '/home/praful_pawar/arduinobot_ws/install/arduinobot_cpp_examples/lib/pkgconfig/arduinobot_cpp_examples.pc'
[2.169s] Level 1:colcon.colcon_core.environment:checking '/home/praful_pawar/arduinobot_ws/install/arduinobot_cpp_examples/lib/python3.12/site-packages'
[2.169s] Level 1:colcon.colcon_core.environment:checking '/home/praful_pawar/arduinobot_ws/install/arduinobot_cpp_examples/bin'
[2.169s] INFO:colcon.colcon_core.shell:Creating package script '/home/praful_pawar/arduinobot_ws/install/arduinobot_cpp_examples/share/arduinobot_cpp_examples/package.ps1'
[2.170s] INFO:colcon.colcon_core.shell:Creating package descriptor '/home/praful_pawar/arduinobot_ws/install/arduinobot_cpp_examples/share/arduinobot_cpp_examples/package.dsv'
[2.171s] INFO:colcon.colcon_core.shell:Creating package script '/home/praful_pawar/arduinobot_ws/install/arduinobot_cpp_examples/share/arduinobot_cpp_examples/package.sh'
[2.172s] INFO:colcon.colcon_core.shell:Creating package script '/home/praful_pawar/arduinobot_ws/install/arduinobot_cpp_examples/share/arduinobot_cpp_examples/package.bash'
[2.172s] INFO:colcon.colcon_core.shell:Creating package script '/home/praful_pawar/arduinobot_ws/install/arduinobot_cpp_examples/share/arduinobot_cpp_examples/package.zsh'
[2.173s] Level 1:colcon.colcon_core.environment:create_file_with_runtime_dependencies(/home/praful_pawar/arduinobot_ws/install/arduinobot_cpp_examples/share/colcon-core/packages/arduinobot_cpp_examples)
[3.516s] DEBUG:colcon.colcon_core.event_handler.log_command:Invoking command in '/home/praful_pawar/arduinobot_ws/src/arduino_py_examples': PYTHONPATH=/home/praful_pawar/arduinobot_ws/build/arduino_py_examples/prefix_override:/usr/lib/python3/dist-packages/colcon_core/task/python/colcon_distutils_commands:/home/praful_pawar/arduinobot_ws/install/arduino_py_examples/lib/python3.12/site-packages:${PYTHONPATH} /usr/bin/python3 -W ignore:setup.py install is deprecated -W ignore:easy_install command is deprecated setup.py egg_info --egg-base ../../build/arduino_py_examples build --build-base /home/praful_pawar/arduinobot_ws/build/arduino_py_examples/build install --record /home/praful_pawar/arduinobot_ws/build/arduino_py_examples/install.log --single-version-externally-managed install_data
[4.210s] Level 1:colcon.colcon_core.environment:checking '/home/praful_pawar/arduinobot_ws/install/arduino_py_examples' for CMake module files
[4.212s] DEBUG:colcon.colcon_core.event_handler.log_command:Invoked command in '/home/praful_pawar/arduinobot_ws/src/arduino_py_examples' returned '0': PYTHONPATH=/home/praful_pawar/arduinobot_ws/build/arduino_py_examples/prefix_override:/usr/lib/python3/dist-packages/colcon_core/task/python/colcon_distutils_commands:/home/praful_pawar/arduinobot_ws/install/arduino_py_examples/lib/python3.12/site-packages:${PYTHONPATH} /usr/bin/python3 -W ignore:setup.py install is deprecated -W ignore:easy_install command is deprecated setup.py egg_info --egg-base ../../build/arduino_py_examples build --build-base /home/praful_pawar/arduinobot_ws/build/arduino_py_examples/build install --record /home/praful_pawar/arduinobot_ws/build/arduino_py_examples/install.log --single-version-externally-managed install_data
[4.213s] Level 1:colcon.colcon_core.environment:checking '/home/praful_pawar/arduinobot_ws/install/arduino_py_examples' for CMake config files
[4.215s] Level 1:colcon.colcon_core.environment:checking '/home/praful_pawar/arduinobot_ws/install/arduino_py_examples/lib'
[4.215s] Level 1:colcon.colcon_core.environment:checking '/home/praful_pawar/arduinobot_ws/install/arduino_py_examples/bin'
[4.215s] Level 1:colcon.colcon_core.environment:checking '/home/praful_pawar/arduinobot_ws/install/arduino_py_examples/lib/pkgconfig/arduino_py_examples.pc'
[4.215s] Level 1:colcon.colcon_core.environment:checking '/home/praful_pawar/arduinobot_ws/install/arduino_py_examples/lib/python3.12/site-packages'
[4.215s] Level 1:colcon.colcon_core.shell:create_environment_hook('arduino_py_examples', 'pythonpath')
[4.215s] INFO:colcon.colcon_core.shell:Creating environment hook '/home/praful_pawar/arduinobot_ws/install/arduino_py_examples/share/arduino_py_examples/hook/pythonpath.ps1'
[4.216s] INFO:colcon.colcon_core.shell:Creating environment descriptor '/home/praful_pawar/arduinobot_ws/install/arduino_py_examples/share/arduino_py_examples/hook/pythonpath.dsv'
[4.217s] INFO:colcon.colcon_core.shell:Creating environment hook '/home/praful_pawar/arduinobot_ws/install/arduino_py_examples/share/arduino_py_examples/hook/pythonpath.sh'
[4.218s] Level 1:colcon.colcon_core.environment:checking '/home/praful_pawar/arduinobot_ws/install/arduino_py_examples/bin'
[4.218s] Level 1:colcon.colcon_core.environment:create_environment_scripts_only(arduino_py_examples)
[4.219s] INFO:colcon.colcon_core.shell:Creating package script '/home/praful_pawar/arduinobot_ws/install/arduino_py_examples/share/arduino_py_examples/package.ps1'
[4.219s] INFO:colcon.colcon_core.shell:Creating package descriptor '/home/praful_pawar/arduinobot_ws/install/arduino_py_examples/share/arduino_py_examples/package.dsv'
[4.220s] INFO:colcon.colcon_core.shell:Creating package script '/home/praful_pawar/arduinobot_ws/install/arduino_py_examples/share/arduino_py_examples/package.sh'
[4.221s] INFO:colcon.colcon_core.shell:Creating package script '/home/praful_pawar/arduinobot_ws/install/arduino_py_examples/share/arduino_py_examples/package.bash'
[4.222s] INFO:colcon.colcon_core.shell:Creating package script '/home/praful_pawar/arduinobot_ws/install/arduino_py_examples/share/arduino_py_examples/package.zsh'
[4.223s] Level 1:colcon.colcon_core.environment:create_file_with_runtime_dependencies(/home/praful_pawar/arduinobot_ws/install/arduino_py_examples/share/colcon-core/packages/arduino_py_examples)
[4.224s] DEBUG:colcon.colcon_parallel_executor.executor.parallel:closing loop
[4.225s] DEBUG:colcon.colcon_parallel_executor.executor.parallel:loop closed
[4.225s] DEBUG:colcon.colcon_parallel_executor.executor.parallel:run_until_complete finished with '0'
[4.225s] DEBUG:colcon.colcon_core.event_reactor:joining thread
[4.422s] INFO:colcon.colcon_core.plugin_system:Skipping extension 'colcon_notification.desktop_notification.notify_send': Could not find 'notify-send'
[4.423s] INFO:colcon.colcon_core.plugin_system:Skipping extension 'colcon_notification.desktop_notification.terminal_notifier': Not used on non-Darwin systems
[4.423s] INFO:colcon.colcon_core.plugin_system:Skipping extension 'colcon_notification.desktop_notification.win32': Not used on non-Windows systems
[4.423s] INFO:colcon.colcon_notification.desktop_notification:Sending desktop notification using 'notify2'
[4.444s] DEBUG:colcon.colcon_notification.desktop_notification.notify2:Failed to initialize notify2: org.freedesktop.DBus.Error.ServiceUnknown: The name org.freedesktop.Notifications was not provided by any .service files
[4.444s] DEBUG:colcon.colcon_core.event_reactor:joined thread
[4.445s] INFO:colcon.colcon_core.shell:Creating prefix script '/home/praful_pawar/arduinobot_ws/install/local_setup.ps1'
[4.447s] INFO:colcon.colcon_core.shell:Creating prefix util module '/home/praful_pawar/arduinobot_ws/install/_local_setup_util_ps1.py'
[4.448s] INFO:colcon.colcon_core.shell:Creating prefix chain script '/home/praful_pawar/arduinobot_ws/install/setup.ps1'
[4.450s] INFO:colcon.colcon_core.shell:Creating prefix script '/home/praful_pawar/arduinobot_ws/install/local_setup.sh'
[4.451s] INFO:colcon.colcon_core.shell:Creating prefix util module '/home/praful_pawar/arduinobot_ws/install/_local_setup_util_sh.py'
[4.452s] INFO:colcon.colcon_core.shell:Creating prefix chain script '/home/praful_pawar/arduinobot_ws/install/setup.sh'
[4.453s] INFO:colcon.colcon_core.shell:Creating prefix script '/home/praful_pawar/arduinobot_ws/install/local_setup.bash'
[4.454s] INFO:colcon.colcon_core.shell:Creating prefix chain script '/home/praful_pawar/arduinobot_ws/install/setup.bash'
[4.456s] INFO:colcon.colcon_core.shell:Creating prefix script '/home/praful_pawar/arduinobot_ws/install/local_setup.zsh'
[4.457s] INFO:colcon.colcon_core.shell:Creating prefix chain script '/home/praful_pawar/arduinobot_ws/install/setup.zsh'
