[0.574s] Invoking command in '/home/praful_pawar/arduinobot_ws/build/arduinobot_description': CMAKE_PREFIX_PATH=${CMAKE_PREFIX_PATH}:/home/praful_pawar/arduinobot_ws/install/arduino_py_examples:/opt/ros/jazzy /usr/bin/cmake --build /home/praful_pawar/arduinobot_ws/build/arduinobot_description -- -j8 -l8
[0.996s] Invoked command in '/home/praful_pawar/arduinobot_ws/build/arduinobot_description' returned '0': CMAKE_PREFIX_PATH=${CMAKE_PREFIX_PATH}:/home/praful_pawar/arduinobot_ws/install/arduino_py_examples:/opt/ros/jazzy /usr/bin/cmake --build /home/praful_pawar/arduinobot_ws/build/arduinobot_description -- -j8 -l8
[1.056s] Invoking command in '/home/praful_pawar/arduinobot_ws/build/arduinobot_description': CMAKE_PREFIX_PATH=${CMAKE_PREFIX_PATH}:/home/praful_pawar/arduinobot_ws/install/arduino_py_examples:/opt/ros/jazzy /usr/bin/cmake --install /home/praful_pawar/arduinobot_ws/build/arduinobot_description
[1.079s] -- Install configuration: ""
[1.080s] -- Up-to-date: /home/praful_pawar/arduinobot_ws/install/arduinobot_description/share/arduinobot_description/meshes
[1.081s] -- Up-to-date: /home/praful_pawar/arduinobot_ws/install/arduinobot_description/share/arduinobot_description/meshes/link.stl
[1.082s] -- Up-to-date: /home/praful_pawar/arduinobot_ws/install/arduinobot_description/share/arduinobot_description/meshes/left_finger.stl
[1.082s] -- Up-to-date: /home/praful_pawar/arduinobot_ws/install/arduinobot_description/share/arduinobot_description/meshes/forward_drive_arm.STL
[1.082s] -- Up-to-date: /home/praful_pawar/arduinobot_ws/install/arduinobot_description/share/arduinobot_description/meshes/right_finger.stl
[1.083s] -- Up-to-date: /home/praful_pawar/arduinobot_ws/install/arduinobot_description/share/arduinobot_description/meshes/servo_plate.stl
[1.083s] -- Up-to-date: /home/praful_pawar/arduinobot_ws/install/arduinobot_description/share/arduinobot_description/meshes/vertical_drive_arm.stl
[1.083s] -- Up-to-date: /home/praful_pawar/arduinobot_ws/install/arduinobot_description/share/arduinobot_description/meshes/forward_drive.stl
[1.084s] -- Up-to-date: /home/praful_pawar/arduinobot_ws/install/arduinobot_description/share/arduinobot_description/meshes/horizontal_arm3.stl
[1.087s] -- Up-to-date: /home/praful_pawar/arduinobot_ws/install/arduinobot_description/share/arduinobot_description/meshes/basement3.stl
[1.088s] -- Up-to-date: /home/praful_pawar/arduinobot_ws/install/arduinobot_description/share/arduinobot_description/meshes/horizontal_arm.stl
[1.088s] -- Up-to-date: /home/praful_pawar/arduinobot_ws/install/arduinobot_description/share/arduinobot_description/meshes/base_plate1.stl
[1.088s] -- Up-to-date: /home/praful_pawar/arduinobot_ws/install/arduinobot_description/share/arduinobot_description/meshes/round_plate.stl
[1.088s] -- Up-to-date: /home/praful_pawar/arduinobot_ws/install/arduinobot_description/share/arduinobot_description/meshes/triangular_link.stl
[1.088s] -- Up-to-date: /home/praful_pawar/arduinobot_ws/install/arduinobot_description/share/arduinobot_description/meshes/claw_support.stl
[1.089s] -- Up-to-date: /home/praful_pawar/arduinobot_ws/install/arduinobot_description/share/arduinobot_description/meshes/horizontal_arm.STL
[1.089s] -- Up-to-date: /home/praful_pawar/arduinobot_ws/install/arduinobot_description/share/arduinobot_description/meshes/horizontal_arm2.stl
[1.090s] -- Up-to-date: /home/praful_pawar/arduinobot_ws/install/arduinobot_description/share/arduinobot_description/meshes/plate.stl
[1.091s] -- Up-to-date: /home/praful_pawar/arduinobot_ws/install/arduinobot_description/share/arduinobot_description/urdf
[1.091s] -- Up-to-date: /home/praful_pawar/arduinobot_ws/install/arduinobot_description/share/arduinobot_description/urdf/arduinobot.urdf.xacro
[1.091s] -- Up-to-date: /home/praful_pawar/arduinobot_ws/install/arduinobot_description/share/arduinobot_description/urdf/display.launch.py
[1.092s] -- Up-to-date: /home/praful_pawar/arduinobot_ws/install/arduinobot_description/share/ament_index/resource_index/package_run_dependencies/arduinobot_description
[1.092s] -- Up-to-date: /home/praful_pawar/arduinobot_ws/install/arduinobot_description/share/ament_index/resource_index/parent_prefix_path/arduinobot_description
[1.092s] -- Up-to-date: /home/praful_pawar/arduinobot_ws/install/arduinobot_description/share/arduinobot_description/environment/ament_prefix_path.sh
[1.093s] -- Up-to-date: /home/praful_pawar/arduinobot_ws/install/arduinobot_description/share/arduinobot_description/environment/ament_prefix_path.dsv
[1.093s] -- Up-to-date: /home/praful_pawar/arduinobot_ws/install/arduinobot_description/share/arduinobot_description/environment/path.sh
[1.093s] -- Up-to-date: /home/praful_pawar/arduinobot_ws/install/arduinobot_description/share/arduinobot_description/environment/path.dsv
[1.093s] -- Up-to-date: /home/praful_pawar/arduinobot_ws/install/arduinobot_description/share/arduinobot_description/local_setup.bash
[1.094s] -- Up-to-date: /home/praful_pawar/arduinobot_ws/install/arduinobot_description/share/arduinobot_description/local_setup.sh
[1.094s] -- Up-to-date: /home/praful_pawar/arduinobot_ws/install/arduinobot_description/share/arduinobot_description/local_setup.zsh
[1.094s] -- Up-to-date: /home/praful_pawar/arduinobot_ws/install/arduinobot_description/share/arduinobot_description/local_setup.dsv
[1.094s] -- Installing: /home/praful_pawar/arduinobot_ws/install/arduinobot_description/share/arduinobot_description/package.dsv
[1.098s] -- Up-to-date: /home/praful_pawar/arduinobot_ws/install/arduinobot_description/share/ament_index/resource_index/packages/arduinobot_description
[1.098s] -- Up-to-date: /home/praful_pawar/arduinobot_ws/install/arduinobot_description/share/arduinobot_description/cmake/arduinobot_descriptionConfig.cmake
[1.099s] -- Up-to-date: /home/praful_pawar/arduinobot_ws/install/arduinobot_description/share/arduinobot_description/cmake/arduinobot_descriptionConfig-version.cmake
[1.100s] -- Up-to-date: /home/praful_pawar/arduinobot_ws/install/arduinobot_description/share/arduinobot_description/package.xml
[1.105s] Invoked command in '/home/praful_pawar/arduinobot_ws/build/arduinobot_description' returned '0': CMAKE_PREFIX_PATH=${CMAKE_PREFIX_PATH}:/home/praful_pawar/arduinobot_ws/install/arduino_py_examples:/opt/ros/jazzy /usr/bin/cmake --install /home/praful_pawar/arduinobot_ws/build/arduinobot_description
