[0.333s] Invoking command in '/home/praful_pawar/arduinobot_ws/build/arduinobot': CMAKE_PREFIX_PATH=${CMAKE_PREFIX_PATH}:/opt/ros/jazzy /usr/bin/cmake --build /home/praful_pawar/arduinobot_ws/build/arduinobot -- -j8 -l8
[0.396s] Invoked command in '/home/praful_pawar/arduinobot_ws/build/arduinobot' returned '0': CMAKE_PREFIX_PATH=${CMAKE_PREFIX_PATH}:/opt/ros/jazzy /usr/bin/cmake --build /home/praful_pawar/arduinobot_ws/build/arduinobot -- -j8 -l8
[0.410s] Invoking command in '/home/praful_pawar/arduinobot_ws/build/arduinobot': CMAKE_PREFIX_PATH=${CMAKE_PREFIX_PATH}:/opt/ros/jazzy /usr/bin/cmake --install /home/praful_pawar/arduinobot_ws/build/arduinobot
[0.421s] -- Install configuration: ""
[0.421s] -- Up-to-date: /home/praful_pawar/arduinobot_ws/install/arduinobot/share/arduinobot/meshes
[0.421s] -- Up-to-date: /home/praful_pawar/arduinobot_ws/install/arduinobot/share/arduinobot/meshes/link.stl
[0.421s] -- Up-to-date: /home/praful_pawar/arduinobot_ws/install/arduinobot/share/arduinobot/meshes/left_finger.stl
[0.421s] -- Up-to-date: /home/praful_pawar/arduinobot_ws/install/arduinobot/share/arduinobot/meshes/forward_drive_arm.STL
[0.422s] -- Up-to-date: /home/praful_pawar/arduinobot_ws/install/arduinobot/share/arduinobot/meshes/right_finger.stl
[0.422s] -- Up-to-date: /home/praful_pawar/arduinobot_ws/install/arduinobot/share/arduinobot/meshes/servo_plate.stl
[0.423s] -- Up-to-date: /home/praful_pawar/arduinobot_ws/install/arduinobot/share/arduinobot/meshes/vertical_drive_arm.stl
[0.423s] -- Up-to-date: /home/praful_pawar/arduinobot_ws/install/arduinobot/share/arduinobot/meshes/forward_drive.stl
[0.423s] -- Up-to-date: /home/praful_pawar/arduinobot_ws/install/arduinobot/share/arduinobot/meshes/horizontal_arm3.stl
[0.423s] -- Up-to-date: /home/praful_pawar/arduinobot_ws/install/arduinobot/share/arduinobot/meshes/basement3.stl
[0.424s] -- Up-to-date: /home/praful_pawar/arduinobot_ws/install/arduinobot/share/arduinobot/meshes/horizontal_arm.stl
[0.424s] -- Up-to-date: /home/praful_pawar/arduinobot_ws/install/arduinobot/share/arduinobot/meshes/base_plate1.stl
[0.424s] -- Up-to-date: /home/praful_pawar/arduinobot_ws/install/arduinobot/share/arduinobot/meshes/round_plate.stl
[0.424s] -- Up-to-date: /home/praful_pawar/arduinobot_ws/install/arduinobot/share/arduinobot/meshes/triangular_link.stl
[0.425s] -- Up-to-date: /home/praful_pawar/arduinobot_ws/install/arduinobot/share/arduinobot/meshes/claw_support.stl
[0.425s] -- Up-to-date: /home/praful_pawar/arduinobot_ws/install/arduinobot/share/arduinobot/meshes/horizontal_arm.STL
[0.425s] -- Up-to-date: /home/praful_pawar/arduinobot_ws/install/arduinobot/share/arduinobot/meshes/horizontal_arm2.stl
[0.426s] -- Up-to-date: /home/praful_pawar/arduinobot_ws/install/arduinobot/share/arduinobot/meshes/plate.stl
[0.426s] -- Up-to-date: /home/praful_pawar/arduinobot_ws/install/arduinobot/share/arduinobot/urdf
[0.427s] -- Up-to-date: /home/praful_pawar/arduinobot_ws/install/arduinobot/share/arduinobot/urdf/arduinobot.urdf.xacro
[0.427s] -- Up-to-date: /home/praful_pawar/arduinobot_ws/install/arduinobot/share/ament_index/resource_index/package_run_dependencies/arduinobot
[0.428s] -- Up-to-date: /home/praful_pawar/arduinobot_ws/install/arduinobot/share/ament_index/resource_index/parent_prefix_path/arduinobot
[0.428s] -- Up-to-date: /home/praful_pawar/arduinobot_ws/install/arduinobot/share/arduinobot/environment/ament_prefix_path.sh
[0.429s] -- Up-to-date: /home/praful_pawar/arduinobot_ws/install/arduinobot/share/arduinobot/environment/ament_prefix_path.dsv
[0.429s] -- Up-to-date: /home/praful_pawar/arduinobot_ws/install/arduinobot/share/arduinobot/environment/path.sh
[0.430s] -- Up-to-date: /home/praful_pawar/arduinobot_ws/install/arduinobot/share/arduinobot/environment/path.dsv
[0.430s] -- Up-to-date: /home/praful_pawar/arduinobot_ws/install/arduinobot/share/arduinobot/local_setup.bash
[0.431s] -- Up-to-date: /home/praful_pawar/arduinobot_ws/install/arduinobot/share/arduinobot/local_setup.sh
[0.431s] -- Up-to-date: /home/praful_pawar/arduinobot_ws/install/arduinobot/share/arduinobot/local_setup.zsh
[0.431s] -- Up-to-date: /home/praful_pawar/arduinobot_ws/install/arduinobot/share/arduinobot/local_setup.dsv
[0.432s] -- Installing: /home/praful_pawar/arduinobot_ws/install/arduinobot/share/arduinobot/package.dsv
[0.432s] -- Up-to-date: /home/praful_pawar/arduinobot_ws/install/arduinobot/share/ament_index/resource_index/packages/arduinobot
[0.432s] -- Up-to-date: /home/praful_pawar/arduinobot_ws/install/arduinobot/share/arduinobot/cmake/arduinobotConfig.cmake
[0.432s] -- Up-to-date: /home/praful_pawar/arduinobot_ws/install/arduinobot/share/arduinobot/cmake/arduinobotConfig-version.cmake
[0.432s] -- Up-to-date: /home/praful_pawar/arduinobot_ws/install/arduinobot/share/arduinobot/package.xml
[0.433s] Invoked command in '/home/praful_pawar/arduinobot_ws/build/arduinobot' returned '0': CMAKE_PREFIX_PATH=${CMAKE_PREFIX_PATH}:/opt/ros/jazzy /usr/bin/cmake --install /home/praful_pawar/arduinobot_ws/build/arduinobot
