-- Install configuration: ""
-- Up-to-date: /home/praful_pawar/arduinobot_ws/install/arduinobot/share/arduinobot/meshes
-- Up-to-date: /home/praful_pawar/arduinobot_ws/install/arduinobot/share/arduinobot/meshes/link.stl
-- Up-to-date: /home/praful_pawar/arduinobot_ws/install/arduinobot/share/arduinobot/meshes/left_finger.stl
-- Up-to-date: /home/praful_pawar/arduinobot_ws/install/arduinobot/share/arduinobot/meshes/forward_drive_arm.STL
-- Up-to-date: /home/praful_pawar/arduinobot_ws/install/arduinobot/share/arduinobot/meshes/right_finger.stl
-- Up-to-date: /home/praful_pawar/arduinobot_ws/install/arduinobot/share/arduinobot/meshes/servo_plate.stl
-- Up-to-date: /home/praful_pawar/arduinobot_ws/install/arduinobot/share/arduinobot/meshes/vertical_drive_arm.stl
-- Up-to-date: /home/praful_pawar/arduinobot_ws/install/arduinobot/share/arduinobot/meshes/forward_drive.stl
-- Up-to-date: /home/praful_pawar/arduinobot_ws/install/arduinobot/share/arduinobot/meshes/horizontal_arm3.stl
-- Up-to-date: /home/praful_pawar/arduinobot_ws/install/arduinobot/share/arduinobot/meshes/basement3.stl
-- Up-to-date: /home/praful_pawar/arduinobot_ws/install/arduinobot/share/arduinobot/meshes/horizontal_arm.stl
-- Up-to-date: /home/praful_pawar/arduinobot_ws/install/arduinobot/share/arduinobot/meshes/base_plate1.stl
-- Up-to-date: /home/praful_pawar/arduinobot_ws/install/arduinobot/share/arduinobot/meshes/round_plate.stl
-- Up-to-date: /home/praful_pawar/arduinobot_ws/install/arduinobot/share/arduinobot/meshes/triangular_link.stl
-- Up-to-date: /home/praful_pawar/arduinobot_ws/install/arduinobot/share/arduinobot/meshes/claw_support.stl
-- Up-to-date: /home/praful_pawar/arduinobot_ws/install/arduinobot/share/arduinobot/meshes/horizontal_arm.STL
-- Up-to-date: /home/praful_pawar/arduinobot_ws/install/arduinobot/share/arduinobot/meshes/horizontal_arm2.stl
-- Up-to-date: /home/praful_pawar/arduinobot_ws/install/arduinobot/share/arduinobot/meshes/plate.stl
-- Up-to-date: /home/praful_pawar/arduinobot_ws/install/arduinobot/share/arduinobot/urdf
-- Up-to-date: /home/praful_pawar/arduinobot_ws/install/arduinobot/share/arduinobot/urdf/arduinobot.urdf.xacro
-- Installing: /home/praful_pawar/arduinobot_ws/install/arduinobot/share/arduinobot/urdf/display.launch.py
-- Up-to-date: /home/praful_pawar/arduinobot_ws/install/arduinobot/share/ament_index/resource_index/package_run_dependencies/arduinobot
-- Up-to-date: /home/praful_pawar/arduinobot_ws/install/arduinobot/share/ament_index/resource_index/parent_prefix_path/arduinobot
-- Up-to-date: /home/praful_pawar/arduinobot_ws/install/arduinobot/share/arduinobot/environment/ament_prefix_path.sh
-- Up-to-date: /home/praful_pawar/arduinobot_ws/install/arduinobot/share/arduinobot/environment/ament_prefix_path.dsv
-- Up-to-date: /home/praful_pawar/arduinobot_ws/install/arduinobot/share/arduinobot/environment/path.sh
-- Up-to-date: /home/praful_pawar/arduinobot_ws/install/arduinobot/share/arduinobot/environment/path.dsv
-- Up-to-date: /home/praful_pawar/arduinobot_ws/install/arduinobot/share/arduinobot/local_setup.bash
-- Up-to-date: /home/praful_pawar/arduinobot_ws/install/arduinobot/share/arduinobot/local_setup.sh
-- Up-to-date: /home/praful_pawar/arduinobot_ws/install/arduinobot/share/arduinobot/local_setup.zsh
-- Up-to-date: /home/praful_pawar/arduinobot_ws/install/arduinobot/share/arduinobot/local_setup.dsv
-- Installing: /home/praful_pawar/arduinobot_ws/install/arduinobot/share/arduinobot/package.dsv
-- Up-to-date: /home/praful_pawar/arduinobot_ws/install/arduinobot/share/ament_index/resource_index/packages/arduinobot
-- Up-to-date: /home/praful_pawar/arduinobot_ws/install/arduinobot/share/arduinobot/cmake/arduinobotConfig.cmake
-- Up-to-date: /home/praful_pawar/arduinobot_ws/install/arduinobot/share/arduinobot/cmake/arduinobotConfig-version.cmake
-- Up-to-date: /home/praful_pawar/arduinobot_ws/install/arduinobot/share/arduinobot/package.xml
