[0.327s] Invoking command in '/home/praful_pawar/arduinobot_ws/build/arduinobot': CMAKE_PREFIX_PATH=${CMAKE_PREFIX_PATH}:/home/praful_pawar/arduinobot_ws/install/arduino_py_examples:/opt/ros/jazzy /usr/bin/cmake /home/praful_pawar/arduinobot_ws/src/arduinobot_description -DCMAKE_INSTALL_PREFIX=/home/praful_pawar/arduinobot_ws/install/arduinobot
[0.348s] -- Found ament_cmake: 2.5.3 (/opt/ros/jazzy/share/ament_cmake/cmake)
[0.700s] -- Found ament_lint_auto: 0.17.1 (/opt/ros/jazzy/share/ament_lint_auto/cmake)
[0.872s] -- Added test 'lint_cmake' to check CMake code style
[0.874s] -- Added test 'xmllint' to check XML markup files
[0.877s] -- Configuring done (0.5s)
[0.884s] -- Generating done (0.0s)
[0.886s] -- Build files have been written to: /home/praful_pawar/arduinobot_ws/build/arduinobot
[0.891s] Invoked command in '/home/praful_pawar/arduinobot_ws/build/arduinobot' returned '0': CMAKE_PREFIX_PATH=${CMAKE_PREFIX_PATH}:/home/praful_pawar/arduinobot_ws/install/arduino_py_examples:/opt/ros/jazzy /usr/bin/cmake /home/praful_pawar/arduinobot_ws/src/arduinobot_description -DCMAKE_INSTALL_PREFIX=/home/praful_pawar/arduinobot_ws/install/arduinobot
[0.892s] Invoking command in '/home/praful_pawar/arduinobot_ws/build/arduinobot': CMAKE_PREFIX_PATH=${CMAKE_PREFIX_PATH}:/home/praful_pawar/arduinobot_ws/install/arduino_py_examples:/opt/ros/jazzy /usr/bin/cmake --build /home/praful_pawar/arduinobot_ws/build/arduinobot -- -j8 -l8
[0.935s] Invoked command in '/home/praful_pawar/arduinobot_ws/build/arduinobot' returned '0': CMAKE_PREFIX_PATH=${CMAKE_PREFIX_PATH}:/home/praful_pawar/arduinobot_ws/install/arduino_py_examples:/opt/ros/jazzy /usr/bin/cmake --build /home/praful_pawar/arduinobot_ws/build/arduinobot -- -j8 -l8
[0.938s] Invoking command in '/home/praful_pawar/arduinobot_ws/build/arduinobot': CMAKE_PREFIX_PATH=${CMAKE_PREFIX_PATH}:/home/praful_pawar/arduinobot_ws/install/arduino_py_examples:/opt/ros/jazzy /usr/bin/cmake --install /home/praful_pawar/arduinobot_ws/build/arduinobot
[0.950s] -- Install configuration: ""
[0.950s] -- Installing: /home/praful_pawar/arduinobot_ws/install/arduinobot/share/arduinobot/meshes
[0.951s] -- Installing: /home/praful_pawar/arduinobot_ws/install/arduinobot/share/arduinobot/meshes/link.stl
[0.955s] -- Installing: /home/praful_pawar/arduinobot_ws/install/arduinobot/share/arduinobot/meshes/left_finger.stl
[0.956s] -- Installing: /home/praful_pawar/arduinobot_ws/install/arduinobot/share/arduinobot/meshes/forward_drive_arm.STL
[0.966s] -- Installing: /home/praful_pawar/arduinobot_ws/install/arduinobot/share/arduinobot/meshes/right_finger.stl
[0.967s] -- Installing: /home/praful_pawar/arduinobot_ws/install/arduinobot/share/arduinobot/meshes/servo_plate.stl
[0.969s] -- Installing: /home/praful_pawar/arduinobot_ws/install/arduinobot/share/arduinobot/meshes/vertical_drive_arm.stl
[0.974s] -- Installing: /home/praful_pawar/arduinobot_ws/install/arduinobot/share/arduinobot/meshes/forward_drive.stl
[0.982s] -- Installing: /home/praful_pawar/arduinobot_ws/install/arduinobot/share/arduinobot/meshes/horizontal_arm3.stl
[0.993s] -- Installing: /home/praful_pawar/arduinobot_ws/install/arduinobot/share/arduinobot/meshes/basement3.stl
[1.000s] -- Installing: /home/praful_pawar/arduinobot_ws/install/arduinobot/share/arduinobot/meshes/horizontal_arm.stl
[1.010s] -- Installing: /home/praful_pawar/arduinobot_ws/install/arduinobot/share/arduinobot/meshes/base_plate1.stl
[1.020s] -- Installing: /home/praful_pawar/arduinobot_ws/install/arduinobot/share/arduinobot/meshes/round_plate.stl
[1.023s] -- Installing: /home/praful_pawar/arduinobot_ws/install/arduinobot/share/arduinobot/meshes/triangular_link.stl
[1.029s] -- Installing: /home/praful_pawar/arduinobot_ws/install/arduinobot/share/arduinobot/meshes/claw_support.stl
[1.033s] -- Installing: /home/praful_pawar/arduinobot_ws/install/arduinobot/share/arduinobot/meshes/horizontal_arm.STL
[1.041s] -- Installing: /home/praful_pawar/arduinobot_ws/install/arduinobot/share/arduinobot/meshes/horizontal_arm2.stl
[1.051s] -- Installing: /home/praful_pawar/arduinobot_ws/install/arduinobot/share/arduinobot/meshes/plate.stl
[1.063s] -- Installing: /home/praful_pawar/arduinobot_ws/install/arduinobot/share/arduinobot/urdf
[1.064s] -- Installing: /home/praful_pawar/arduinobot_ws/install/arduinobot/share/arduinobot/urdf/arduinobot.urdf.xacro
[1.065s] -- Installing: /home/praful_pawar/arduinobot_ws/install/arduinobot/share/ament_index/resource_index/package_run_dependencies/arduinobot
[1.066s] -- Installing: /home/praful_pawar/arduinobot_ws/install/arduinobot/share/ament_index/resource_index/parent_prefix_path/arduinobot
[1.066s] -- Installing: /home/praful_pawar/arduinobot_ws/install/arduinobot/share/arduinobot/environment/ament_prefix_path.sh
[1.067s] -- Installing: /home/praful_pawar/arduinobot_ws/install/arduinobot/share/arduinobot/environment/ament_prefix_path.dsv
[1.067s] -- Installing: /home/praful_pawar/arduinobot_ws/install/arduinobot/share/arduinobot/environment/path.sh
[1.067s] -- Installing: /home/praful_pawar/arduinobot_ws/install/arduinobot/share/arduinobot/environment/path.dsv
[1.068s] -- Installing: /home/praful_pawar/arduinobot_ws/install/arduinobot/share/arduinobot/local_setup.bash
[1.068s] -- Installing: /home/praful_pawar/arduinobot_ws/install/arduinobot/share/arduinobot/local_setup.sh
[1.068s] -- Installing: /home/praful_pawar/arduinobot_ws/install/arduinobot/share/arduinobot/local_setup.zsh
[1.069s] -- Installing: /home/praful_pawar/arduinobot_ws/install/arduinobot/share/arduinobot/local_setup.dsv
[1.069s] -- Installing: /home/praful_pawar/arduinobot_ws/install/arduinobot/share/arduinobot/package.dsv
[1.069s] -- Installing: /home/praful_pawar/arduinobot_ws/install/arduinobot/share/ament_index/resource_index/packages/arduinobot
[1.070s] -- Installing: /home/praful_pawar/arduinobot_ws/install/arduinobot/share/arduinobot/cmake/arduinobotConfig.cmake
[1.070s] -- Installing: /home/praful_pawar/arduinobot_ws/install/arduinobot/share/arduinobot/cmake/arduinobotConfig-version.cmake
[1.070s] -- Installing: /home/praful_pawar/arduinobot_ws/install/arduinobot/share/arduinobot/package.xml
[1.073s] Invoked command in '/home/praful_pawar/arduinobot_ws/build/arduinobot' returned '0': CMAKE_PREFIX_PATH=${CMAKE_PREFIX_PATH}:/home/praful_pawar/arduinobot_ws/install/arduino_py_examples:/opt/ros/jazzy /usr/bin/cmake --install /home/praful_pawar/arduinobot_ws/build/arduinobot
