[0.548s] Invoking command in '/home/praful_pawar/arduinobot_ws/build/arduinobot_cpp_examples': CMAKE_PREFIX_PATH=${CMAKE_PREFIX_PATH}:/home/praful_pawar/arduinobot_ws/install/arduino_py_examples:/opt/ros/jazzy /usr/bin/cmake --build /home/praful_pawar/arduinobot_ws/build/arduinobot_cpp_examples -- -j8 -l8
[0.780s] [100%] Built target simple_subscriber
[0.782s] [100%] Built target simple_publisher
[0.857s] Invoked command in '/home/praful_pawar/arduinobot_ws/build/arduinobot_cpp_examples' returned '0': CMAKE_PREFIX_PATH=${CMAKE_PREFIX_PATH}:/home/praful_pawar/arduinobot_ws/install/arduino_py_examples:/opt/ros/jazzy /usr/bin/cmake --build /home/praful_pawar/arduinobot_ws/build/arduinobot_cpp_examples -- -j8 -l8
[0.860s] Invoking command in '/home/praful_pawar/arduinobot_ws/build/arduinobot_cpp_examples': CMAKE_PREFIX_PATH=${CMAKE_PREFIX_PATH}:/home/praful_pawar/arduinobot_ws/install/arduino_py_examples:/opt/ros/jazzy /usr/bin/cmake --install /home/praful_pawar/arduinobot_ws/build/arduinobot_cpp_examples
[0.879s] -- Install configuration: ""
[0.882s] -- Up-to-date: /home/praful_pawar/arduinobot_ws/install/arduinobot_cpp_examples/lib/arduinobot_cpp_examples/simple_publisher
[0.885s] -- Up-to-date: /home/praful_pawar/arduinobot_ws/install/arduinobot_cpp_examples/lib/arduinobot_cpp_examples/simple_subscriber
[0.885s] -- Up-to-date: /home/praful_pawar/arduinobot_ws/install/arduinobot_cpp_examples/share/ament_index/resource_index/package_run_dependencies/arduinobot_cpp_examples
[0.886s] -- Up-to-date: /home/praful_pawar/arduinobot_ws/install/arduinobot_cpp_examples/share/ament_index/resource_index/parent_prefix_path/arduinobot_cpp_examples
[0.886s] -- Up-to-date: /home/praful_pawar/arduinobot_ws/install/arduinobot_cpp_examples/share/arduinobot_cpp_examples/environment/ament_prefix_path.sh
[0.886s] -- Up-to-date: /home/praful_pawar/arduinobot_ws/install/arduinobot_cpp_examples/share/arduinobot_cpp_examples/environment/ament_prefix_path.dsv
[0.888s] -- Up-to-date: /home/praful_pawar/arduinobot_ws/install/arduinobot_cpp_examples/share/arduinobot_cpp_examples/environment/path.sh
[0.888s] -- Up-to-date: /home/praful_pawar/arduinobot_ws/install/arduinobot_cpp_examples/share/arduinobot_cpp_examples/environment/path.dsv
[0.888s] -- Up-to-date: /home/praful_pawar/arduinobot_ws/install/arduinobot_cpp_examples/share/arduinobot_cpp_examples/local_setup.bash
[0.889s] -- Up-to-date: /home/praful_pawar/arduinobot_ws/install/arduinobot_cpp_examples/share/arduinobot_cpp_examples/local_setup.sh
[0.889s] -- Up-to-date: /home/praful_pawar/arduinobot_ws/install/arduinobot_cpp_examples/share/arduinobot_cpp_examples/local_setup.zsh
[0.889s] -- Up-to-date: /home/praful_pawar/arduinobot_ws/install/arduinobot_cpp_examples/share/arduinobot_cpp_examples/local_setup.dsv
[0.889s] -- Installing: /home/praful_pawar/arduinobot_ws/install/arduinobot_cpp_examples/share/arduinobot_cpp_examples/package.dsv
[0.893s] -- Up-to-date: /home/praful_pawar/arduinobot_ws/install/arduinobot_cpp_examples/share/ament_index/resource_index/packages/arduinobot_cpp_examples
[0.893s] -- Up-to-date: /home/praful_pawar/arduinobot_ws/install/arduinobot_cpp_examples/share/arduinobot_cpp_examples/cmake/arduinobot_cpp_examplesConfig.cmake
[0.893s] -- Up-to-date: /home/praful_pawar/arduinobot_ws/install/arduinobot_cpp_examples/share/arduinobot_cpp_examples/cmake/arduinobot_cpp_examplesConfig-version.cmake
[0.894s] -- Up-to-date: /home/praful_pawar/arduinobot_ws/install/arduinobot_cpp_examples/share/arduinobot_cpp_examples/package.xml
[0.898s] Invoked command in '/home/praful_pawar/arduinobot_ws/build/arduinobot_cpp_examples' returned '0': CMAKE_PREFIX_PATH=${CMAKE_PREFIX_PATH}:/home/praful_pawar/arduinobot_ws/install/arduino_py_examples:/opt/ros/jazzy /usr/bin/cmake --install /home/praful_pawar/arduinobot_ws/build/arduinobot_cpp_examples
