running egg_info
creating ../../build/arduino_py_examples/arduino_py_examples.egg-info
writing ../../build/arduino_py_examples/arduino_py_examples.egg-info/PKG-INFO
writing dependency_links to ../../build/arduino_py_examples/arduino_py_examples.egg-info/dependency_links.txt
writing requirements to ../../build/arduino_py_examples/arduino_py_examples.egg-info/requires.txt
writing top-level names to ../../build/arduino_py_examples/arduino_py_examples.egg-info/top_level.txt
writing manifest file '../../build/arduino_py_examples/arduino_py_examples.egg-info/SOURCES.txt'
reading manifest file '../../build/arduino_py_examples/arduino_py_examples.egg-info/SOURCES.txt'
writing manifest file '../../build/arduino_py_examples/arduino_py_examples.egg-info/SOURCES.txt'
running build
running build_py
creating /home/praful_pawar/arduinobot_ws/build/arduino_py_examples/build
creating /home/praful_pawar/arduinobot_ws/build/arduino_py_examples/build/lib
creating /home/praful_pawar/arduinobot_ws/build/arduino_py_examples/build/lib/arduino_py_examples
copying arduino_py_examples/__init__.py -> /home/praful_pawar/arduinobot_ws/build/arduino_py_examples/build/lib/arduino_py_examples
running install
running install_lib
creating /home/praful_pawar/arduinobot_ws/install/arduino_py_examples/lib/python3.12/site-packages/arduino_py_examples
copying /home/praful_pawar/arduinobot_ws/build/arduino_py_examples/build/lib/arduino_py_examples/__init__.py -> /home/praful_pawar/arduinobot_ws/install/arduino_py_examples/lib/python3.12/site-packages/arduino_py_examples
byte-compiling /home/praful_pawar/arduinobot_ws/install/arduino_py_examples/lib/python3.12/site-packages/arduino_py_examples/__init__.py to __init__.cpython-312.pyc
running install_data
creating /home/praful_pawar/arduinobot_ws/install/arduino_py_examples/share/ament_index
creating /home/praful_pawar/arduinobot_ws/install/arduino_py_examples/share/ament_index/resource_index
creating /home/praful_pawar/arduinobot_ws/install/arduino_py_examples/share/ament_index/resource_index/packages
copying resource/arduino_py_examples -> /home/praful_pawar/arduinobot_ws/install/arduino_py_examples/share/ament_index/resource_index/packages
copying package.xml -> /home/praful_pawar/arduinobot_ws/install/arduino_py_examples/share/arduino_py_examples
running install_egg_info
Copying ../../build/arduino_py_examples/arduino_py_examples.egg-info to /home/praful_pawar/arduinobot_ws/install/arduino_py_examples/lib/python3.12/site-packages/arduino_py_examples-0.0.0-py3.12.egg-info
running install_scripts
writing list of installed files to '/home/praful_pawar/arduinobot_ws/build/arduino_py_examples/install.log'
