[2.625s] Invoking command in '/home/praful_pawar/arduinobot_ws/src/arduino_py_examples': PYTHONPATH=/home/praful_pawar/arduinobot_ws/build/arduino_py_examples/prefix_override:/usr/lib/python3/dist-packages/colcon_core/task/python/colcon_distutils_commands:/home/praful_pawar/arduinobot_ws/install/arduino_py_examples/lib/python3.12/site-packages:${PYTHONPATH} /usr/bin/python3 -W ignore:setup.py install is deprecated -W ignore:easy_install command is deprecated setup.py egg_info --egg-base ../../build/arduino_py_examples build --build-base /home/praful_pawar/arduinobot_ws/build/arduino_py_examples/build install --record /home/praful_pawar/arduinobot_ws/build/arduino_py_examples/install.log --single-version-externally-managed install_data
[3.271s] running egg_info
[3.272s] creating ../../build/arduino_py_examples/arduino_py_examples.egg-info
[3.330s] writing ../../build/arduino_py_examples/arduino_py_examples.egg-info/PKG-INFO
[3.330s] writing dependency_links to ../../build/arduino_py_examples/arduino_py_examples.egg-info/dependency_links.txt
[3.331s] writing requirements to ../../build/arduino_py_examples/arduino_py_examples.egg-info/requires.txt
[3.332s] writing top-level names to ../../build/arduino_py_examples/arduino_py_examples.egg-info/top_level.txt
[3.332s] writing manifest file '../../build/arduino_py_examples/arduino_py_examples.egg-info/SOURCES.txt'
[3.429s] reading manifest file '../../build/arduino_py_examples/arduino_py_examples.egg-info/SOURCES.txt'
[3.430s] writing manifest file '../../build/arduino_py_examples/arduino_py_examples.egg-info/SOURCES.txt'
[3.431s] running build
[3.431s] running build_py
[3.432s] creating /home/praful_pawar/arduinobot_ws/build/arduino_py_examples/build
[3.432s] creating /home/praful_pawar/arduinobot_ws/build/arduino_py_examples/build/lib
[3.433s] creating /home/praful_pawar/arduinobot_ws/build/arduino_py_examples/build/lib/arduino_py_examples
[3.433s] copying arduino_py_examples/__init__.py -> /home/praful_pawar/arduinobot_ws/build/arduino_py_examples/build/lib/arduino_py_examples
[3.434s] running install
[3.449s] running install_lib
[3.509s] creating /home/praful_pawar/arduinobot_ws/install/arduino_py_examples/lib/python3.12/site-packages/arduino_py_examples
[3.509s] copying /home/praful_pawar/arduinobot_ws/build/arduino_py_examples/build/lib/arduino_py_examples/__init__.py -> /home/praful_pawar/arduinobot_ws/install/arduino_py_examples/lib/python3.12/site-packages/arduino_py_examples
[3.510s] byte-compiling /home/praful_pawar/arduinobot_ws/install/arduino_py_examples/lib/python3.12/site-packages/arduino_py_examples/__init__.py to __init__.cpython-312.pyc
[3.511s] running install_data
[3.511s] creating /home/praful_pawar/arduinobot_ws/install/arduino_py_examples/share/ament_index
[3.512s] creating /home/praful_pawar/arduinobot_ws/install/arduino_py_examples/share/ament_index/resource_index
[3.512s] creating /home/praful_pawar/arduinobot_ws/install/arduino_py_examples/share/ament_index/resource_index/packages
[3.513s] copying resource/arduino_py_examples -> /home/praful_pawar/arduinobot_ws/install/arduino_py_examples/share/ament_index/resource_index/packages
[3.513s] copying package.xml -> /home/praful_pawar/arduinobot_ws/install/arduino_py_examples/share/arduino_py_examples
[3.513s] running install_egg_info
[3.567s] Copying ../../build/arduino_py_examples/arduino_py_examples.egg-info to /home/praful_pawar/arduinobot_ws/install/arduino_py_examples/lib/python3.12/site-packages/arduino_py_examples-0.0.0-py3.12.egg-info
[3.569s] running install_scripts
[3.893s] writing list of installed files to '/home/praful_pawar/arduinobot_ws/build/arduino_py_examples/install.log'
[3.970s] Invoked command in '/home/praful_pawar/arduinobot_ws/src/arduino_py_examples' returned '0': PYTHONPATH=/home/praful_pawar/arduinobot_ws/build/arduino_py_examples/prefix_override:/usr/lib/python3/dist-packages/colcon_core/task/python/colcon_distutils_commands:/home/praful_pawar/arduinobot_ws/install/arduino_py_examples/lib/python3.12/site-packages:${PYTHONPATH} /usr/bin/python3 -W ignore:setup.py install is deprecated -W ignore:easy_install command is deprecated setup.py egg_info --egg-base ../../build/arduino_py_examples build --build-base /home/praful_pawar/arduinobot_ws/build/arduino_py_examples/build install --record /home/praful_pawar/arduinobot_ws/build/arduino_py_examples/install.log --single-version-externally-managed install_data
