[1.495s] DEBUG:colcon:Command line arguments: ['/usr/bin/colcon', 'build']
[1.495s] DEBUG:colcon:Parsed command line arguments: Namespace(log_base=None, log_level=None, verb_name='build', build_base='build', install_base='install', merge_install=False, symlink_install=False, test_result_base=None, continue_on_error=False, executor='parallel', parallel_workers=8, event_handlers=None, ignore_user_meta=False, metas=['./colcon.meta'], base_paths=['.'], packages_ignore=None, packages_ignore_regex=None, paths=None, packages_up_to=None, packages_up_to_regex=None, packages_above=None, packages_above_and_dependencies=None, packages_above_depth=None, packages_select_by_dep=None, packages_skip_by_dep=None, packages_skip_up_to=None, packages_select_build_failed=False, packages_skip_build_finished=False, packages_select_test_failures=False, packages_skip_test_passed=False, packages_select=None, packages_skip=None, packages_select_regex=None, packages_skip_regex=None, packages_start=None, packages_end=None, allow_overriding=[], cmake_args=None, cmake_target=None, cmake_target_skip_unavailable=False, cmake_clean_cache=False, cmake_clean_first=False, cmake_force_configure=False, ament_cmake_args=None, catkin_cmake_args=None, catkin_skip_building_tests=False, mixin_files=None, mixin=None, verb_parser=<colcon_mixin.mixin.mixin_argument.MixinArgumentDecorator object at 0x7f1e79d7f920>, verb_extension=<colcon_core.verb.build.BuildVerb object at 0x7f1e79d7f680>, main=<bound method BuildVerb.main of <colcon_core.verb.build.BuildVerb object at 0x7f1e79d7f680>>, mixin_verb=('build',))
[1.668s] Level 1:colcon.colcon_core.package_discovery:discover_packages(colcon_meta) check parameters
[1.669s] Level 1:colcon.colcon_core.package_discovery:discover_packages(recursive) check parameters
[1.669s] Level 1:colcon.colcon_core.package_discovery:discover_packages(ignore) check parameters
[1.670s] Level 1:colcon.colcon_core.package_discovery:discover_packages(path) check parameters
[1.670s] Level 1:colcon.colcon_core.package_discovery:discover_packages(colcon_meta) discover
[1.670s] Level 1:colcon.colcon_core.package_discovery:discover_packages(recursive) discover
[1.670s] INFO:colcon.colcon_core.package_discovery:Crawling recursively for packages in '/home/praful_pawar/arduinobot_ws'
[1.671s] Level 1:colcon.colcon_core.package_identification:_identify(.) by extensions ['ignore', 'ignore_ament_install']
[1.671s] Level 1:colcon.colcon_core.package_identification:_identify(.) by extension 'ignore'
[1.672s] Level 1:colcon.colcon_core.package_identification:_identify(.) by extension 'ignore_ament_install'
[1.672s] Level 1:colcon.colcon_core.package_identification:_identify(.) by extensions ['colcon_pkg']
[1.673s] Level 1:colcon.colcon_core.package_identification:_identify(.) by extension 'colcon_pkg'
[1.673s] Level 1:colcon.colcon_core.package_identification:_identify(.) by extensions ['colcon_meta']
[1.673s] Level 1:colcon.colcon_core.package_identification:_identify(.) by extension 'colcon_meta'
[1.673s] Level 1:colcon.colcon_core.package_identification:_identify(.) by extensions ['ros']
[1.674s] Level 1:colcon.colcon_core.package_identification:_identify(.) by extension 'ros'
[1.798s] Level 1:colcon.colcon_core.package_identification:_identify(.) by extensions ['cmake', 'python']
[1.799s] Level 1:colcon.colcon_core.package_identification:_identify(.) by extension 'cmake'
[1.799s] Level 1:colcon.colcon_core.package_identification:_identify(.) by extension 'python'
[1.799s] Level 1:colcon.colcon_core.package_identification:_identify(.) by extensions ['python_setup_py']
[1.799s] Level 1:colcon.colcon_core.package_identification:_identify(.) by extension 'python_setup_py'
[1.799s] Level 1:colcon.colcon_core.package_identification:_identify(build) by extensions ['ignore', 'ignore_ament_install']
[1.800s] Level 1:colcon.colcon_core.package_identification:_identify(build) by extension 'ignore'
[1.800s] Level 1:colcon.colcon_core.package_identification:_identify(build) ignored
[1.801s] Level 1:colcon.colcon_core.package_identification:_identify(install) by extensions ['ignore', 'ignore_ament_install']
[1.802s] Level 1:colcon.colcon_core.package_identification:_identify(install) by extension 'ignore'
[1.802s] Level 1:colcon.colcon_core.package_identification:_identify(install) ignored
[1.803s] Level 1:colcon.colcon_core.package_identification:_identify(log) by extensions ['ignore', 'ignore_ament_install']
[1.803s] Level 1:colcon.colcon_core.package_identification:_identify(log) by extension 'ignore'
[1.804s] Level 1:colcon.colcon_core.package_identification:_identify(log) ignored
[1.805s] Level 1:colcon.colcon_core.package_identification:_identify(src) by extensions ['ignore', 'ignore_ament_install']
[1.805s] Level 1:colcon.colcon_core.package_identification:_identify(src) by extension 'ignore'
[1.806s] Level 1:colcon.colcon_core.package_identification:_identify(src) by extension 'ignore_ament_install'
[1.806s] Level 1:colcon.colcon_core.package_identification:_identify(src) by extensions ['colcon_pkg']
[1.806s] Level 1:colcon.colcon_core.package_identification:_identify(src) by extension 'colcon_pkg'
[1.807s] Level 1:colcon.colcon_core.package_identification:_identify(src) by extensions ['colcon_meta']
[1.807s] Level 1:colcon.colcon_core.package_identification:_identify(src) by extension 'colcon_meta'
[1.807s] Level 1:colcon.colcon_core.package_identification:_identify(src) by extensions ['ros']
[1.808s] Level 1:colcon.colcon_core.package_identification:_identify(src) by extension 'ros'
[1.808s] Level 1:colcon.colcon_core.package_identification:_identify(src) by extensions ['cmake', 'python']
[1.809s] Level 1:colcon.colcon_core.package_identification:_identify(src) by extension 'cmake'
[1.809s] Level 1:colcon.colcon_core.package_identification:_identify(src) by extension 'python'
[1.809s] Level 1:colcon.colcon_core.package_identification:_identify(src) by extensions ['python_setup_py']
[1.810s] Level 1:colcon.colcon_core.package_identification:_identify(src) by extension 'python_setup_py'
[1.810s] Level 1:colcon.colcon_core.package_identification:_identify(src/arduino_py_examples) by extensions ['ignore', 'ignore_ament_install']
[1.811s] Level 1:colcon.colcon_core.package_identification:_identify(src/arduino_py_examples) by extension 'ignore'
[1.811s] Level 1:colcon.colcon_core.package_identification:_identify(src/arduino_py_examples) by extension 'ignore_ament_install'
[1.812s] Level 1:colcon.colcon_core.package_identification:_identify(src/arduino_py_examples) by extensions ['colcon_pkg']
[1.812s] Level 1:colcon.colcon_core.package_identification:_identify(src/arduino_py_examples) by extension 'colcon_pkg'
[1.812s] Level 1:colcon.colcon_core.package_identification:_identify(src/arduino_py_examples) by extensions ['colcon_meta']
[1.812s] Level 1:colcon.colcon_core.package_identification:_identify(src/arduino_py_examples) by extension 'colcon_meta'
[1.813s] Level 1:colcon.colcon_core.package_identification:_identify(src/arduino_py_examples) by extensions ['ros']
[1.813s] Level 1:colcon.colcon_core.package_identification:_identify(src/arduino_py_examples) by extension 'ros'
[1.820s] DEBUG:colcon.colcon_core.package_identification:Package 'src/arduino_py_examples' with type 'ros.ament_python' and name 'arduino_py_examples'
[1.821s] Level 1:colcon.colcon_core.package_identification:_identify(src/arduinobot_cpp_examples) by extensions ['ignore', 'ignore_ament_install']
[1.821s] Level 1:colcon.colcon_core.package_identification:_identify(src/arduinobot_cpp_examples) by extension 'ignore'
[1.822s] Level 1:colcon.colcon_core.package_identification:_identify(src/arduinobot_cpp_examples) by extension 'ignore_ament_install'
[1.822s] Level 1:colcon.colcon_core.package_identification:_identify(src/arduinobot_cpp_examples) by extensions ['colcon_pkg']
[1.823s] Level 1:colcon.colcon_core.package_identification:_identify(src/arduinobot_cpp_examples) by extension 'colcon_pkg'
[1.824s] Level 1:colcon.colcon_core.package_identification:_identify(src/arduinobot_cpp_examples) by extensions ['colcon_meta']
[1.824s] Level 1:colcon.colcon_core.package_identification:_identify(src/arduinobot_cpp_examples) by extension 'colcon_meta'
[1.824s] Level 1:colcon.colcon_core.package_identification:_identify(src/arduinobot_cpp_examples) by extensions ['ros']
[1.825s] Level 1:colcon.colcon_core.package_identification:_identify(src/arduinobot_cpp_examples) by extension 'ros'
[1.827s] DEBUG:colcon.colcon_core.package_identification:Package 'src/arduinobot_cpp_examples' with type 'ros.ament_cmake' and name 'arduinobot_cpp_examples'
[1.828s] Level 1:colcon.colcon_core.package_identification:_identify(src/arduinobot_description) by extensions ['ignore', 'ignore_ament_install']
[1.828s] Level 1:colcon.colcon_core.package_identification:_identify(src/arduinobot_description) by extension 'ignore'
[1.829s] Level 1:colcon.colcon_core.package_identification:_identify(src/arduinobot_description) by extension 'ignore_ament_install'
[1.829s] Level 1:colcon.colcon_core.package_identification:_identify(src/arduinobot_description) by extensions ['colcon_pkg']
[1.829s] Level 1:colcon.colcon_core.package_identification:_identify(src/arduinobot_description) by extension 'colcon_pkg'
[1.830s] Level 1:colcon.colcon_core.package_identification:_identify(src/arduinobot_description) by extensions ['colcon_meta']
[1.830s] Level 1:colcon.colcon_core.package_identification:_identify(src/arduinobot_description) by extension 'colcon_meta'
[1.830s] Level 1:colcon.colcon_core.package_identification:_identify(src/arduinobot_description) by extensions ['ros']
[1.830s] Level 1:colcon.colcon_core.package_identification:_identify(src/arduinobot_description) by extension 'ros'
[1.831s] DEBUG:colcon.colcon_core.package_identification:Package 'src/arduinobot_description' with type 'ros.ament_cmake' and name 'arduinobot_description'
[1.832s] Level 1:colcon.colcon_core.package_discovery:discover_packages(recursive) using defaults
[1.832s] Level 1:colcon.colcon_core.package_discovery:discover_packages(ignore) discover
[1.832s] Level 1:colcon.colcon_core.package_discovery:discover_packages(ignore) using defaults
[1.832s] Level 1:colcon.colcon_core.package_discovery:discover_packages(path) discover
[1.832s] Level 1:colcon.colcon_core.package_discovery:discover_packages(path) using defaults
[1.915s] Level 1:colcon.colcon_core.package_discovery:discover_packages(prefix_path) check parameters
[1.915s] Level 1:colcon.colcon_core.package_discovery:discover_packages(prefix_path) discover
[1.935s] DEBUG:colcon.colcon_installed_package_information.package_discovery:Found 445 installed packages in /opt/ros/jazzy
[1.941s] Level 1:colcon.colcon_core.package_discovery:discover_packages(prefix_path) using defaults
[2.272s] Level 5:colcon.colcon_core.verb:set package 'arduino_py_examples' build argument 'cmake_args' from command line to 'None'
[2.273s] Level 5:colcon.colcon_core.verb:set package 'arduino_py_examples' build argument 'cmake_target' from command line to 'None'
[2.273s] Level 5:colcon.colcon_core.verb:set package 'arduino_py_examples' build argument 'cmake_target_skip_unavailable' from command line to 'False'
[2.273s] Level 5:colcon.colcon_core.verb:set package 'arduino_py_examples' build argument 'cmake_clean_cache' from command line to 'False'
[2.273s] Level 5:colcon.colcon_core.verb:set package 'arduino_py_examples' build argument 'cmake_clean_first' from command line to 'False'
[2.273s] Level 5:colcon.colcon_core.verb:set package 'arduino_py_examples' build argument 'cmake_force_configure' from command line to 'False'
[2.273s] Level 5:colcon.colcon_core.verb:set package 'arduino_py_examples' build argument 'ament_cmake_args' from command line to 'None'
[2.273s] Level 5:colcon.colcon_core.verb:set package 'arduino_py_examples' build argument 'catkin_cmake_args' from command line to 'None'
[2.273s] Level 5:colcon.colcon_core.verb:set package 'arduino_py_examples' build argument 'catkin_skip_building_tests' from command line to 'False'
[2.273s] DEBUG:colcon.colcon_core.verb:Building package 'arduino_py_examples' with the following arguments: {'ament_cmake_args': None, 'build_base': '/home/praful_pawar/arduinobot_ws/build/arduino_py_examples', 'catkin_cmake_args': None, 'catkin_skip_building_tests': False, 'cmake_args': None, 'cmake_clean_cache': False, 'cmake_clean_first': False, 'cmake_force_configure': False, 'cmake_target': None, 'cmake_target_skip_unavailable': False, 'install_base': '/home/praful_pawar/arduinobot_ws/install/arduino_py_examples', 'merge_install': False, 'path': '/home/praful_pawar/arduinobot_ws/src/arduino_py_examples', 'symlink_install': False, 'test_result_base': None}
[2.274s] Level 5:colcon.colcon_core.verb:set package 'arduinobot_cpp_examples' build argument 'cmake_args' from command line to 'None'
[2.274s] Level 5:colcon.colcon_core.verb:set package 'arduinobot_cpp_examples' build argument 'cmake_target' from command line to 'None'
[2.275s] Level 5:colcon.colcon_core.verb:set package 'arduinobot_cpp_examples' build argument 'cmake_target_skip_unavailable' from command line to 'False'
[2.275s] Level 5:colcon.colcon_core.verb:set package 'arduinobot_cpp_examples' build argument 'cmake_clean_cache' from command line to 'False'
[2.275s] Level 5:colcon.colcon_core.verb:set package 'arduinobot_cpp_examples' build argument 'cmake_clean_first' from command line to 'False'
[2.275s] Level 5:colcon.colcon_core.verb:set package 'arduinobot_cpp_examples' build argument 'cmake_force_configure' from command line to 'False'
[2.275s] Level 5:colcon.colcon_core.verb:set package 'arduinobot_cpp_examples' build argument 'ament_cmake_args' from command line to 'None'
[2.275s] Level 5:colcon.colcon_core.verb:set package 'arduinobot_cpp_examples' build argument 'catkin_cmake_args' from command line to 'None'
[2.275s] Level 5:colcon.colcon_core.verb:set package 'arduinobot_cpp_examples' build argument 'catkin_skip_building_tests' from command line to 'False'
[2.275s] DEBUG:colcon.colcon_core.verb:Building package 'arduinobot_cpp_examples' with the following arguments: {'ament_cmake_args': None, 'build_base': '/home/praful_pawar/arduinobot_ws/build/arduinobot_cpp_examples', 'catkin_cmake_args': None, 'catkin_skip_building_tests': False, 'cmake_args': None, 'cmake_clean_cache': False, 'cmake_clean_first': False, 'cmake_force_configure': False, 'cmake_target': None, 'cmake_target_skip_unavailable': False, 'install_base': '/home/praful_pawar/arduinobot_ws/install/arduinobot_cpp_examples', 'merge_install': False, 'path': '/home/praful_pawar/arduinobot_ws/src/arduinobot_cpp_examples', 'symlink_install': False, 'test_result_base': None}
[2.276s] Level 5:colcon.colcon_core.verb:set package 'arduinobot_description' build argument 'cmake_args' from command line to 'None'
[2.276s] Level 5:colcon.colcon_core.verb:set package 'arduinobot_description' build argument 'cmake_target' from command line to 'None'
[2.276s] Level 5:colcon.colcon_core.verb:set package 'arduinobot_description' build argument 'cmake_target_skip_unavailable' from command line to 'False'
[2.276s] Level 5:colcon.colcon_core.verb:set package 'arduinobot_description' build argument 'cmake_clean_cache' from command line to 'False'
[2.276s] Level 5:colcon.colcon_core.verb:set package 'arduinobot_description' build argument 'cmake_clean_first' from command line to 'False'
[2.277s] Level 5:colcon.colcon_core.verb:set package 'arduinobot_description' build argument 'cmake_force_configure' from command line to 'False'
[2.277s] Level 5:colcon.colcon_core.verb:set package 'arduinobot_description' build argument 'ament_cmake_args' from command line to 'None'
[2.277s] Level 5:colcon.colcon_core.verb:set package 'arduinobot_description' build argument 'catkin_cmake_args' from command line to 'None'
[2.277s] Level 5:colcon.colcon_core.verb:set package 'arduinobot_description' build argument 'catkin_skip_building_tests' from command line to 'False'
[2.277s] DEBUG:colcon.colcon_core.verb:Building package 'arduinobot_description' with the following arguments: {'ament_cmake_args': None, 'build_base': '/home/praful_pawar/arduinobot_ws/build/arduinobot_description', 'catkin_cmake_args': None, 'catkin_skip_building_tests': False, 'cmake_args': None, 'cmake_clean_cache': False, 'cmake_clean_first': False, 'cmake_force_configure': False, 'cmake_target': None, 'cmake_target_skip_unavailable': False, 'install_base': '/home/praful_pawar/arduinobot_ws/install/arduinobot_description', 'merge_install': False, 'path': '/home/praful_pawar/arduinobot_ws/src/arduinobot_description', 'symlink_install': False, 'test_result_base': None}
[2.278s] INFO:colcon.colcon_core.executor:Executing jobs using 'parallel' executor
[2.281s] DEBUG:colcon.colcon_parallel_executor.executor.parallel:run_until_complete
[2.282s] INFO:colcon.colcon_ros.task.ament_python.build:Building ROS package in '/home/praful_pawar/arduinobot_ws/src/arduino_py_examples' with build type 'ament_python'
[2.284s] Level 1:colcon.colcon_core.shell:create_environment_hook('arduino_py_examples', 'ament_prefix_path')
[2.306s] INFO:colcon.colcon_core.plugin_system:Skipping extension 'colcon_core.shell.bat': Not used on non-Windows systems
[2.307s] INFO:colcon.colcon_core.shell:Creating environment hook '/home/praful_pawar/arduinobot_ws/install/arduino_py_examples/share/arduino_py_examples/hook/ament_prefix_path.ps1'
[2.310s] INFO:colcon.colcon_core.shell:Creating environment descriptor '/home/praful_pawar/arduinobot_ws/install/arduino_py_examples/share/arduino_py_examples/hook/ament_prefix_path.dsv'
[2.313s] INFO:colcon.colcon_core.shell:Creating environment hook '/home/praful_pawar/arduinobot_ws/install/arduino_py_examples/share/arduino_py_examples/hook/ament_prefix_path.sh'
[2.318s] INFO:colcon.colcon_core.shell:Skip shell extension 'powershell' for command environment: Not usable outside of PowerShell
[2.320s] DEBUG:colcon.colcon_core.shell:Skip shell extension 'dsv' for command environment
[2.332s] INFO:colcon.colcon_ros.task.ament_cmake.build:Building ROS package in '/home/praful_pawar/arduinobot_ws/src/arduinobot_cpp_examples' with build type 'ament_cmake'
[2.333s] INFO:colcon.colcon_cmake.task.cmake.build:Building CMake package in '/home/praful_pawar/arduinobot_ws/src/arduinobot_cpp_examples'
[2.334s] INFO:colcon.colcon_core.shell:Skip shell extension 'powershell' for command environment: Not usable outside of PowerShell
[2.335s] DEBUG:colcon.colcon_core.shell:Skip shell extension 'dsv' for command environment
[2.351s] INFO:colcon.colcon_ros.task.ament_cmake.build:Building ROS package in '/home/praful_pawar/arduinobot_ws/src/arduinobot_description' with build type 'ament_cmake'
[2.352s] INFO:colcon.colcon_cmake.task.cmake.build:Building CMake package in '/home/praful_pawar/arduinobot_ws/src/arduinobot_description'
[2.354s] INFO:colcon.colcon_core.shell:Skip shell extension 'powershell' for command environment: Not usable outside of PowerShell
[2.355s] DEBUG:colcon.colcon_core.shell:Skip shell extension 'dsv' for command environment
[3.300s] INFO:colcon.colcon_core.task.python.build:Building Python package in '/home/praful_pawar/arduinobot_ws/src/arduino_py_examples'
[3.301s] INFO:colcon.colcon_core.shell:Skip shell extension 'powershell' for command environment: Not usable outside of PowerShell
[3.301s] DEBUG:colcon.colcon_core.shell:Skip shell extension 'dsv' for command environment
[3.341s] DEBUG:colcon.colcon_core.event_handler.log_command:Invoking command in '/home/praful_pawar/arduinobot_ws/build/arduinobot_cpp_examples': CMAKE_PREFIX_PATH=${CMAKE_PREFIX_PATH}:/opt/ros/jazzy /usr/bin/cmake --build /home/praful_pawar/arduinobot_ws/build/arduinobot_cpp_examples -- -j8 -l8
[3.378s] DEBUG:colcon.colcon_core.event_handler.log_command:Invoking command in '/home/praful_pawar/arduinobot_ws/build/arduinobot_description': CMAKE_PREFIX_PATH=${CMAKE_PREFIX_PATH}:/opt/ros/jazzy /usr/bin/cmake --build /home/praful_pawar/arduinobot_ws/build/arduinobot_description -- -j8 -l8
[3.706s] DEBUG:colcon.colcon_core.event_handler.log_command:Invoked command in '/home/praful_pawar/arduinobot_ws/build/arduinobot_description' returned '0': CMAKE_PREFIX_PATH=${CMAKE_PREFIX_PATH}:/opt/ros/jazzy /usr/bin/cmake --build /home/praful_pawar/arduinobot_ws/build/arduinobot_description -- -j8 -l8
[3.771s] DEBUG:colcon.colcon_core.event_handler.log_command:Invoking command in '/home/praful_pawar/arduinobot_ws/build/arduinobot_description': CMAKE_PREFIX_PATH=${CMAKE_PREFIX_PATH}:/opt/ros/jazzy /usr/bin/cmake --install /home/praful_pawar/arduinobot_ws/build/arduinobot_description
[3.848s] Level 1:colcon.colcon_core.environment:create_environment_scripts_only(arduinobot_description)
[3.887s] DEBUG:colcon.colcon_core.event_handler.log_command:Invoked command in '/home/praful_pawar/arduinobot_ws/build/arduinobot_description' returned '0': CMAKE_PREFIX_PATH=${CMAKE_PREFIX_PATH}:/opt/ros/jazzy /usr/bin/cmake --install /home/praful_pawar/arduinobot_ws/build/arduinobot_description
[3.987s] Level 1:colcon.colcon_core.environment:checking '/home/praful_pawar/arduinobot_ws/install/arduinobot_description' for CMake module files
[3.991s] Level 1:colcon.colcon_core.environment:checking '/home/praful_pawar/arduinobot_ws/install/arduinobot_description' for CMake config files
[3.993s] Level 1:colcon.colcon_core.shell:create_environment_hook('arduinobot_description', 'cmake_prefix_path')
[3.994s] INFO:colcon.colcon_core.shell:Creating environment hook '/home/praful_pawar/arduinobot_ws/install/arduinobot_description/share/arduinobot_description/hook/cmake_prefix_path.ps1'
[3.996s] INFO:colcon.colcon_core.shell:Creating environment descriptor '/home/praful_pawar/arduinobot_ws/install/arduinobot_description/share/arduinobot_description/hook/cmake_prefix_path.dsv'
[3.999s] INFO:colcon.colcon_core.shell:Creating environment hook '/home/praful_pawar/arduinobot_ws/install/arduinobot_description/share/arduinobot_description/hook/cmake_prefix_path.sh'
[4.011s] Level 1:colcon.colcon_core.environment:checking '/home/praful_pawar/arduinobot_ws/install/arduinobot_description/bin'
[4.011s] Level 1:colcon.colcon_core.environment:checking '/home/praful_pawar/arduinobot_ws/install/arduinobot_description/lib/pkgconfig/arduinobot_description.pc'
[4.012s] Level 1:colcon.colcon_core.environment:checking '/home/praful_pawar/arduinobot_ws/install/arduinobot_description/lib/python3.12/site-packages'
[4.014s] Level 1:colcon.colcon_core.environment:checking '/home/praful_pawar/arduinobot_ws/install/arduinobot_description/bin'
[4.015s] INFO:colcon.colcon_core.shell:Creating package script '/home/praful_pawar/arduinobot_ws/install/arduinobot_description/share/arduinobot_description/package.ps1'
[4.025s] INFO:colcon.colcon_core.shell:Creating package descriptor '/home/praful_pawar/arduinobot_ws/install/arduinobot_description/share/arduinobot_description/package.dsv'
[4.035s] INFO:colcon.colcon_core.shell:Creating package script '/home/praful_pawar/arduinobot_ws/install/arduinobot_description/share/arduinobot_description/package.sh'
[4.041s] INFO:colcon.colcon_core.shell:Creating package script '/home/praful_pawar/arduinobot_ws/install/arduinobot_description/share/arduinobot_description/package.bash'
[4.049s] INFO:colcon.colcon_core.shell:Creating package script '/home/praful_pawar/arduinobot_ws/install/arduinobot_description/share/arduinobot_description/package.zsh'
[4.059s] Level 1:colcon.colcon_core.environment:create_file_with_runtime_dependencies(/home/praful_pawar/arduinobot_ws/install/arduinobot_description/share/colcon-core/packages/arduinobot_description)
[4.061s] Level 1:colcon.colcon_core.environment:create_environment_scripts_only(arduinobot_description)
[4.062s] Level 1:colcon.colcon_core.environment:checking '/home/praful_pawar/arduinobot_ws/install/arduinobot_description' for CMake module files
[4.065s] Level 1:colcon.colcon_core.environment:checking '/home/praful_pawar/arduinobot_ws/install/arduinobot_description' for CMake config files
[4.068s] Level 1:colcon.colcon_core.shell:create_environment_hook('arduinobot_description', 'cmake_prefix_path')
[4.070s] INFO:colcon.colcon_core.shell:Creating environment hook '/home/praful_pawar/arduinobot_ws/install/arduinobot_description/share/arduinobot_description/hook/cmake_prefix_path.ps1'
[4.077s] INFO:colcon.colcon_core.shell:Creating environment descriptor '/home/praful_pawar/arduinobot_ws/install/arduinobot_description/share/arduinobot_description/hook/cmake_prefix_path.dsv'
[4.078s] INFO:colcon.colcon_core.shell:Creating environment hook '/home/praful_pawar/arduinobot_ws/install/arduinobot_description/share/arduinobot_description/hook/cmake_prefix_path.sh'
[4.081s] Level 1:colcon.colcon_core.environment:checking '/home/praful_pawar/arduinobot_ws/install/arduinobot_description/bin'
[4.081s] Level 1:colcon.colcon_core.environment:checking '/home/praful_pawar/arduinobot_ws/install/arduinobot_description/lib/pkgconfig/arduinobot_description.pc'
[4.084s] Level 1:colcon.colcon_core.environment:checking '/home/praful_pawar/arduinobot_ws/install/arduinobot_description/lib/python3.12/site-packages'
[4.090s] Level 1:colcon.colcon_core.environment:checking '/home/praful_pawar/arduinobot_ws/install/arduinobot_description/bin'
[4.093s] INFO:colcon.colcon_core.shell:Creating package script '/home/praful_pawar/arduinobot_ws/install/arduinobot_description/share/arduinobot_description/package.ps1'
[4.096s] INFO:colcon.colcon_core.shell:Creating package descriptor '/home/praful_pawar/arduinobot_ws/install/arduinobot_description/share/arduinobot_description/package.dsv'
[4.098s] INFO:colcon.colcon_core.shell:Creating package script '/home/praful_pawar/arduinobot_ws/install/arduinobot_description/share/arduinobot_description/package.sh'
[4.101s] INFO:colcon.colcon_core.shell:Creating package script '/home/praful_pawar/arduinobot_ws/install/arduinobot_description/share/arduinobot_description/package.bash'
[4.109s] INFO:colcon.colcon_core.shell:Creating package script '/home/praful_pawar/arduinobot_ws/install/arduinobot_description/share/arduinobot_description/package.zsh'
[4.111s] Level 1:colcon.colcon_core.environment:create_file_with_runtime_dependencies(/home/praful_pawar/arduinobot_ws/install/arduinobot_description/share/colcon-core/packages/arduinobot_description)
[4.162s] DEBUG:colcon.colcon_core.event_handler.log_command:Invoked command in '/home/praful_pawar/arduinobot_ws/build/arduinobot_cpp_examples' returned '0': CMAKE_PREFIX_PATH=${CMAKE_PREFIX_PATH}:/opt/ros/jazzy /usr/bin/cmake --build /home/praful_pawar/arduinobot_ws/build/arduinobot_cpp_examples -- -j8 -l8
[4.176s] DEBUG:colcon.colcon_core.event_handler.log_command:Invoking command in '/home/praful_pawar/arduinobot_ws/build/arduinobot_cpp_examples': CMAKE_PREFIX_PATH=${CMAKE_PREFIX_PATH}:/opt/ros/jazzy /usr/bin/cmake --install /home/praful_pawar/arduinobot_ws/build/arduinobot_cpp_examples
[4.234s] Level 1:colcon.colcon_core.environment:create_environment_scripts_only(arduinobot_cpp_examples)
[4.234s] Level 1:colcon.colcon_core.environment:checking '/home/praful_pawar/arduinobot_ws/install/arduinobot_cpp_examples' for CMake module files
[4.237s] Level 1:colcon.colcon_core.environment:checking '/home/praful_pawar/arduinobot_ws/install/arduinobot_cpp_examples' for CMake config files
[4.239s] DEBUG:colcon.colcon_core.event_handler.log_command:Invoked command in '/home/praful_pawar/arduinobot_ws/build/arduinobot_cpp_examples' returned '0': CMAKE_PREFIX_PATH=${CMAKE_PREFIX_PATH}:/opt/ros/jazzy /usr/bin/cmake --install /home/praful_pawar/arduinobot_ws/build/arduinobot_cpp_examples
[4.244s] Level 1:colcon.colcon_core.shell:create_environment_hook('arduinobot_cpp_examples', 'cmake_prefix_path')
[4.245s] INFO:colcon.colcon_core.shell:Creating environment hook '/home/praful_pawar/arduinobot_ws/install/arduinobot_cpp_examples/share/arduinobot_cpp_examples/hook/cmake_prefix_path.ps1'
[4.249s] INFO:colcon.colcon_core.shell:Creating environment descriptor '/home/praful_pawar/arduinobot_ws/install/arduinobot_cpp_examples/share/arduinobot_cpp_examples/hook/cmake_prefix_path.dsv'
[4.252s] INFO:colcon.colcon_core.shell:Creating environment hook '/home/praful_pawar/arduinobot_ws/install/arduinobot_cpp_examples/share/arduinobot_cpp_examples/hook/cmake_prefix_path.sh'
[4.254s] Level 1:colcon.colcon_core.environment:checking '/home/praful_pawar/arduinobot_ws/install/arduinobot_cpp_examples/lib'
[4.255s] Level 1:colcon.colcon_core.environment:checking '/home/praful_pawar/arduinobot_ws/install/arduinobot_cpp_examples/bin'
[4.256s] Level 1:colcon.colcon_core.environment:checking '/home/praful_pawar/arduinobot_ws/install/arduinobot_cpp_examples/lib/pkgconfig/arduinobot_cpp_examples.pc'
[4.257s] Level 1:colcon.colcon_core.environment:checking '/home/praful_pawar/arduinobot_ws/install/arduinobot_cpp_examples/lib/python3.12/site-packages'
[4.262s] Level 1:colcon.colcon_core.environment:checking '/home/praful_pawar/arduinobot_ws/install/arduinobot_cpp_examples/bin'
[4.267s] INFO:colcon.colcon_core.shell:Creating package script '/home/praful_pawar/arduinobot_ws/install/arduinobot_cpp_examples/share/arduinobot_cpp_examples/package.ps1'
[4.270s] INFO:colcon.colcon_core.shell:Creating package descriptor '/home/praful_pawar/arduinobot_ws/install/arduinobot_cpp_examples/share/arduinobot_cpp_examples/package.dsv'
[4.272s] INFO:colcon.colcon_core.shell:Creating package script '/home/praful_pawar/arduinobot_ws/install/arduinobot_cpp_examples/share/arduinobot_cpp_examples/package.sh'
[4.274s] INFO:colcon.colcon_core.shell:Creating package script '/home/praful_pawar/arduinobot_ws/install/arduinobot_cpp_examples/share/arduinobot_cpp_examples/package.bash'
[4.288s] INFO:colcon.colcon_core.shell:Creating package script '/home/praful_pawar/arduinobot_ws/install/arduinobot_cpp_examples/share/arduinobot_cpp_examples/package.zsh'
[4.291s] Level 1:colcon.colcon_core.environment:create_file_with_runtime_dependencies(/home/praful_pawar/arduinobot_ws/install/arduinobot_cpp_examples/share/colcon-core/packages/arduinobot_cpp_examples)
[4.293s] Level 1:colcon.colcon_core.environment:create_environment_scripts_only(arduinobot_cpp_examples)
[4.294s] Level 1:colcon.colcon_core.environment:checking '/home/praful_pawar/arduinobot_ws/install/arduinobot_cpp_examples' for CMake module files
[4.297s] Level 1:colcon.colcon_core.environment:checking '/home/praful_pawar/arduinobot_ws/install/arduinobot_cpp_examples' for CMake config files
[4.298s] Level 1:colcon.colcon_core.shell:create_environment_hook('arduinobot_cpp_examples', 'cmake_prefix_path')
[4.299s] INFO:colcon.colcon_core.shell:Creating environment hook '/home/praful_pawar/arduinobot_ws/install/arduinobot_cpp_examples/share/arduinobot_cpp_examples/hook/cmake_prefix_path.ps1'
[4.308s] INFO:colcon.colcon_core.shell:Creating environment descriptor '/home/praful_pawar/arduinobot_ws/install/arduinobot_cpp_examples/share/arduinobot_cpp_examples/hook/cmake_prefix_path.dsv'
[4.310s] INFO:colcon.colcon_core.shell:Creating environment hook '/home/praful_pawar/arduinobot_ws/install/arduinobot_cpp_examples/share/arduinobot_cpp_examples/hook/cmake_prefix_path.sh'
[4.313s] Level 1:colcon.colcon_core.environment:checking '/home/praful_pawar/arduinobot_ws/install/arduinobot_cpp_examples/lib'
[4.313s] Level 1:colcon.colcon_core.environment:checking '/home/praful_pawar/arduinobot_ws/install/arduinobot_cpp_examples/bin'
[4.314s] Level 1:colcon.colcon_core.environment:checking '/home/praful_pawar/arduinobot_ws/install/arduinobot_cpp_examples/lib/pkgconfig/arduinobot_cpp_examples.pc'
[4.314s] Level 1:colcon.colcon_core.environment:checking '/home/praful_pawar/arduinobot_ws/install/arduinobot_cpp_examples/lib/python3.12/site-packages'
[4.315s] Level 1:colcon.colcon_core.environment:checking '/home/praful_pawar/arduinobot_ws/install/arduinobot_cpp_examples/bin'
[4.317s] INFO:colcon.colcon_core.shell:Creating package script '/home/praful_pawar/arduinobot_ws/install/arduinobot_cpp_examples/share/arduinobot_cpp_examples/package.ps1'
[4.324s] INFO:colcon.colcon_core.shell:Creating package descriptor '/home/praful_pawar/arduinobot_ws/install/arduinobot_cpp_examples/share/arduinobot_cpp_examples/package.dsv'
[4.328s] INFO:colcon.colcon_core.shell:Creating package script '/home/praful_pawar/arduinobot_ws/install/arduinobot_cpp_examples/share/arduinobot_cpp_examples/package.sh'
[4.330s] INFO:colcon.colcon_core.shell:Creating package script '/home/praful_pawar/arduinobot_ws/install/arduinobot_cpp_examples/share/arduinobot_cpp_examples/package.bash'
[4.332s] INFO:colcon.colcon_core.shell:Creating package script '/home/praful_pawar/arduinobot_ws/install/arduinobot_cpp_examples/share/arduinobot_cpp_examples/package.zsh'
[4.335s] Level 1:colcon.colcon_core.environment:create_file_with_runtime_dependencies(/home/praful_pawar/arduinobot_ws/install/arduinobot_cpp_examples/share/colcon-core/packages/arduinobot_cpp_examples)
[9.038s] DEBUG:colcon.colcon_core.event_handler.log_command:Invoking command in '/home/praful_pawar/arduinobot_ws/src/arduino_py_examples': PYTHONPATH=/home/praful_pawar/arduinobot_ws/build/arduino_py_examples/prefix_override:/usr/lib/python3/dist-packages/colcon_core/task/python/colcon_distutils_commands:/home/praful_pawar/arduinobot_ws/install/arduino_py_examples/lib/python3.12/site-packages:${PYTHONPATH} /usr/bin/python3 -W ignore:setup.py install is deprecated -W ignore:easy_install command is deprecated setup.py egg_info --egg-base ../../build/arduino_py_examples build --build-base /home/praful_pawar/arduinobot_ws/build/arduino_py_examples/build install --record /home/praful_pawar/arduinobot_ws/build/arduino_py_examples/install.log --single-version-externally-managed install_data
[12.891s] Level 1:colcon.colcon_core.environment:checking '/home/praful_pawar/arduinobot_ws/install/arduino_py_examples' for CMake module files
[12.893s] DEBUG:colcon.colcon_core.event_handler.log_command:Invoked command in '/home/praful_pawar/arduinobot_ws/src/arduino_py_examples' returned '0': PYTHONPATH=/home/praful_pawar/arduinobot_ws/build/arduino_py_examples/prefix_override:/usr/lib/python3/dist-packages/colcon_core/task/python/colcon_distutils_commands:/home/praful_pawar/arduinobot_ws/install/arduino_py_examples/lib/python3.12/site-packages:${PYTHONPATH} /usr/bin/python3 -W ignore:setup.py install is deprecated -W ignore:easy_install command is deprecated setup.py egg_info --egg-base ../../build/arduino_py_examples build --build-base /home/praful_pawar/arduinobot_ws/build/arduino_py_examples/build install --record /home/praful_pawar/arduinobot_ws/build/arduino_py_examples/install.log --single-version-externally-managed install_data
[12.895s] Level 1:colcon.colcon_core.environment:checking '/home/praful_pawar/arduinobot_ws/install/arduino_py_examples' for CMake config files
[12.897s] Level 1:colcon.colcon_core.environment:checking '/home/praful_pawar/arduinobot_ws/install/arduino_py_examples/lib'
[12.898s] Level 1:colcon.colcon_core.environment:checking '/home/praful_pawar/arduinobot_ws/install/arduino_py_examples/bin'
[12.898s] Level 1:colcon.colcon_core.environment:checking '/home/praful_pawar/arduinobot_ws/install/arduino_py_examples/lib/pkgconfig/arduino_py_examples.pc'
[12.899s] Level 1:colcon.colcon_core.environment:checking '/home/praful_pawar/arduinobot_ws/install/arduino_py_examples/lib/python3.12/site-packages'
[12.899s] Level 1:colcon.colcon_core.shell:create_environment_hook('arduino_py_examples', 'pythonpath')
[12.911s] INFO:colcon.colcon_core.shell:Creating environment hook '/home/praful_pawar/arduinobot_ws/install/arduino_py_examples/share/arduino_py_examples/hook/pythonpath.ps1'
[12.913s] INFO:colcon.colcon_core.shell:Creating environment descriptor '/home/praful_pawar/arduinobot_ws/install/arduino_py_examples/share/arduino_py_examples/hook/pythonpath.dsv'
[12.915s] INFO:colcon.colcon_core.shell:Creating environment hook '/home/praful_pawar/arduinobot_ws/install/arduino_py_examples/share/arduino_py_examples/hook/pythonpath.sh'
[12.928s] Level 1:colcon.colcon_core.environment:checking '/home/praful_pawar/arduinobot_ws/install/arduino_py_examples/bin'
[12.928s] Level 1:colcon.colcon_core.environment:create_environment_scripts_only(arduino_py_examples)
[12.929s] INFO:colcon.colcon_core.shell:Creating package script '/home/praful_pawar/arduinobot_ws/install/arduino_py_examples/share/arduino_py_examples/package.ps1'
[12.931s] INFO:colcon.colcon_core.shell:Creating package descriptor '/home/praful_pawar/arduinobot_ws/install/arduino_py_examples/share/arduino_py_examples/package.dsv'
[12.943s] INFO:colcon.colcon_core.shell:Creating package script '/home/praful_pawar/arduinobot_ws/install/arduino_py_examples/share/arduino_py_examples/package.sh'
[12.960s] INFO:colcon.colcon_core.shell:Creating package script '/home/praful_pawar/arduinobot_ws/install/arduino_py_examples/share/arduino_py_examples/package.bash'
[12.963s] INFO:colcon.colcon_core.shell:Creating package script '/home/praful_pawar/arduinobot_ws/install/arduino_py_examples/share/arduino_py_examples/package.zsh'
[12.976s] Level 1:colcon.colcon_core.environment:create_file_with_runtime_dependencies(/home/praful_pawar/arduinobot_ws/install/arduino_py_examples/share/colcon-core/packages/arduino_py_examples)
[12.977s] DEBUG:colcon.colcon_parallel_executor.executor.parallel:closing loop
[12.979s] DEBUG:colcon.colcon_parallel_executor.executor.parallel:loop closed
[12.980s] DEBUG:colcon.colcon_parallel_executor.executor.parallel:run_until_complete finished with '0'
[12.981s] DEBUG:colcon.colcon_core.event_reactor:joining thread
[15.285s] INFO:colcon.colcon_core.plugin_system:Skipping extension 'colcon_notification.desktop_notification.notify_send': Could not find 'notify-send'
[15.286s] INFO:colcon.colcon_core.plugin_system:Skipping extension 'colcon_notification.desktop_notification.terminal_notifier': Not used on non-Darwin systems
[15.286s] INFO:colcon.colcon_core.plugin_system:Skipping extension 'colcon_notification.desktop_notification.win32': Not used on non-Windows systems
[15.287s] INFO:colcon.colcon_notification.desktop_notification:Sending desktop notification using 'notify2'
[15.290s] DEBUG:colcon.colcon_notification.desktop_notification.notify2:Failed to initialize notify2: org.freedesktop.DBus.Error.ServiceUnknown: The name org.freedesktop.Notifications was not provided by any .service files
[15.291s] DEBUG:colcon.colcon_core.event_reactor:joined thread
[15.292s] INFO:colcon.colcon_core.shell:Creating prefix script '/home/praful_pawar/arduinobot_ws/install/local_setup.ps1'
[15.296s] INFO:colcon.colcon_core.shell:Creating prefix util module '/home/praful_pawar/arduinobot_ws/install/_local_setup_util_ps1.py'
[15.307s] INFO:colcon.colcon_core.shell:Creating prefix chain script '/home/praful_pawar/arduinobot_ws/install/setup.ps1'
[15.321s] INFO:colcon.colcon_core.shell:Creating prefix script '/home/praful_pawar/arduinobot_ws/install/local_setup.sh'
[15.326s] INFO:colcon.colcon_core.shell:Creating prefix util module '/home/praful_pawar/arduinobot_ws/install/_local_setup_util_sh.py'
[15.328s] INFO:colcon.colcon_core.shell:Creating prefix chain script '/home/praful_pawar/arduinobot_ws/install/setup.sh'
[15.334s] INFO:colcon.colcon_core.shell:Creating prefix script '/home/praful_pawar/arduinobot_ws/install/local_setup.bash'
[15.349s] INFO:colcon.colcon_core.shell:Creating prefix chain script '/home/praful_pawar/arduinobot_ws/install/setup.bash'
[15.360s] INFO:colcon.colcon_core.shell:Creating prefix script '/home/praful_pawar/arduinobot_ws/install/local_setup.zsh'
[15.363s] INFO:colcon.colcon_core.shell:Creating prefix chain script '/home/praful_pawar/arduinobot_ws/install/setup.zsh'
