[1.680s] Invoking command in '/home/praful_pawar/arduinobot_ws/src/arduino_py_examples': PYTHONPATH=/home/praful_pawar/arduinobot_ws/build/arduino_py_examples/prefix_override:/usr/lib/python3/dist-packages/colcon_core/task/python/colcon_distutils_commands:/home/praful_pawar/arduinobot_ws/install/arduino_py_examples/lib/python3.12/site-packages:${PYTHONPATH} /usr/bin/python3 -W ignore:setup.py install is deprecated -W ignore:easy_install command is deprecated setup.py egg_info --egg-base ../../build/arduino_py_examples build --build-base /home/praful_pawar/arduinobot_ws/build/arduino_py_examples/build install --record /home/praful_pawar/arduinobot_ws/build/arduino_py_examples/install.log --single-version-externally-managed install_data
[2.059s] running egg_info
[2.086s] writing ../../build/arduino_py_examples/arduino_py_examples.egg-info/PKG-INFO
[2.088s] writing dependency_links to ../../build/arduino_py_examples/arduino_py_examples.egg-info/dependency_links.txt
[2.088s] writing entry points to ../../build/arduino_py_examples/arduino_py_examples.egg-info/entry_points.txt
[2.088s] writing requirements to ../../build/arduino_py_examples/arduino_py_examples.egg-info/requires.txt
[2.089s] writing top-level names to ../../build/arduino_py_examples/arduino_py_examples.egg-info/top_level.txt
[2.147s] reading manifest file '../../build/arduino_py_examples/arduino_py_examples.egg-info/SOURCES.txt'
[2.148s] writing manifest file '../../build/arduino_py_examples/arduino_py_examples.egg-info/SOURCES.txt'
[2.149s] running build
[2.149s] running build_py
[2.150s] running install
[2.157s] running install_lib
[2.186s] running install_data
[2.187s] running install_egg_info
[2.212s] removing '/home/praful_pawar/arduinobot_ws/install/arduino_py_examples/lib/python3.12/site-packages/arduino_py_examples-0.0.0-py3.12.egg-info' (and everything under it)
[2.213s] Copying ../../build/arduino_py_examples/arduino_py_examples.egg-info to /home/praful_pawar/arduinobot_ws/install/arduino_py_examples/lib/python3.12/site-packages/arduino_py_examples-0.0.0-py3.12.egg-info
[2.216s] running install_scripts
[2.396s] Installing simple_parameter script to /home/praful_pawar/arduinobot_ws/install/arduino_py_examples/lib/arduino_py_examples
[2.396s] Installing simple_publisher script to /home/praful_pawar/arduinobot_ws/install/arduino_py_examples/lib/arduino_py_examples
[2.397s] Installing simple_subscriber script to /home/praful_pawar/arduinobot_ws/install/arduino_py_examples/lib/arduino_py_examples
[2.397s] writing list of installed files to '/home/praful_pawar/arduinobot_ws/build/arduino_py_examples/install.log'
[2.440s] Invoked command in '/home/praful_pawar/arduinobot_ws/src/arduino_py_examples' returned '0': PYTHONPATH=/home/praful_pawar/arduinobot_ws/build/arduino_py_examples/prefix_override:/usr/lib/python3/dist-packages/colcon_core/task/python/colcon_distutils_commands:/home/praful_pawar/arduinobot_ws/install/arduino_py_examples/lib/python3.12/site-packages:${PYTHONPATH} /usr/bin/python3 -W ignore:setup.py install is deprecated -W ignore:easy_install command is deprecated setup.py egg_info --egg-base ../../build/arduino_py_examples build --build-base /home/praful_pawar/arduinobot_ws/build/arduino_py_examples/build install --record /home/praful_pawar/arduinobot_ws/build/arduino_py_examples/install.log --single-version-externally-managed install_data
